{"op_code":0,"worker_id":"919d8dea-63a4-40ba-9125-e89030bb76d9-140072217405248","study_name":"gsau_tune_01","directions":[2]}
{"op_code":4,"worker_id":"919d8dea-63a4-40ba-9125-e89030bb76d9-140072217405248","study_id":0,"datetime_start":"2026-01-18T08:24:48.166921"}
{"op_code":5,"worker_id":"919d8dea-63a4-40ba-9125-e89030bb76d9-140072217405248","trial_id":0,"param_name":"n_layers","param_value_internal":1.0,"distribution":"{\"name\": \"IntDistribution\", \"attributes\": {\"log\": false, \"step\": 1, \"low\": 1, \"high\": 4}}"}
{"op_code":6,"worker_id":"919d8dea-63a4-40ba-9125-e89030bb76d9-140072217405248","trial_id":0,"state":3,"values":null,"datetime_complete":"2026-01-18T08:24:48.170260"}
{"op_code":0,"worker_id":"f9ac7597-22d9-4687-a0fc-e35c7f6efdb2-139759509796672","study_name":"gsau_tune_01","directions":[2]}
{"op_code":4,"worker_id":"f9ac7597-22d9-4687-a0fc-e35c7f6efdb2-139759509796672","study_id":0,"datetime_start":"2026-01-18T08:25:29.387866"}
{"op_code":5,"worker_id":"f9ac7597-22d9-4687-a0fc-e35c7f6efdb2-139759509796672","trial_id":1,"param_name":"n_layers","param_value_internal":4.0,"distribution":"{\"name\": \"IntDistribution\", \"attributes\": {\"log\": false, \"step\": 1, \"low\": 1, \"high\": 4}}"}
{"op_code":5,"worker_id":"f9ac7597-22d9-4687-a0fc-e35c7f6efdb2-139759509796672","trial_id":1,"param_name":"n_heads","param_value_internal":2,"distribution":"{\"name\": \"CategoricalDistribution\", \"attributes\": {\"choices\": [1, 2, 4, 8]}}"}
{"op_code":5,"worker_id":"f9ac7597-22d9-4687-a0fc-e35c7f6efdb2-139759509796672","trial_id":1,"param_name":"hidden_size","param_value_internal":1,"distribution":"{\"name\": \"CategoricalDistribution\", \"attributes\": {\"choices\": [32, 64, 128, 256]}}"}
{"op_code":5,"worker_id":"f9ac7597-22d9-4687-a0fc-e35c7f6efdb2-139759509796672","trial_id":1,"param_name":"inner_size","param_value_internal":2,"distribution":"{\"name\": \"CategoricalDistribution\", \"attributes\": {\"choices\": [128, 256, 512, 1024]}}"}
{"op_code":5,"worker_id":"f9ac7597-22d9-4687-a0fc-e35c7f6efdb2-139759509796672","trial_id":1,"param_name":"hidden_dropout_prob","param_value_internal":0.4,"distribution":"{\"name\": \"FloatDistribution\", \"attributes\": {\"step\": 0.1, \"low\": 0.0, \"high\": 0.7, \"log\": false}}"}
{"op_code":5,"worker_id":"f9ac7597-22d9-4687-a0fc-e35c7f6efdb2-139759509796672","trial_id":1,"param_name":"attn_dropout_prob","param_value_internal":0.6000000000000001,"distribution":"{\"name\": \"FloatDistribution\", \"attributes\": {\"step\": 0.1, \"low\": 0.0, \"high\": 0.7, \"log\": false}}"}
{"op_code":5,"worker_id":"f9ac7597-22d9-4687-a0fc-e35c7f6efdb2-139759509796672","trial_id":1,"param_name":"hidden_act","param_value_internal":0,"distribution":"{\"name\": \"CategoricalDistribution\", \"attributes\": {\"choices\": [\"gelu\", \"relu\", \"swish\"]}}"}
{"op_code":5,"worker_id":"f9ac7597-22d9-4687-a0fc-e35c7f6efdb2-139759509796672","trial_id":1,"param_name":"layer_norm_eps","param_value_internal":0,"distribution":"{\"name\": \"CategoricalDistribution\", \"attributes\": {\"choices\": [1e-12, 1e-09, 1e-06]}}"}
{"op_code":5,"worker_id":"f9ac7597-22d9-4687-a0fc-e35c7f6efdb2-139759509796672","trial_id":1,"param_name":"initializer_range","param_value_internal":0.014050962972854134,"distribution":"{\"name\": \"FloatDistribution\", \"attributes\": {\"step\": null, \"low\": 0.005, \"high\": 0.05, \"log\": false}}"}
{"op_code":5,"worker_id":"f9ac7597-22d9-4687-a0fc-e35c7f6efdb2-139759509796672","trial_id":1,"param_name":"loss_type","param_value_internal":1,"distribution":"{\"name\": \"CategoricalDistribution\", \"attributes\": {\"choices\": [\"CE\", \"BPR\"]}}"}
{"op_code":6,"worker_id":"f9ac7597-22d9-4687-a0fc-e35c7f6efdb2-139759509796672","trial_id":1,"state":3,"values":null,"datetime_complete":"2026-01-18T08:25:29.397066"}
{"op_code":0,"worker_id":"965d8a4f-2e3e-4df9-8269-a2c32c097607-140681849784128","study_name":"gsau_tune_01","directions":[2]}
{"op_code":4,"worker_id":"965d8a4f-2e3e-4df9-8269-a2c32c097607-140681849784128","study_id":0,"datetime_start":"2026-01-18T08:26:12.827237"}
{"op_code":5,"worker_id":"965d8a4f-2e3e-4df9-8269-a2c32c097607-140681849784128","trial_id":2,"param_name":"n_layers","param_value_internal":4.0,"distribution":"{\"name\": \"IntDistribution\", \"attributes\": {\"log\": false, \"step\": 1, \"low\": 1, \"high\": 4}}"}
{"op_code":5,"worker_id":"965d8a4f-2e3e-4df9-8269-a2c32c097607-140681849784128","trial_id":2,"param_name":"n_heads","param_value_internal":0,"distribution":"{\"name\": \"CategoricalDistribution\", \"attributes\": {\"choices\": [1, 2, 4, 8]}}"}
{"op_code":5,"worker_id":"965d8a4f-2e3e-4df9-8269-a2c32c097607-140681849784128","trial_id":2,"param_name":"hidden_size","param_value_internal":2,"distribution":"{\"name\": \"CategoricalDistribution\", \"attributes\": {\"choices\": [32, 64, 128, 256]}}"}
{"op_code":5,"worker_id":"965d8a4f-2e3e-4df9-8269-a2c32c097607-140681849784128","trial_id":2,"param_name":"inner_size","param_value_internal":2,"distribution":"{\"name\": \"CategoricalDistribution\", \"attributes\": {\"choices\": [128, 256, 512, 1024]}}"}
{"op_code":5,"worker_id":"965d8a4f-2e3e-4df9-8269-a2c32c097607-140681849784128","trial_id":2,"param_name":"hidden_dropout_prob","param_value_internal":0.6000000000000001,"distribution":"{\"name\": \"FloatDistribution\", \"attributes\": {\"step\": 0.1, \"low\": 0.0, \"high\": 0.7, \"log\": false}}"}
{"op_code":5,"worker_id":"965d8a4f-2e3e-4df9-8269-a2c32c097607-140681849784128","trial_id":2,"param_name":"attn_dropout_prob","param_value_internal":0.4,"distribution":"{\"name\": \"FloatDistribution\", \"attributes\": {\"step\": 0.1, \"low\": 0.0, \"high\": 0.7, \"log\": false}}"}
{"op_code":5,"worker_id":"965d8a4f-2e3e-4df9-8269-a2c32c097607-140681849784128","trial_id":2,"param_name":"hidden_act","param_value_internal":1,"distribution":"{\"name\": \"CategoricalDistribution\", \"attributes\": {\"choices\": [\"gelu\", \"relu\", \"swish\"]}}"}
{"op_code":5,"worker_id":"965d8a4f-2e3e-4df9-8269-a2c32c097607-140681849784128","trial_id":2,"param_name":"layer_norm_eps","param_value_internal":2,"distribution":"{\"name\": \"CategoricalDistribution\", \"attributes\": {\"choices\": [1e-12, 1e-09, 1e-06]}}"}
{"op_code":5,"worker_id":"965d8a4f-2e3e-4df9-8269-a2c32c097607-140681849784128","trial_id":2,"param_name":"initializer_range","param_value_internal":0.038982258503900295,"distribution":"{\"name\": \"FloatDistribution\", \"attributes\": {\"step\": null, \"low\": 0.005, \"high\": 0.05, \"log\": false}}"}
{"op_code":5,"worker_id":"965d8a4f-2e3e-4df9-8269-a2c32c097607-140681849784128","trial_id":2,"param_name":"loss_type","param_value_internal":1,"distribution":"{\"name\": \"CategoricalDistribution\", \"attributes\": {\"choices\": [\"CE\", \"BPR\"]}}"}
{"op_code":6,"worker_id":"965d8a4f-2e3e-4df9-8269-a2c32c097607-140681849784128","trial_id":2,"state":3,"values":null,"datetime_complete":"2026-01-18T08:26:12.838400"}
{"op_code":0,"worker_id":"3a1d7fb3-da32-4d6b-a00a-e1b7aa61eb6a-140225886312256","study_name":"gsau_tune_01","directions":[2]}
{"op_code":4,"worker_id":"3a1d7fb3-da32-4d6b-a00a-e1b7aa61eb6a-140225886312256","study_id":0,"datetime_start":"2026-01-18T08:27:56.948282"}
{"op_code":5,"worker_id":"3a1d7fb3-da32-4d6b-a00a-e1b7aa61eb6a-140225886312256","trial_id":3,"param_name":"n_layers","param_value_internal":3.0,"distribution":"{\"name\": \"IntDistribution\", \"attributes\": {\"log\": false, \"step\": 1, \"low\": 1, \"high\": 4}}"}
{"op_code":5,"worker_id":"3a1d7fb3-da32-4d6b-a00a-e1b7aa61eb6a-140225886312256","trial_id":3,"param_name":"n_heads","param_value_internal":1,"distribution":"{\"name\": \"CategoricalDistribution\", \"attributes\": {\"choices\": [1, 2, 4, 8]}}"}
{"op_code":5,"worker_id":"3a1d7fb3-da32-4d6b-a00a-e1b7aa61eb6a-140225886312256","trial_id":3,"param_name":"hidden_size","param_value_internal":1,"distribution":"{\"name\": \"CategoricalDistribution\", \"attributes\": {\"choices\": [32, 64, 128, 256]}}"}
{"op_code":5,"worker_id":"3a1d7fb3-da32-4d6b-a00a-e1b7aa61eb6a-140225886312256","trial_id":3,"param_name":"inner_size","param_value_internal":0,"distribution":"{\"name\": \"CategoricalDistribution\", \"attributes\": {\"choices\": [128, 256, 512, 1024]}}"}
{"op_code":5,"worker_id":"3a1d7fb3-da32-4d6b-a00a-e1b7aa61eb6a-140225886312256","trial_id":3,"param_name":"hidden_dropout_prob","param_value_internal":0.1,"distribution":"{\"name\": \"FloatDistribution\", \"attributes\": {\"step\": 0.1, \"low\": 0.0, \"high\": 0.7, \"log\": false}}"}
{"op_code":5,"worker_id":"3a1d7fb3-da32-4d6b-a00a-e1b7aa61eb6a-140225886312256","trial_id":3,"param_name":"attn_dropout_prob","param_value_internal":0.4,"distribution":"{\"name\": \"FloatDistribution\", \"attributes\": {\"step\": 0.1, \"low\": 0.0, \"high\": 0.7, \"log\": false}}"}
{"op_code":5,"worker_id":"3a1d7fb3-da32-4d6b-a00a-e1b7aa61eb6a-140225886312256","trial_id":3,"param_name":"hidden_act","param_value_internal":2,"distribution":"{\"name\": \"CategoricalDistribution\", \"attributes\": {\"choices\": [\"gelu\", \"relu\", \"swish\"]}}"}
{"op_code":5,"worker_id":"3a1d7fb3-da32-4d6b-a00a-e1b7aa61eb6a-140225886312256","trial_id":3,"param_name":"layer_norm_eps","param_value_internal":2,"distribution":"{\"name\": \"CategoricalDistribution\", \"attributes\": {\"choices\": [1e-12, 1e-09, 1e-06]}}"}
{"op_code":5,"worker_id":"3a1d7fb3-da32-4d6b-a00a-e1b7aa61eb6a-140225886312256","trial_id":3,"param_name":"initializer_range","param_value_internal":0.023406812071529698,"distribution":"{\"name\": \"FloatDistribution\", \"attributes\": {\"step\": null, \"low\": 0.005, \"high\": 0.05, \"log\": false}}"}
{"op_code":5,"worker_id":"3a1d7fb3-da32-4d6b-a00a-e1b7aa61eb6a-140225886312256","trial_id":3,"param_name":"loss_type","param_value_internal":1,"distribution":"{\"name\": \"CategoricalDistribution\", \"attributes\": {\"choices\": [\"CE\", \"BPR\"]}}"}
{"op_code":6,"worker_id":"3a1d7fb3-da32-4d6b-a00a-e1b7aa61eb6a-140225886312256","trial_id":3,"state":3,"values":null,"datetime_complete":"2026-01-18T08:27:56.958054"}
{"op_code":0,"worker_id":"6b577eb2-9299-4554-9573-40508bdd197e-140038061750080","study_name":"gsau_tune_01","directions":[2]}
{"op_code":4,"worker_id":"6b577eb2-9299-4554-9573-40508bdd197e-140038061750080","study_id":0,"datetime_start":"2026-01-18T08:28:46.233013"}
{"op_code":5,"worker_id":"6b577eb2-9299-4554-9573-40508bdd197e-140038061750080","trial_id":4,"param_name":"n_layers","param_value_internal":2.0,"distribution":"{\"name\": \"IntDistribution\", \"attributes\": {\"log\": false, \"step\": 1, \"low\": 1, \"high\": 4}}"}
{"op_code":5,"worker_id":"6b577eb2-9299-4554-9573-40508bdd197e-140038061750080","trial_id":4,"param_name":"n_heads","param_value_internal":0,"distribution":"{\"name\": \"CategoricalDistribution\", \"attributes\": {\"choices\": [1, 2, 4, 8]}}"}
{"op_code":5,"worker_id":"6b577eb2-9299-4554-9573-40508bdd197e-140038061750080","trial_id":4,"param_name":"hidden_size","param_value_internal":0,"distribution":"{\"name\": \"CategoricalDistribution\", \"attributes\": {\"choices\": [32, 64, 128, 256]}}"}
{"op_code":5,"worker_id":"6b577eb2-9299-4554-9573-40508bdd197e-140038061750080","trial_id":4,"param_name":"inner_size","param_value_internal":0,"distribution":"{\"name\": \"CategoricalDistribution\", \"attributes\": {\"choices\": [128, 256, 512, 1024]}}"}
{"op_code":5,"worker_id":"6b577eb2-9299-4554-9573-40508bdd197e-140038061750080","trial_id":4,"param_name":"hidden_dropout_prob","param_value_internal":0.6000000000000001,"distribution":"{\"name\": \"FloatDistribution\", \"attributes\": {\"step\": 0.1, \"low\": 0.0, \"high\": 0.7, \"log\": false}}"}
{"op_code":5,"worker_id":"6b577eb2-9299-4554-9573-40508bdd197e-140038061750080","trial_id":4,"param_name":"attn_dropout_prob","param_value_internal":0.30000000000000004,"distribution":"{\"name\": \"FloatDistribution\", \"attributes\": {\"step\": 0.1, \"low\": 0.0, \"high\": 0.7, \"log\": false}}"}
{"op_code":5,"worker_id":"6b577eb2-9299-4554-9573-40508bdd197e-140038061750080","trial_id":4,"param_name":"hidden_act","param_value_internal":0,"distribution":"{\"name\": \"CategoricalDistribution\", \"attributes\": {\"choices\": [\"gelu\", \"relu\", \"swish\"]}}"}
{"op_code":5,"worker_id":"6b577eb2-9299-4554-9573-40508bdd197e-140038061750080","trial_id":4,"param_name":"layer_norm_eps","param_value_internal":1,"distribution":"{\"name\": \"CategoricalDistribution\", \"attributes\": {\"choices\": [1e-12, 1e-09, 1e-06]}}"}
{"op_code":5,"worker_id":"6b577eb2-9299-4554-9573-40508bdd197e-140038061750080","trial_id":4,"param_name":"initializer_range","param_value_internal":0.014478715232675823,"distribution":"{\"name\": \"FloatDistribution\", \"attributes\": {\"step\": null, \"low\": 0.005, \"high\": 0.05, \"log\": false}}"}
{"op_code":5,"worker_id":"6b577eb2-9299-4554-9573-40508bdd197e-140038061750080","trial_id":4,"param_name":"loss_type","param_value_internal":0,"distribution":"{\"name\": \"CategoricalDistribution\", \"attributes\": {\"choices\": [\"CE\", \"BPR\"]}}"}
{"op_code":6,"worker_id":"6b577eb2-9299-4554-9573-40508bdd197e-140038061750080","trial_id":4,"state":3,"values":null,"datetime_complete":"2026-01-18T08:29:21.774413"}
{"op_code":0,"worker_id":"b962f5ce-7551-42f8-aa96-d79c79d084fb-139780264580928","study_name":"gsau_tune_01","directions":[2]}
{"op_code":4,"worker_id":"b962f5ce-7551-42f8-aa96-d79c79d084fb-139780264580928","study_id":0,"datetime_start":"2026-01-18T08:40:00.997431"}
{"op_code":5,"worker_id":"b962f5ce-7551-42f8-aa96-d79c79d084fb-139780264580928","trial_id":5,"param_name":"n_layers","param_value_internal":3.0,"distribution":"{\"name\": \"IntDistribution\", \"attributes\": {\"log\": false, \"step\": 1, \"low\": 1, \"high\": 4}}"}
{"op_code":5,"worker_id":"b962f5ce-7551-42f8-aa96-d79c79d084fb-139780264580928","trial_id":5,"param_name":"n_heads","param_value_internal":2,"distribution":"{\"name\": \"CategoricalDistribution\", \"attributes\": {\"choices\": [1, 2, 4, 8]}}"}
{"op_code":5,"worker_id":"b962f5ce-7551-42f8-aa96-d79c79d084fb-139780264580928","trial_id":5,"param_name":"hidden_size","param_value_internal":2,"distribution":"{\"name\": \"CategoricalDistribution\", \"attributes\": {\"choices\": [32, 64, 128, 256]}}"}
{"op_code":5,"worker_id":"b962f5ce-7551-42f8-aa96-d79c79d084fb-139780264580928","trial_id":5,"param_name":"inner_size","param_value_internal":2,"distribution":"{\"name\": \"CategoricalDistribution\", \"attributes\": {\"choices\": [128, 256, 512, 1024]}}"}
{"op_code":5,"worker_id":"b962f5ce-7551-42f8-aa96-d79c79d084fb-139780264580928","trial_id":5,"param_name":"hidden_dropout_prob","param_value_internal":0.7,"distribution":"{\"name\": \"FloatDistribution\", \"attributes\": {\"step\": 0.1, \"low\": 0.0, \"high\": 0.7, \"log\": false}}"}
{"op_code":5,"worker_id":"b962f5ce-7551-42f8-aa96-d79c79d084fb-139780264580928","trial_id":5,"param_name":"attn_dropout_prob","param_value_internal":0.6000000000000001,"distribution":"{\"name\": \"FloatDistribution\", \"attributes\": {\"step\": 0.1, \"low\": 0.0, \"high\": 0.7, \"log\": false}}"}
{"op_code":5,"worker_id":"b962f5ce-7551-42f8-aa96-d79c79d084fb-139780264580928","trial_id":5,"param_name":"hidden_act","param_value_internal":2,"distribution":"{\"name\": \"CategoricalDistribution\", \"attributes\": {\"choices\": [\"gelu\", \"relu\", \"swish\"]}}"}
{"op_code":5,"worker_id":"b962f5ce-7551-42f8-aa96-d79c79d084fb-139780264580928","trial_id":5,"param_name":"layer_norm_eps","param_value_internal":0,"distribution":"{\"name\": \"CategoricalDistribution\", \"attributes\": {\"choices\": [1e-12, 1e-09, 1e-06]}}"}
{"op_code":5,"worker_id":"b962f5ce-7551-42f8-aa96-d79c79d084fb-139780264580928","trial_id":5,"param_name":"initializer_range","param_value_internal":0.018202443688752706,"distribution":"{\"name\": \"FloatDistribution\", \"attributes\": {\"step\": null, \"low\": 0.005, \"high\": 0.05, \"log\": false}}"}
{"op_code":5,"worker_id":"b962f5ce-7551-42f8-aa96-d79c79d084fb-139780264580928","trial_id":5,"param_name":"loss_type","param_value_internal":0,"distribution":"{\"name\": \"CategoricalDistribution\", \"attributes\": {\"choices\": [\"CE\", \"BPR\"]}}"}
{"op_code":6,"worker_id":"b962f5ce-7551-42f8-aa96-d79c79d084fb-139780264580928","trial_id":5,"state":3,"values":null,"datetime_complete":"2026-01-18T08:40:01.047891"}
{"op_code":0,"worker_id":"f195055a-2e34-4a98-8f41-2a79c73b0636-140153137514304","study_name":"gsau_tune_01","directions":[2]}
{"op_code":4,"worker_id":"f195055a-2e34-4a98-8f41-2a79c73b0636-140153137514304","study_id":0,"datetime_start":"2026-01-18T08:56:10.036705"}
{"op_code":5,"worker_id":"f195055a-2e34-4a98-8f41-2a79c73b0636-140153137514304","trial_id":6,"param_name":"n_layers","param_value_internal":1.0,"distribution":"{\"name\": \"IntDistribution\", \"attributes\": {\"log\": false, \"step\": 1, \"low\": 1, \"high\": 4}}"}
{"op_code":5,"worker_id":"f195055a-2e34-4a98-8f41-2a79c73b0636-140153137514304","trial_id":6,"param_name":"n_heads","param_value_internal":3,"distribution":"{\"name\": \"CategoricalDistribution\", \"attributes\": {\"choices\": [1, 2, 4, 8]}}"}
{"op_code":5,"worker_id":"f195055a-2e34-4a98-8f41-2a79c73b0636-140153137514304","trial_id":6,"param_name":"hidden_size","param_value_internal":3,"distribution":"{\"name\": \"CategoricalDistribution\", \"attributes\": {\"choices\": [32, 64, 128, 256]}}"}
{"op_code":5,"worker_id":"f195055a-2e34-4a98-8f41-2a79c73b0636-140153137514304","trial_id":6,"param_name":"inner_size","param_value_internal":2,"distribution":"{\"name\": \"CategoricalDistribution\", \"attributes\": {\"choices\": [128, 256, 512, 1024]}}"}
{"op_code":5,"worker_id":"f195055a-2e34-4a98-8f41-2a79c73b0636-140153137514304","trial_id":6,"param_name":"hidden_dropout_prob","param_value_internal":0.6000000000000001,"distribution":"{\"name\": \"FloatDistribution\", \"attributes\": {\"step\": 0.1, \"low\": 0.0, \"high\": 0.7, \"log\": false}}"}
{"op_code":5,"worker_id":"f195055a-2e34-4a98-8f41-2a79c73b0636-140153137514304","trial_id":6,"param_name":"attn_dropout_prob","param_value_internal":0.5,"distribution":"{\"name\": \"FloatDistribution\", \"attributes\": {\"step\": 0.1, \"low\": 0.0, \"high\": 0.7, \"log\": false}}"}
{"op_code":5,"worker_id":"f195055a-2e34-4a98-8f41-2a79c73b0636-140153137514304","trial_id":6,"param_name":"hidden_act","param_value_internal":1,"distribution":"{\"name\": \"CategoricalDistribution\", \"attributes\": {\"choices\": [\"gelu\", \"relu\", \"swish\"]}}"}
{"op_code":5,"worker_id":"f195055a-2e34-4a98-8f41-2a79c73b0636-140153137514304","trial_id":6,"param_name":"layer_norm_eps","param_value_internal":0,"distribution":"{\"name\": \"CategoricalDistribution\", \"attributes\": {\"choices\": [1e-12, 1e-09, 1e-06]}}"}
{"op_code":5,"worker_id":"f195055a-2e34-4a98-8f41-2a79c73b0636-140153137514304","trial_id":6,"param_name":"initializer_range","param_value_internal":0.03811301077234629,"distribution":"{\"name\": \"FloatDistribution\", \"attributes\": {\"step\": null, \"low\": 0.005, \"high\": 0.05, \"log\": false}}"}
{"op_code":5,"worker_id":"f195055a-2e34-4a98-8f41-2a79c73b0636-140153137514304","trial_id":6,"param_name":"loss_type","param_value_internal":1,"distribution":"{\"name\": \"CategoricalDistribution\", \"attributes\": {\"choices\": [\"CE\", \"BPR\"]}}"}
{"op_code":6,"worker_id":"f195055a-2e34-4a98-8f41-2a79c73b0636-140153137514304","trial_id":6,"state":3,"values":null,"datetime_complete":"2026-01-18T08:56:10.087497"}
{"op_code":0,"worker_id":"1139fa29-1b14-4a06-b018-701e3e36bb04-140306414552896","study_name":"gsau_tune_01","directions":[2]}
{"op_code":4,"worker_id":"1139fa29-1b14-4a06-b018-701e3e36bb04-140306414552896","study_id":0,"datetime_start":"2026-01-18T09:12:14.066524"}
{"op_code":5,"worker_id":"1139fa29-1b14-4a06-b018-701e3e36bb04-140306414552896","trial_id":7,"param_name":"n_layers","param_value_internal":3.0,"distribution":"{\"name\": \"IntDistribution\", \"attributes\": {\"log\": false, \"step\": 1, \"low\": 1, \"high\": 4}}"}
{"op_code":5,"worker_id":"1139fa29-1b14-4a06-b018-701e3e36bb04-140306414552896","trial_id":7,"param_name":"n_heads","param_value_internal":3,"distribution":"{\"name\": \"CategoricalDistribution\", \"attributes\": {\"choices\": [1, 2, 4, 8]}}"}
{"op_code":5,"worker_id":"1139fa29-1b14-4a06-b018-701e3e36bb04-140306414552896","trial_id":7,"param_name":"hidden_size","param_value_internal":0,"distribution":"{\"name\": \"CategoricalDistribution\", \"attributes\": {\"choices\": [32, 64, 128, 256]}}"}
{"op_code":5,"worker_id":"1139fa29-1b14-4a06-b018-701e3e36bb04-140306414552896","trial_id":7,"param_name":"inner_size","param_value_internal":2,"distribution":"{\"name\": \"CategoricalDistribution\", \"attributes\": {\"choices\": [128, 256, 512, 1024]}}"}
{"op_code":5,"worker_id":"1139fa29-1b14-4a06-b018-701e3e36bb04-140306414552896","trial_id":7,"param_name":"hidden_dropout_prob","param_value_internal":0.30000000000000004,"distribution":"{\"name\": \"FloatDistribution\", \"attributes\": {\"step\": 0.1, \"low\": 0.0, \"high\": 0.7, \"log\": false}}"}
{"op_code":5,"worker_id":"1139fa29-1b14-4a06-b018-701e3e36bb04-140306414552896","trial_id":7,"param_name":"attn_dropout_prob","param_value_internal":0.0,"distribution":"{\"name\": \"FloatDistribution\", \"attributes\": {\"step\": 0.1, \"low\": 0.0, \"high\": 0.7, \"log\": false}}"}
{"op_code":5,"worker_id":"1139fa29-1b14-4a06-b018-701e3e36bb04-140306414552896","trial_id":7,"param_name":"hidden_act","param_value_internal":0,"distribution":"{\"name\": \"CategoricalDistribution\", \"attributes\": {\"choices\": [\"gelu\", \"relu\", \"swish\"]}}"}
{"op_code":5,"worker_id":"1139fa29-1b14-4a06-b018-701e3e36bb04-140306414552896","trial_id":7,"param_name":"layer_norm_eps","param_value_internal":0,"distribution":"{\"name\": \"CategoricalDistribution\", \"attributes\": {\"choices\": [1e-12, 1e-09, 1e-06]}}"}
{"op_code":5,"worker_id":"1139fa29-1b14-4a06-b018-701e3e36bb04-140306414552896","trial_id":7,"param_name":"initializer_range","param_value_internal":0.029226170000268312,"distribution":"{\"name\": \"FloatDistribution\", \"attributes\": {\"step\": null, \"low\": 0.005, \"high\": 0.05, \"log\": false}}"}
{"op_code":5,"worker_id":"1139fa29-1b14-4a06-b018-701e3e36bb04-140306414552896","trial_id":7,"param_name":"loss_type","param_value_internal":0,"distribution":"{\"name\": \"CategoricalDistribution\", \"attributes\": {\"choices\": [\"CE\", \"BPR\"]}}"}
{"op_code":6,"worker_id":"1139fa29-1b14-4a06-b018-701e3e36bb04-140306414552896","trial_id":7,"state":3,"values":null,"datetime_complete":"2026-01-18T09:12:14.283941"}
{"op_code":0,"worker_id":"9ee46e7d-ae51-44cb-b238-36d6cefea9ae-139944638256960","study_name":"gsau_tune_01","directions":[2]}
{"op_code":4,"worker_id":"9ee46e7d-ae51-44cb-b238-36d6cefea9ae-139944638256960","study_id":0,"datetime_start":"2026-01-18T09:15:27.599125"}
{"op_code":5,"worker_id":"9ee46e7d-ae51-44cb-b238-36d6cefea9ae-139944638256960","trial_id":8,"param_name":"n_layers","param_value_internal":2.0,"distribution":"{\"name\": \"IntDistribution\", \"attributes\": {\"log\": false, \"step\": 1, \"low\": 1, \"high\": 4}}"}
{"op_code":5,"worker_id":"9ee46e7d-ae51-44cb-b238-36d6cefea9ae-139944638256960","trial_id":8,"param_name":"n_heads","param_value_internal":0,"distribution":"{\"name\": \"CategoricalDistribution\", \"attributes\": {\"choices\": [1, 2, 4, 8]}}"}
{"op_code":5,"worker_id":"9ee46e7d-ae51-44cb-b238-36d6cefea9ae-139944638256960","trial_id":8,"param_name":"hidden_size","param_value_internal":2,"distribution":"{\"name\": \"CategoricalDistribution\", \"attributes\": {\"choices\": [32, 64, 128, 256]}}"}
{"op_code":5,"worker_id":"9ee46e7d-ae51-44cb-b238-36d6cefea9ae-139944638256960","trial_id":8,"param_name":"inner_size","param_value_internal":3,"distribution":"{\"name\": \"CategoricalDistribution\", \"attributes\": {\"choices\": [128, 256, 512, 1024]}}"}
{"op_code":5,"worker_id":"9ee46e7d-ae51-44cb-b238-36d6cefea9ae-139944638256960","trial_id":8,"param_name":"hidden_dropout_prob","param_value_internal":0.6000000000000001,"distribution":"{\"name\": \"FloatDistribution\", \"attributes\": {\"step\": 0.1, \"low\": 0.0, \"high\": 0.7, \"log\": false}}"}
{"op_code":5,"worker_id":"9ee46e7d-ae51-44cb-b238-36d6cefea9ae-139944638256960","trial_id":8,"param_name":"attn_dropout_prob","param_value_internal":0.5,"distribution":"{\"name\": \"FloatDistribution\", \"attributes\": {\"step\": 0.1, \"low\": 0.0, \"high\": 0.7, \"log\": false}}"}
{"op_code":5,"worker_id":"9ee46e7d-ae51-44cb-b238-36d6cefea9ae-139944638256960","trial_id":8,"param_name":"hidden_act","param_value_internal":1,"distribution":"{\"name\": \"CategoricalDistribution\", \"attributes\": {\"choices\": [\"gelu\", \"relu\", \"swish\"]}}"}
{"op_code":5,"worker_id":"9ee46e7d-ae51-44cb-b238-36d6cefea9ae-139944638256960","trial_id":8,"param_name":"layer_norm_eps","param_value_internal":1,"distribution":"{\"name\": \"CategoricalDistribution\", \"attributes\": {\"choices\": [1e-12, 1e-09, 1e-06]}}"}
{"op_code":5,"worker_id":"9ee46e7d-ae51-44cb-b238-36d6cefea9ae-139944638256960","trial_id":8,"param_name":"initializer_range","param_value_internal":0.04773729132740596,"distribution":"{\"name\": \"FloatDistribution\", \"attributes\": {\"step\": null, \"low\": 0.005, \"high\": 0.05, \"log\": false}}"}
{"op_code":5,"worker_id":"9ee46e7d-ae51-44cb-b238-36d6cefea9ae-139944638256960","trial_id":8,"param_name":"loss_type","param_value_internal":0,"distribution":"{\"name\": \"CategoricalDistribution\", \"attributes\": {\"choices\": [\"CE\", \"BPR\"]}}"}
{"op_code":6,"worker_id":"9ee46e7d-ae51-44cb-b238-36d6cefea9ae-139944638256960","trial_id":8,"state":3,"values":null,"datetime_complete":"2026-01-18T09:15:27.804808"}
{"op_code":0,"worker_id":"d62f5ae5-49c3-4bff-b39d-6afe90b923f0-139665072101184","study_name":"gsau_tune_01","directions":[2]}
{"op_code":4,"worker_id":"d62f5ae5-49c3-4bff-b39d-6afe90b923f0-139665072101184","study_id":0,"datetime_start":"2026-01-18T09:18:50.200950"}
{"op_code":5,"worker_id":"d62f5ae5-49c3-4bff-b39d-6afe90b923f0-139665072101184","trial_id":9,"param_name":"n_layers","param_value_internal":3.0,"distribution":"{\"name\": \"IntDistribution\", \"attributes\": {\"log\": false, \"step\": 1, \"low\": 1, \"high\": 4}}"}
{"op_code":5,"worker_id":"d62f5ae5-49c3-4bff-b39d-6afe90b923f0-139665072101184","trial_id":9,"param_name":"n_heads","param_value_internal":0,"distribution":"{\"name\": \"CategoricalDistribution\", \"attributes\": {\"choices\": [1, 2, 4, 8]}}"}
{"op_code":5,"worker_id":"d62f5ae5-49c3-4bff-b39d-6afe90b923f0-139665072101184","trial_id":9,"param_name":"hidden_size","param_value_internal":0,"distribution":"{\"name\": \"CategoricalDistribution\", \"attributes\": {\"choices\": [32, 64, 128, 256]}}"}
{"op_code":5,"worker_id":"d62f5ae5-49c3-4bff-b39d-6afe90b923f0-139665072101184","trial_id":9,"param_name":"inner_size","param_value_internal":1,"distribution":"{\"name\": \"CategoricalDistribution\", \"attributes\": {\"choices\": [128, 256, 512, 1024]}}"}
{"op_code":5,"worker_id":"d62f5ae5-49c3-4bff-b39d-6afe90b923f0-139665072101184","trial_id":9,"param_name":"hidden_dropout_prob","param_value_internal":0.7,"distribution":"{\"name\": \"FloatDistribution\", \"attributes\": {\"step\": 0.1, \"low\": 0.0, \"high\": 0.7, \"log\": false}}"}
{"op_code":5,"worker_id":"d62f5ae5-49c3-4bff-b39d-6afe90b923f0-139665072101184","trial_id":9,"param_name":"attn_dropout_prob","param_value_internal":0.4,"distribution":"{\"name\": \"FloatDistribution\", \"attributes\": {\"step\": 0.1, \"low\": 0.0, \"high\": 0.7, \"log\": false}}"}
{"op_code":5,"worker_id":"d62f5ae5-49c3-4bff-b39d-6afe90b923f0-139665072101184","trial_id":9,"param_name":"hidden_act","param_value_internal":2,"distribution":"{\"name\": \"CategoricalDistribution\", \"attributes\": {\"choices\": [\"gelu\", \"relu\", \"swish\"]}}"}
{"op_code":5,"worker_id":"d62f5ae5-49c3-4bff-b39d-6afe90b923f0-139665072101184","trial_id":9,"param_name":"layer_norm_eps","param_value_internal":0,"distribution":"{\"name\": \"CategoricalDistribution\", \"attributes\": {\"choices\": [1e-12, 1e-09, 1e-06]}}"}
{"op_code":5,"worker_id":"d62f5ae5-49c3-4bff-b39d-6afe90b923f0-139665072101184","trial_id":9,"param_name":"initializer_range","param_value_internal":0.009489243920646834,"distribution":"{\"name\": \"FloatDistribution\", \"attributes\": {\"step\": null, \"low\": 0.005, \"high\": 0.05, \"log\": false}}"}
{"op_code":5,"worker_id":"d62f5ae5-49c3-4bff-b39d-6afe90b923f0-139665072101184","trial_id":9,"param_name":"loss_type","param_value_internal":1,"distribution":"{\"name\": \"CategoricalDistribution\", \"attributes\": {\"choices\": [\"CE\", \"BPR\"]}}"}
{"op_code":6,"worker_id":"d62f5ae5-49c3-4bff-b39d-6afe90b923f0-139665072101184","trial_id":9,"state":3,"values":null,"datetime_complete":"2026-01-18T09:19:25.365912"}
{"op_code":0,"worker_id":"db25f717-3a03-469c-add8-6a41883c89ad-139648111867712","study_name":"gsau_tune_01","directions":[2]}
{"op_code":4,"worker_id":"db25f717-3a03-469c-add8-6a41883c89ad-139648111867712","study_id":0,"datetime_start":"2026-01-18T09:34:12.767816"}
{"op_code":5,"worker_id":"db25f717-3a03-469c-add8-6a41883c89ad-139648111867712","trial_id":10,"param_name":"n_layers","param_value_internal":3.0,"distribution":"{\"name\": \"IntDistribution\", \"attributes\": {\"log\": false, \"step\": 1, \"low\": 1, \"high\": 4}}"}
{"op_code":5,"worker_id":"db25f717-3a03-469c-add8-6a41883c89ad-139648111867712","trial_id":10,"param_name":"n_heads","param_value_internal":3,"distribution":"{\"name\": \"CategoricalDistribution\", \"attributes\": {\"choices\": [1, 2, 4, 8]}}"}
{"op_code":5,"worker_id":"db25f717-3a03-469c-add8-6a41883c89ad-139648111867712","trial_id":10,"param_name":"hidden_size","param_value_internal":2,"distribution":"{\"name\": \"CategoricalDistribution\", \"attributes\": {\"choices\": [32, 64, 128, 256]}}"}
{"op_code":5,"worker_id":"db25f717-3a03-469c-add8-6a41883c89ad-139648111867712","trial_id":10,"param_name":"inner_size","param_value_internal":3,"distribution":"{\"name\": \"CategoricalDistribution\", \"attributes\": {\"choices\": [128, 256, 512, 1024]}}"}
{"op_code":5,"worker_id":"db25f717-3a03-469c-add8-6a41883c89ad-139648111867712","trial_id":10,"param_name":"hidden_dropout_prob","param_value_internal":0.30000000000000004,"distribution":"{\"name\": \"FloatDistribution\", \"attributes\": {\"step\": 0.1, \"low\": 0.0, \"high\": 0.7, \"log\": false}}"}
{"op_code":5,"worker_id":"db25f717-3a03-469c-add8-6a41883c89ad-139648111867712","trial_id":10,"param_name":"attn_dropout_prob","param_value_internal":0.7,"distribution":"{\"name\": \"FloatDistribution\", \"attributes\": {\"step\": 0.1, \"low\": 0.0, \"high\": 0.7, \"log\": false}}"}
{"op_code":5,"worker_id":"db25f717-3a03-469c-add8-6a41883c89ad-139648111867712","trial_id":10,"param_name":"hidden_act","param_value_internal":0,"distribution":"{\"name\": \"CategoricalDistribution\", \"attributes\": {\"choices\": [\"gelu\", \"relu\", \"swish\"]}}"}
{"op_code":5,"worker_id":"db25f717-3a03-469c-add8-6a41883c89ad-139648111867712","trial_id":10,"param_name":"layer_norm_eps","param_value_internal":0,"distribution":"{\"name\": \"CategoricalDistribution\", \"attributes\": {\"choices\": [1e-12, 1e-09, 1e-06]}}"}
{"op_code":5,"worker_id":"db25f717-3a03-469c-add8-6a41883c89ad-139648111867712","trial_id":10,"param_name":"initializer_range","param_value_internal":0.008203949613479087,"distribution":"{\"name\": \"FloatDistribution\", \"attributes\": {\"step\": null, \"low\": 0.005, \"high\": 0.05, \"log\": false}}"}
{"op_code":5,"worker_id":"db25f717-3a03-469c-add8-6a41883c89ad-139648111867712","trial_id":10,"param_name":"loss_type","param_value_internal":1,"distribution":"{\"name\": \"CategoricalDistribution\", \"attributes\": {\"choices\": [\"CE\", \"BPR\"]}}"}
{"op_code":6,"worker_id":"db25f717-3a03-469c-add8-6a41883c89ad-139648111867712","trial_id":10,"state":3,"values":null,"datetime_complete":"2026-01-18T09:34:48.161836"}
{"op_code":0,"worker_id":"69955b78-f71e-4bf4-b716-10e3631d743f-139907824920384","study_name":"gsau_tune_01","directions":[2]}
{"op_code":4,"worker_id":"69955b78-f71e-4bf4-b716-10e3631d743f-139907824920384","study_id":0,"datetime_start":"2026-01-18T09:38:15.325319"}
{"op_code":5,"worker_id":"69955b78-f71e-4bf4-b716-10e3631d743f-139907824920384","trial_id":11,"param_name":"n_layers","param_value_internal":4.0,"distribution":"{\"name\": \"IntDistribution\", \"attributes\": {\"log\": false, \"step\": 1, \"low\": 1, \"high\": 4}}"}
{"op_code":5,"worker_id":"69955b78-f71e-4bf4-b716-10e3631d743f-139907824920384","trial_id":11,"param_name":"n_heads","param_value_internal":0,"distribution":"{\"name\": \"CategoricalDistribution\", \"attributes\": {\"choices\": [1, 2, 4, 8]}}"}
{"op_code":5,"worker_id":"69955b78-f71e-4bf4-b716-10e3631d743f-139907824920384","trial_id":11,"param_name":"hidden_size","param_value_internal":1,"distribution":"{\"name\": \"CategoricalDistribution\", \"attributes\": {\"choices\": [32, 64, 128, 256]}}"}
{"op_code":5,"worker_id":"69955b78-f71e-4bf4-b716-10e3631d743f-139907824920384","trial_id":11,"param_name":"inner_size","param_value_internal":0,"distribution":"{\"name\": \"CategoricalDistribution\", \"attributes\": {\"choices\": [128, 256, 512, 1024]}}"}
{"op_code":5,"worker_id":"69955b78-f71e-4bf4-b716-10e3631d743f-139907824920384","trial_id":11,"param_name":"hidden_dropout_prob","param_value_internal":0.6000000000000001,"distribution":"{\"name\": \"FloatDistribution\", \"attributes\": {\"step\": 0.1, \"low\": 0.0, \"high\": 0.7, \"log\": false}}"}
{"op_code":5,"worker_id":"69955b78-f71e-4bf4-b716-10e3631d743f-139907824920384","trial_id":11,"param_name":"attn_dropout_prob","param_value_internal":0.5,"distribution":"{\"name\": \"FloatDistribution\", \"attributes\": {\"step\": 0.1, \"low\": 0.0, \"high\": 0.7, \"log\": false}}"}
{"op_code":5,"worker_id":"69955b78-f71e-4bf4-b716-10e3631d743f-139907824920384","trial_id":11,"param_name":"hidden_act","param_value_internal":2,"distribution":"{\"name\": \"CategoricalDistribution\", \"attributes\": {\"choices\": [\"gelu\", \"relu\", \"swish\"]}}"}
{"op_code":5,"worker_id":"69955b78-f71e-4bf4-b716-10e3631d743f-139907824920384","trial_id":11,"param_name":"layer_norm_eps","param_value_internal":0,"distribution":"{\"name\": \"CategoricalDistribution\", \"attributes\": {\"choices\": [1e-12, 1e-09, 1e-06]}}"}
{"op_code":5,"worker_id":"69955b78-f71e-4bf4-b716-10e3631d743f-139907824920384","trial_id":11,"param_name":"initializer_range","param_value_internal":0.02570057258521206,"distribution":"{\"name\": \"FloatDistribution\", \"attributes\": {\"step\": null, \"low\": 0.005, \"high\": 0.05, \"log\": false}}"}
{"op_code":5,"worker_id":"69955b78-f71e-4bf4-b716-10e3631d743f-139907824920384","trial_id":11,"param_name":"loss_type","param_value_internal":1,"distribution":"{\"name\": \"CategoricalDistribution\", \"attributes\": {\"choices\": [\"CE\", \"BPR\"]}}"}
{"op_code":6,"worker_id":"69955b78-f71e-4bf4-b716-10e3631d743f-139907824920384","trial_id":11,"state":3,"values":null,"datetime_complete":"2026-01-18T09:38:50.568880"}
{"op_code":0,"worker_id":"bd8243a1-8c1b-402a-8a10-d40f4fbb27ab-140687810582336","study_name":"gsau_tune_01","directions":[2]}
{"op_code":4,"worker_id":"bd8243a1-8c1b-402a-8a10-d40f4fbb27ab-140687810582336","study_id":0,"datetime_start":"2026-01-18T09:42:05.735761"}
{"op_code":5,"worker_id":"bd8243a1-8c1b-402a-8a10-d40f4fbb27ab-140687810582336","trial_id":12,"param_name":"n_layers","param_value_internal":1.0,"distribution":"{\"name\": \"IntDistribution\", \"attributes\": {\"log\": false, \"step\": 1, \"low\": 1, \"high\": 3}}"}
{"op_code":5,"worker_id":"bd8243a1-8c1b-402a-8a10-d40f4fbb27ab-140687810582336","trial_id":12,"param_name":"n_heads","param_value_internal":0,"distribution":"{\"name\": \"CategoricalDistribution\", \"attributes\": {\"choices\": [1, 2, 4, 8]}}"}
{"op_code":5,"worker_id":"bd8243a1-8c1b-402a-8a10-d40f4fbb27ab-140687810582336","trial_id":12,"param_name":"hidden_size","param_value_internal":0,"distribution":"{\"name\": \"CategoricalDistribution\", \"attributes\": {\"choices\": [32, 64, 128, 256]}}"}
{"op_code":5,"worker_id":"bd8243a1-8c1b-402a-8a10-d40f4fbb27ab-140687810582336","trial_id":12,"param_name":"inner_size","param_value_internal":2,"distribution":"{\"name\": \"CategoricalDistribution\", \"attributes\": {\"choices\": [128, 256, 512]}}"}
{"op_code":6,"worker_id":"bd8243a1-8c1b-402a-8a10-d40f4fbb27ab-140687810582336","trial_id":12,"state":3,"values":null,"datetime_complete":"2026-01-18T09:42:05.744009"}
{"op_code":0,"worker_id":"1759e6bf-f5f9-4bac-a63b-d672cfb90719-140317579847488","study_name":"gsau_tune_01","directions":[2]}
{"op_code":4,"worker_id":"1759e6bf-f5f9-4bac-a63b-d672cfb90719-140317579847488","study_id":0,"datetime_start":"2026-01-18T09:45:36.575653"}
{"op_code":5,"worker_id":"1759e6bf-f5f9-4bac-a63b-d672cfb90719-140317579847488","trial_id":13,"param_name":"n_layers","param_value_internal":3.0,"distribution":"{\"name\": \"IntDistribution\", \"attributes\": {\"log\": false, \"step\": 1, \"low\": 1, \"high\": 3}}"}
{"op_code":5,"worker_id":"1759e6bf-f5f9-4bac-a63b-d672cfb90719-140317579847488","trial_id":13,"param_name":"n_heads","param_value_internal":0,"distribution":"{\"name\": \"CategoricalDistribution\", \"attributes\": {\"choices\": [1, 2, 4, 8]}}"}
{"op_code":5,"worker_id":"1759e6bf-f5f9-4bac-a63b-d672cfb90719-140317579847488","trial_id":13,"param_name":"hidden_size","param_value_internal":3,"distribution":"{\"name\": \"CategoricalDistribution\", \"attributes\": {\"choices\": [32, 64, 128, 256]}}"}
{"op_code":5,"worker_id":"1759e6bf-f5f9-4bac-a63b-d672cfb90719-140317579847488","trial_id":13,"param_name":"inner_size","param_value_internal":2,"distribution":"{\"name\": \"CategoricalDistribution\", \"attributes\": {\"choices\": [128, 256, 512]}}"}
{"op_code":6,"worker_id":"1759e6bf-f5f9-4bac-a63b-d672cfb90719-140317579847488","trial_id":13,"state":3,"values":null,"datetime_complete":"2026-01-18T09:45:36.581790"}
