{"op_code":0,"worker_id":"a10c3997-7fec-4cc3-a218-c3ef03001750-140493323142976","study_name":"gsau_tune_clothes","directions":[2]}
{"op_code":4,"worker_id":"a10c3997-7fec-4cc3-a218-c3ef03001750-140493323142976","study_id":0,"datetime_start":"2026-01-18T16:21:24.401780"}
{"op_code":5,"worker_id":"a10c3997-7fec-4cc3-a218-c3ef03001750-140493323142976","trial_id":0,"param_name":"n_layers","param_value_internal":3.0,"distribution":"{\"name\": \"IntDistribution\", \"attributes\": {\"log\": false, \"step\": 1, \"low\": 1, \"high\": 3}}"}
{"op_code":5,"worker_id":"a10c3997-7fec-4cc3-a218-c3ef03001750-140493323142976","trial_id":0,"param_name":"n_heads","param_value_internal":2,"distribution":"{\"name\": \"CategoricalDistribution\", \"attributes\": {\"choices\": [1, 2, 4, 8]}}"}
{"op_code":5,"worker_id":"a10c3997-7fec-4cc3-a218-c3ef03001750-140493323142976","trial_id":0,"param_name":"hidden_size","param_value_internal":1,"distribution":"{\"name\": \"CategoricalDistribution\", \"attributes\": {\"choices\": [32, 64, 128, 256]}}"}
{"op_code":5,"worker_id":"a10c3997-7fec-4cc3-a218-c3ef03001750-140493323142976","trial_id":0,"param_name":"inner_size","param_value_internal":1,"distribution":"{\"name\": \"CategoricalDistribution\", \"attributes\": {\"choices\": [128, 256, 512]}}"}
{"op_code":5,"worker_id":"a10c3997-7fec-4cc3-a218-c3ef03001750-140493323142976","trial_id":0,"param_name":"hidden_dropout_prob","param_value_internal":0.2,"distribution":"{\"name\": \"FloatDistribution\", \"attributes\": {\"step\": 0.1, \"low\": 0.0, \"high\": 0.7, \"log\": false}}"}
{"op_code":5,"worker_id":"a10c3997-7fec-4cc3-a218-c3ef03001750-140493323142976","trial_id":0,"param_name":"attn_dropout_prob","param_value_internal":0.2,"distribution":"{\"name\": \"FloatDistribution\", \"attributes\": {\"step\": 0.1, \"low\": 0.0, \"high\": 0.7, \"log\": false}}"}
{"op_code":5,"worker_id":"a10c3997-7fec-4cc3-a218-c3ef03001750-140493323142976","trial_id":0,"param_name":"hidden_act","param_value_internal":2,"distribution":"{\"name\": \"CategoricalDistribution\", \"attributes\": {\"choices\": [\"gelu\", \"relu\", \"swish\"]}}"}
{"op_code":5,"worker_id":"a10c3997-7fec-4cc3-a218-c3ef03001750-140493323142976","trial_id":0,"param_name":"layer_norm_eps","param_value_internal":0,"distribution":"{\"name\": \"CategoricalDistribution\", \"attributes\": {\"choices\": [1e-12, 1e-09, 1e-06]}}"}
{"op_code":5,"worker_id":"a10c3997-7fec-4cc3-a218-c3ef03001750-140493323142976","trial_id":0,"param_name":"initializer_range","param_value_internal":0.00593279267784947,"distribution":"{\"name\": \"FloatDistribution\", \"attributes\": {\"step\": null, \"low\": 0.005, \"high\": 0.05, \"log\": false}}"}
{"op_code":5,"worker_id":"a10c3997-7fec-4cc3-a218-c3ef03001750-140493323142976","trial_id":0,"param_name":"loss_type","param_value_internal":0,"distribution":"{\"name\": \"CategoricalDistribution\", \"attributes\": {\"choices\": [\"CE\", \"BPR\"]}}"}
{"op_code":5,"worker_id":"a10c3997-7fec-4cc3-a218-c3ef03001750-140493323142976","trial_id":0,"param_name":"gamma","param_value_internal":0.35000000000000003,"distribution":"{\"name\": \"FloatDistribution\", \"attributes\": {\"step\": 0.1, \"low\": 0.05, \"high\": 0.45, \"log\": false}}"}
{"op_code":6,"worker_id":"a10c3997-7fec-4cc3-a218-c3ef03001750-140493323142976","trial_id":0,"state":3,"values":null,"datetime_complete":"2026-01-18T16:22:15.067789"}
{"op_code":0,"worker_id":"07558d71-96a6-4e3e-a752-a290a0564ecd-140199357302592","study_name":"gsau_tune_clothes","directions":[2]}
{"op_code":4,"worker_id":"07558d71-96a6-4e3e-a752-a290a0564ecd-140199357302592","study_id":0,"datetime_start":"2026-01-18T16:22:27.022145"}
{"op_code":5,"worker_id":"07558d71-96a6-4e3e-a752-a290a0564ecd-140199357302592","trial_id":1,"param_name":"n_layers","param_value_internal":2.0,"distribution":"{\"name\": \"IntDistribution\", \"attributes\": {\"log\": false, \"step\": 1, \"low\": 1, \"high\": 3}}"}
{"op_code":5,"worker_id":"07558d71-96a6-4e3e-a752-a290a0564ecd-140199357302592","trial_id":1,"param_name":"n_heads","param_value_internal":1,"distribution":"{\"name\": \"CategoricalDistribution\", \"attributes\": {\"choices\": [1, 2, 4, 8]}}"}
{"op_code":5,"worker_id":"07558d71-96a6-4e3e-a752-a290a0564ecd-140199357302592","trial_id":1,"param_name":"hidden_size","param_value_internal":0,"distribution":"{\"name\": \"CategoricalDistribution\", \"attributes\": {\"choices\": [32, 64, 128, 256]}}"}
{"op_code":5,"worker_id":"07558d71-96a6-4e3e-a752-a290a0564ecd-140199357302592","trial_id":1,"param_name":"inner_size","param_value_internal":1,"distribution":"{\"name\": \"CategoricalDistribution\", \"attributes\": {\"choices\": [128, 256, 512]}}"}
{"op_code":5,"worker_id":"07558d71-96a6-4e3e-a752-a290a0564ecd-140199357302592","trial_id":1,"param_name":"hidden_dropout_prob","param_value_internal":0.1,"distribution":"{\"name\": \"FloatDistribution\", \"attributes\": {\"step\": 0.1, \"low\": 0.0, \"high\": 0.7, \"log\": false}}"}
{"op_code":5,"worker_id":"07558d71-96a6-4e3e-a752-a290a0564ecd-140199357302592","trial_id":1,"param_name":"attn_dropout_prob","param_value_internal":0.5,"distribution":"{\"name\": \"FloatDistribution\", \"attributes\": {\"step\": 0.1, \"low\": 0.0, \"high\": 0.7, \"log\": false}}"}
{"op_code":5,"worker_id":"07558d71-96a6-4e3e-a752-a290a0564ecd-140199357302592","trial_id":1,"param_name":"hidden_act","param_value_internal":2,"distribution":"{\"name\": \"CategoricalDistribution\", \"attributes\": {\"choices\": [\"gelu\", \"relu\", \"swish\"]}}"}
{"op_code":5,"worker_id":"07558d71-96a6-4e3e-a752-a290a0564ecd-140199357302592","trial_id":1,"param_name":"layer_norm_eps","param_value_internal":2,"distribution":"{\"name\": \"CategoricalDistribution\", \"attributes\": {\"choices\": [1e-12, 1e-09, 1e-06]}}"}
{"op_code":5,"worker_id":"07558d71-96a6-4e3e-a752-a290a0564ecd-140199357302592","trial_id":1,"param_name":"initializer_range","param_value_internal":0.0408454701832156,"distribution":"{\"name\": \"FloatDistribution\", \"attributes\": {\"step\": null, \"low\": 0.005, \"high\": 0.05, \"log\": false}}"}
{"op_code":5,"worker_id":"07558d71-96a6-4e3e-a752-a290a0564ecd-140199357302592","trial_id":1,"param_name":"loss_type","param_value_internal":1,"distribution":"{\"name\": \"CategoricalDistribution\", \"attributes\": {\"choices\": [\"CE\", \"BPR\"]}}"}
{"op_code":5,"worker_id":"07558d71-96a6-4e3e-a752-a290a0564ecd-140199357302592","trial_id":1,"param_name":"gamma","param_value_internal":0.45,"distribution":"{\"name\": \"FloatDistribution\", \"attributes\": {\"step\": 0.1, \"low\": 0.05, \"high\": 0.45, \"log\": false}}"}
{"op_code":6,"worker_id":"07558d71-96a6-4e3e-a752-a290a0564ecd-140199357302592","trial_id":1,"state":3,"values":null,"datetime_complete":"2026-01-18T16:22:27.156195"}
{"op_code":0,"worker_id":"359c58ff-0238-42c7-b8f1-63e8633dff6c-140015317137216","study_name":"gsau_tune_clothes","directions":[2]}
{"op_code":4,"worker_id":"359c58ff-0238-42c7-b8f1-63e8633dff6c-140015317137216","study_id":0,"datetime_start":"2026-01-18T16:25:43.793380"}
{"op_code":5,"worker_id":"359c58ff-0238-42c7-b8f1-63e8633dff6c-140015317137216","trial_id":2,"param_name":"n_layers","param_value_internal":1.0,"distribution":"{\"name\": \"IntDistribution\", \"attributes\": {\"log\": false, \"step\": 1, \"low\": 1, \"high\": 3}}"}
{"op_code":5,"worker_id":"359c58ff-0238-42c7-b8f1-63e8633dff6c-140015317137216","trial_id":2,"param_name":"n_heads","param_value_internal":0,"distribution":"{\"name\": \"CategoricalDistribution\", \"attributes\": {\"choices\": [1, 2, 4, 8]}}"}
{"op_code":5,"worker_id":"359c58ff-0238-42c7-b8f1-63e8633dff6c-140015317137216","trial_id":2,"param_name":"hidden_size","param_value_internal":3,"distribution":"{\"name\": \"CategoricalDistribution\", \"attributes\": {\"choices\": [32, 64, 128, 256]}}"}
{"op_code":5,"worker_id":"359c58ff-0238-42c7-b8f1-63e8633dff6c-140015317137216","trial_id":2,"param_name":"inner_size","param_value_internal":2,"distribution":"{\"name\": \"CategoricalDistribution\", \"attributes\": {\"choices\": [128, 256, 512]}}"}
{"op_code":5,"worker_id":"359c58ff-0238-42c7-b8f1-63e8633dff6c-140015317137216","trial_id":2,"param_name":"hidden_dropout_prob","param_value_internal":0.30000000000000004,"distribution":"{\"name\": \"FloatDistribution\", \"attributes\": {\"step\": 0.1, \"low\": 0.0, \"high\": 0.7, \"log\": false}}"}
{"op_code":5,"worker_id":"359c58ff-0238-42c7-b8f1-63e8633dff6c-140015317137216","trial_id":2,"param_name":"attn_dropout_prob","param_value_internal":0.5,"distribution":"{\"name\": \"FloatDistribution\", \"attributes\": {\"step\": 0.1, \"low\": 0.0, \"high\": 0.7, \"log\": false}}"}
{"op_code":5,"worker_id":"359c58ff-0238-42c7-b8f1-63e8633dff6c-140015317137216","trial_id":2,"param_name":"hidden_act","param_value_internal":0,"distribution":"{\"name\": \"CategoricalDistribution\", \"attributes\": {\"choices\": [\"gelu\", \"relu\", \"swish\"]}}"}
{"op_code":5,"worker_id":"359c58ff-0238-42c7-b8f1-63e8633dff6c-140015317137216","trial_id":2,"param_name":"layer_norm_eps","param_value_internal":1,"distribution":"{\"name\": \"CategoricalDistribution\", \"attributes\": {\"choices\": [1e-12, 1e-09, 1e-06]}}"}
{"op_code":5,"worker_id":"359c58ff-0238-42c7-b8f1-63e8633dff6c-140015317137216","trial_id":2,"param_name":"initializer_range","param_value_internal":0.01040712005689224,"distribution":"{\"name\": \"FloatDistribution\", \"attributes\": {\"step\": null, \"low\": 0.005, \"high\": 0.05, \"log\": false}}"}
{"op_code":5,"worker_id":"359c58ff-0238-42c7-b8f1-63e8633dff6c-140015317137216","trial_id":2,"param_name":"loss_type","param_value_internal":1,"distribution":"{\"name\": \"CategoricalDistribution\", \"attributes\": {\"choices\": [\"CE\", \"BPR\"]}}"}
{"op_code":5,"worker_id":"359c58ff-0238-42c7-b8f1-63e8633dff6c-140015317137216","trial_id":2,"param_name":"gamma","param_value_internal":0.25,"distribution":"{\"name\": \"FloatDistribution\", \"attributes\": {\"step\": 0.1, \"low\": 0.05, \"high\": 0.45, \"log\": false}}"}
{"op_code":6,"worker_id":"359c58ff-0238-42c7-b8f1-63e8633dff6c-140015317137216","trial_id":2,"state":3,"values":null,"datetime_complete":"2026-01-18T16:25:43.930248"}
{"op_code":0,"worker_id":"7813f9c1-30b0-45ec-8397-59c36c5a9878-139729645184832","study_name":"gsau_tune_clothes","directions":[2]}
{"op_code":4,"worker_id":"7813f9c1-30b0-45ec-8397-59c36c5a9878-139729645184832","study_id":0,"datetime_start":"2026-01-18T16:27:43.981612"}
{"op_code":5,"worker_id":"7813f9c1-30b0-45ec-8397-59c36c5a9878-139729645184832","trial_id":3,"param_name":"n_layers","param_value_internal":2.0,"distribution":"{\"name\": \"IntDistribution\", \"attributes\": {\"log\": false, \"step\": 1, \"low\": 1, \"high\": 3}}"}
{"op_code":5,"worker_id":"7813f9c1-30b0-45ec-8397-59c36c5a9878-139729645184832","trial_id":3,"param_name":"n_heads","param_value_internal":1,"distribution":"{\"name\": \"CategoricalDistribution\", \"attributes\": {\"choices\": [1, 2, 4, 8]}}"}
{"op_code":5,"worker_id":"7813f9c1-30b0-45ec-8397-59c36c5a9878-139729645184832","trial_id":3,"param_name":"hidden_size","param_value_internal":0,"distribution":"{\"name\": \"CategoricalDistribution\", \"attributes\": {\"choices\": [32, 64, 128, 256]}}"}
{"op_code":5,"worker_id":"7813f9c1-30b0-45ec-8397-59c36c5a9878-139729645184832","trial_id":3,"param_name":"inner_size","param_value_internal":2,"distribution":"{\"name\": \"CategoricalDistribution\", \"attributes\": {\"choices\": [128, 256, 512]}}"}
{"op_code":5,"worker_id":"7813f9c1-30b0-45ec-8397-59c36c5a9878-139729645184832","trial_id":3,"param_name":"hidden_dropout_prob","param_value_internal":0.2,"distribution":"{\"name\": \"FloatDistribution\", \"attributes\": {\"step\": 0.1, \"low\": 0.0, \"high\": 0.7, \"log\": false}}"}
{"op_code":5,"worker_id":"7813f9c1-30b0-45ec-8397-59c36c5a9878-139729645184832","trial_id":3,"param_name":"attn_dropout_prob","param_value_internal":0.0,"distribution":"{\"name\": \"FloatDistribution\", \"attributes\": {\"step\": 0.1, \"low\": 0.0, \"high\": 0.7, \"log\": false}}"}
{"op_code":5,"worker_id":"7813f9c1-30b0-45ec-8397-59c36c5a9878-139729645184832","trial_id":3,"param_name":"hidden_act","param_value_internal":2,"distribution":"{\"name\": \"CategoricalDistribution\", \"attributes\": {\"choices\": [\"gelu\", \"relu\", \"swish\"]}}"}
{"op_code":5,"worker_id":"7813f9c1-30b0-45ec-8397-59c36c5a9878-139729645184832","trial_id":3,"param_name":"layer_norm_eps","param_value_internal":0,"distribution":"{\"name\": \"CategoricalDistribution\", \"attributes\": {\"choices\": [1e-12, 1e-09, 1e-06]}}"}
{"op_code":5,"worker_id":"7813f9c1-30b0-45ec-8397-59c36c5a9878-139729645184832","trial_id":3,"param_name":"initializer_range","param_value_internal":0.04377936576213376,"distribution":"{\"name\": \"FloatDistribution\", \"attributes\": {\"step\": null, \"low\": 0.005, \"high\": 0.05, \"log\": false}}"}
{"op_code":5,"worker_id":"7813f9c1-30b0-45ec-8397-59c36c5a9878-139729645184832","trial_id":3,"param_name":"loss_type","param_value_internal":0,"distribution":"{\"name\": \"CategoricalDistribution\", \"attributes\": {\"choices\": [\"CE\", \"BPR\"]}}"}
{"op_code":5,"worker_id":"7813f9c1-30b0-45ec-8397-59c36c5a9878-139729645184832","trial_id":3,"param_name":"gamma","param_value_internal":0.25,"distribution":"{\"name\": \"FloatDistribution\", \"attributes\": {\"step\": 0.1, \"low\": 0.05, \"high\": 0.45, \"log\": false}}"}
{"op_code":6,"worker_id":"7813f9c1-30b0-45ec-8397-59c36c5a9878-139729645184832","trial_id":3,"state":3,"values":null,"datetime_complete":"2026-01-18T16:27:44.118664"}
{"op_code":0,"worker_id":"effb3eee-a012-492b-af46-be164f767194-139782251329344","study_name":"gsau_tune_clothes","directions":[2]}
{"op_code":4,"worker_id":"effb3eee-a012-492b-af46-be164f767194-139782251329344","study_id":0,"datetime_start":"2026-01-18T16:28:40.791670"}
{"op_code":5,"worker_id":"effb3eee-a012-492b-af46-be164f767194-139782251329344","trial_id":4,"param_name":"n_layers","param_value_internal":1.0,"distribution":"{\"name\": \"IntDistribution\", \"attributes\": {\"log\": false, \"step\": 1, \"low\": 1, \"high\": 3}}"}
{"op_code":5,"worker_id":"effb3eee-a012-492b-af46-be164f767194-139782251329344","trial_id":4,"param_name":"n_heads","param_value_internal":3,"distribution":"{\"name\": \"CategoricalDistribution\", \"attributes\": {\"choices\": [1, 2, 4, 8]}}"}
{"op_code":5,"worker_id":"effb3eee-a012-492b-af46-be164f767194-139782251329344","trial_id":4,"param_name":"hidden_size","param_value_internal":3,"distribution":"{\"name\": \"CategoricalDistribution\", \"attributes\": {\"choices\": [32, 64, 128, 256]}}"}
{"op_code":5,"worker_id":"effb3eee-a012-492b-af46-be164f767194-139782251329344","trial_id":4,"param_name":"inner_size","param_value_internal":2,"distribution":"{\"name\": \"CategoricalDistribution\", \"attributes\": {\"choices\": [128, 256, 512]}}"}
{"op_code":5,"worker_id":"effb3eee-a012-492b-af46-be164f767194-139782251329344","trial_id":4,"param_name":"hidden_dropout_prob","param_value_internal":0.5,"distribution":"{\"name\": \"FloatDistribution\", \"attributes\": {\"step\": 0.1, \"low\": 0.0, \"high\": 0.7, \"log\": false}}"}
{"op_code":5,"worker_id":"effb3eee-a012-492b-af46-be164f767194-139782251329344","trial_id":4,"param_name":"attn_dropout_prob","param_value_internal":0.5,"distribution":"{\"name\": \"FloatDistribution\", \"attributes\": {\"step\": 0.1, \"low\": 0.0, \"high\": 0.7, \"log\": false}}"}
{"op_code":5,"worker_id":"effb3eee-a012-492b-af46-be164f767194-139782251329344","trial_id":4,"param_name":"hidden_act","param_value_internal":1,"distribution":"{\"name\": \"CategoricalDistribution\", \"attributes\": {\"choices\": [\"gelu\", \"relu\", \"swish\"]}}"}
{"op_code":5,"worker_id":"effb3eee-a012-492b-af46-be164f767194-139782251329344","trial_id":4,"param_name":"layer_norm_eps","param_value_internal":0,"distribution":"{\"name\": \"CategoricalDistribution\", \"attributes\": {\"choices\": [1e-12, 1e-09, 1e-06]}}"}
{"op_code":5,"worker_id":"effb3eee-a012-492b-af46-be164f767194-139782251329344","trial_id":4,"param_name":"initializer_range","param_value_internal":0.03496052524424225,"distribution":"{\"name\": \"FloatDistribution\", \"attributes\": {\"step\": null, \"low\": 0.005, \"high\": 0.05, \"log\": false}}"}
{"op_code":5,"worker_id":"effb3eee-a012-492b-af46-be164f767194-139782251329344","trial_id":4,"param_name":"loss_type","param_value_internal":0,"distribution":"{\"name\": \"CategoricalDistribution\", \"attributes\": {\"choices\": [\"CE\", \"BPR\"]}}"}
{"op_code":5,"worker_id":"effb3eee-a012-492b-af46-be164f767194-139782251329344","trial_id":4,"param_name":"gamma","param_value_internal":0.45,"distribution":"{\"name\": \"FloatDistribution\", \"attributes\": {\"step\": 0.1, \"low\": 0.05, \"high\": 0.45, \"log\": false}}"}
{"op_code":6,"worker_id":"effb3eee-a012-492b-af46-be164f767194-139782251329344","trial_id":4,"state":3,"values":null,"datetime_complete":"2026-01-18T16:28:40.927665"}
{"op_code":0,"worker_id":"68cad758-49f5-4ecd-86b6-0ae8cf804ffd-140426046928704","study_name":"gsau_tune_clothes","directions":[2]}
{"op_code":4,"worker_id":"68cad758-49f5-4ecd-86b6-0ae8cf804ffd-140426046928704","study_id":0,"datetime_start":"2026-01-18T16:32:22.542861"}
{"op_code":5,"worker_id":"68cad758-49f5-4ecd-86b6-0ae8cf804ffd-140426046928704","trial_id":5,"param_name":"n_layers","param_value_internal":3.0,"distribution":"{\"name\": \"IntDistribution\", \"attributes\": {\"log\": false, \"step\": 1, \"low\": 1, \"high\": 3}}"}
{"op_code":5,"worker_id":"68cad758-49f5-4ecd-86b6-0ae8cf804ffd-140426046928704","trial_id":5,"param_name":"n_heads","param_value_internal":2,"distribution":"{\"name\": \"CategoricalDistribution\", \"attributes\": {\"choices\": [1, 2, 4, 8]}}"}
{"op_code":5,"worker_id":"68cad758-49f5-4ecd-86b6-0ae8cf804ffd-140426046928704","trial_id":5,"param_name":"hidden_size","param_value_internal":3,"distribution":"{\"name\": \"CategoricalDistribution\", \"attributes\": {\"choices\": [32, 64, 128, 256]}}"}
{"op_code":5,"worker_id":"68cad758-49f5-4ecd-86b6-0ae8cf804ffd-140426046928704","trial_id":5,"param_name":"inner_size","param_value_internal":2,"distribution":"{\"name\": \"CategoricalDistribution\", \"attributes\": {\"choices\": [128, 256, 512]}}"}
{"op_code":5,"worker_id":"68cad758-49f5-4ecd-86b6-0ae8cf804ffd-140426046928704","trial_id":5,"param_name":"hidden_dropout_prob","param_value_internal":0.30000000000000004,"distribution":"{\"name\": \"FloatDistribution\", \"attributes\": {\"step\": 0.1, \"low\": 0.0, \"high\": 0.7, \"log\": false}}"}
{"op_code":5,"worker_id":"68cad758-49f5-4ecd-86b6-0ae8cf804ffd-140426046928704","trial_id":5,"param_name":"attn_dropout_prob","param_value_internal":0.7,"distribution":"{\"name\": \"FloatDistribution\", \"attributes\": {\"step\": 0.1, \"low\": 0.0, \"high\": 0.7, \"log\": false}}"}
{"op_code":5,"worker_id":"68cad758-49f5-4ecd-86b6-0ae8cf804ffd-140426046928704","trial_id":5,"param_name":"hidden_act","param_value_internal":0,"distribution":"{\"name\": \"CategoricalDistribution\", \"attributes\": {\"choices\": [\"gelu\", \"relu\", \"swish\"]}}"}
{"op_code":5,"worker_id":"68cad758-49f5-4ecd-86b6-0ae8cf804ffd-140426046928704","trial_id":5,"param_name":"layer_norm_eps","param_value_internal":1,"distribution":"{\"name\": \"CategoricalDistribution\", \"attributes\": {\"choices\": [1e-12, 1e-09, 1e-06]}}"}
{"op_code":5,"worker_id":"68cad758-49f5-4ecd-86b6-0ae8cf804ffd-140426046928704","trial_id":5,"param_name":"initializer_range","param_value_internal":0.040673425300266075,"distribution":"{\"name\": \"FloatDistribution\", \"attributes\": {\"step\": null, \"low\": 0.005, \"high\": 0.05, \"log\": false}}"}
{"op_code":5,"worker_id":"68cad758-49f5-4ecd-86b6-0ae8cf804ffd-140426046928704","trial_id":5,"param_name":"loss_type","param_value_internal":1,"distribution":"{\"name\": \"CategoricalDistribution\", \"attributes\": {\"choices\": [\"CE\", \"BPR\"]}}"}
{"op_code":5,"worker_id":"68cad758-49f5-4ecd-86b6-0ae8cf804ffd-140426046928704","trial_id":5,"param_name":"gamma","param_value_internal":0.45,"distribution":"{\"name\": \"FloatDistribution\", \"attributes\": {\"step\": 0.1, \"low\": 0.05, \"high\": 0.45, \"log\": false}}"}
