{"op_code":0,"worker_id":"606ee0c0-33f9-4c4a-9b5b-e61b2ec4ea1c-140050839586624","study_name":"gsau_tune_02","directions":[2]}
{"op_code":4,"worker_id":"606ee0c0-33f9-4c4a-9b5b-e61b2ec4ea1c-140050839586624","study_id":0,"datetime_start":"2026-01-18T09:50:25.896765"}
{"op_code":5,"worker_id":"606ee0c0-33f9-4c4a-9b5b-e61b2ec4ea1c-140050839586624","trial_id":0,"param_name":"n_layers","param_value_internal":1.0,"distribution":"{\"name\": \"IntDistribution\", \"attributes\": {\"log\": false, \"step\": 1, \"low\": 1, \"high\": 3}}"}
{"op_code":5,"worker_id":"606ee0c0-33f9-4c4a-9b5b-e61b2ec4ea1c-140050839586624","trial_id":0,"param_name":"n_heads","param_value_internal":0,"distribution":"{\"name\": \"CategoricalDistribution\", \"attributes\": {\"choices\": [1, 2, 4, 8]}}"}
{"op_code":5,"worker_id":"606ee0c0-33f9-4c4a-9b5b-e61b2ec4ea1c-140050839586624","trial_id":0,"param_name":"hidden_size","param_value_internal":1,"distribution":"{\"name\": \"CategoricalDistribution\", \"attributes\": {\"choices\": [32, 64, 128, 256]}}"}
{"op_code":5,"worker_id":"606ee0c0-33f9-4c4a-9b5b-e61b2ec4ea1c-140050839586624","trial_id":0,"param_name":"inner_size","param_value_internal":0,"distribution":"{\"name\": \"CategoricalDistribution\", \"attributes\": {\"choices\": [128, 256, 512]}}"}
{"op_code":5,"worker_id":"606ee0c0-33f9-4c4a-9b5b-e61b2ec4ea1c-140050839586624","trial_id":0,"param_name":"hidden_dropout_prob","param_value_internal":0.7,"distribution":"{\"name\": \"FloatDistribution\", \"attributes\": {\"step\": 0.1, \"low\": 0.0, \"high\": 0.7, \"log\": false}}"}
{"op_code":5,"worker_id":"606ee0c0-33f9-4c4a-9b5b-e61b2ec4ea1c-140050839586624","trial_id":0,"param_name":"attn_dropout_prob","param_value_internal":0.30000000000000004,"distribution":"{\"name\": \"FloatDistribution\", \"attributes\": {\"step\": 0.1, \"low\": 0.0, \"high\": 0.7, \"log\": false}}"}
{"op_code":5,"worker_id":"606ee0c0-33f9-4c4a-9b5b-e61b2ec4ea1c-140050839586624","trial_id":0,"param_name":"hidden_act","param_value_internal":2,"distribution":"{\"name\": \"CategoricalDistribution\", \"attributes\": {\"choices\": [\"gelu\", \"relu\", \"swish\"]}}"}
{"op_code":5,"worker_id":"606ee0c0-33f9-4c4a-9b5b-e61b2ec4ea1c-140050839586624","trial_id":0,"param_name":"layer_norm_eps","param_value_internal":1,"distribution":"{\"name\": \"CategoricalDistribution\", \"attributes\": {\"choices\": [1e-12, 1e-09, 1e-06]}}"}
{"op_code":5,"worker_id":"606ee0c0-33f9-4c4a-9b5b-e61b2ec4ea1c-140050839586624","trial_id":0,"param_name":"initializer_range","param_value_internal":0.029119293132222435,"distribution":"{\"name\": \"FloatDistribution\", \"attributes\": {\"step\": null, \"low\": 0.005, \"high\": 0.05, \"log\": false}}"}
{"op_code":5,"worker_id":"606ee0c0-33f9-4c4a-9b5b-e61b2ec4ea1c-140050839586624","trial_id":0,"param_name":"loss_type","param_value_internal":0,"distribution":"{\"name\": \"CategoricalDistribution\", \"attributes\": {\"choices\": [\"CE\", \"BPR\"]}}"}
{"op_code":5,"worker_id":"606ee0c0-33f9-4c4a-9b5b-e61b2ec4ea1c-140050839586624","trial_id":0,"param_name":"gamma","param_value_internal":0.45,"distribution":"{\"name\": \"FloatDistribution\", \"attributes\": {\"step\": 0.1, \"low\": 0.05, \"high\": 0.45, \"log\": false}}"}
{"op_code":8,"worker_id":"606ee0c0-33f9-4c4a-9b5b-e61b2ec4ea1c-140050839586624","trial_id":0,"user_attr":{"best_valid_score":0.1417}}
{"op_code":8,"worker_id":"606ee0c0-33f9-4c4a-9b5b-e61b2ec4ea1c-140050839586624","trial_id":0,"user_attr":{"best_valid_result":{"recall@10":0.2522,"recall@100":0.5582,"mrr@10":0.1078,"mrr@100":0.1191,"ndcg@10":0.1417,"ndcg@100":0.2035,"precision@10":0.0252,"precision@100":0.0056}}}
{"op_code":8,"worker_id":"606ee0c0-33f9-4c4a-9b5b-e61b2ec4ea1c-140050839586624","trial_id":0,"user_attr":{"test_result":{"recall@10":0.2029,"recall@100":0.4517,"mrr@10":0.0862,"mrr@100":0.0954,"ndcg@10":0.1136,"ndcg@100":0.1639,"precision@10":0.0203,"precision@100":0.0045}}}
{"op_code":6,"worker_id":"606ee0c0-33f9-4c4a-9b5b-e61b2ec4ea1c-140050839586624","trial_id":0,"state":3,"values":null,"datetime_complete":"2026-01-18T11:18:37.573320"}
{"op_code":0,"worker_id":"7b2fb267-67cf-42a4-b8b5-a6afc0d3701f-139931848226624","study_name":"gsau_tune_02","directions":[2]}
{"op_code":4,"worker_id":"7b2fb267-67cf-42a4-b8b5-a6afc0d3701f-139931848226624","study_id":0,"datetime_start":"2026-01-18T12:15:42.422626"}
{"op_code":5,"worker_id":"7b2fb267-67cf-42a4-b8b5-a6afc0d3701f-139931848226624","trial_id":1,"param_name":"n_layers","param_value_internal":3.0,"distribution":"{\"name\": \"IntDistribution\", \"attributes\": {\"log\": false, \"step\": 1, \"low\": 1, \"high\": 3}}"}
{"op_code":5,"worker_id":"7b2fb267-67cf-42a4-b8b5-a6afc0d3701f-139931848226624","trial_id":1,"param_name":"n_heads","param_value_internal":1,"distribution":"{\"name\": \"CategoricalDistribution\", \"attributes\": {\"choices\": [1, 2, 4, 8]}}"}
{"op_code":5,"worker_id":"7b2fb267-67cf-42a4-b8b5-a6afc0d3701f-139931848226624","trial_id":1,"param_name":"hidden_size","param_value_internal":1,"distribution":"{\"name\": \"CategoricalDistribution\", \"attributes\": {\"choices\": [32, 64, 128, 256]}}"}
{"op_code":5,"worker_id":"7b2fb267-67cf-42a4-b8b5-a6afc0d3701f-139931848226624","trial_id":1,"param_name":"inner_size","param_value_internal":1,"distribution":"{\"name\": \"CategoricalDistribution\", \"attributes\": {\"choices\": [128, 256, 512]}}"}
{"op_code":5,"worker_id":"7b2fb267-67cf-42a4-b8b5-a6afc0d3701f-139931848226624","trial_id":1,"param_name":"hidden_dropout_prob","param_value_internal":0.6000000000000001,"distribution":"{\"name\": \"FloatDistribution\", \"attributes\": {\"step\": 0.1, \"low\": 0.0, \"high\": 0.7, \"log\": false}}"}
{"op_code":5,"worker_id":"7b2fb267-67cf-42a4-b8b5-a6afc0d3701f-139931848226624","trial_id":1,"param_name":"attn_dropout_prob","param_value_internal":0.0,"distribution":"{\"name\": \"FloatDistribution\", \"attributes\": {\"step\": 0.1, \"low\": 0.0, \"high\": 0.7, \"log\": false}}"}
{"op_code":5,"worker_id":"7b2fb267-67cf-42a4-b8b5-a6afc0d3701f-139931848226624","trial_id":1,"param_name":"hidden_act","param_value_internal":1,"distribution":"{\"name\": \"CategoricalDistribution\", \"attributes\": {\"choices\": [\"gelu\", \"relu\", \"swish\"]}}"}
{"op_code":5,"worker_id":"7b2fb267-67cf-42a4-b8b5-a6afc0d3701f-139931848226624","trial_id":1,"param_name":"layer_norm_eps","param_value_internal":2,"distribution":"{\"name\": \"CategoricalDistribution\", \"attributes\": {\"choices\": [1e-12, 1e-09, 1e-06]}}"}
{"op_code":5,"worker_id":"7b2fb267-67cf-42a4-b8b5-a6afc0d3701f-139931848226624","trial_id":1,"param_name":"initializer_range","param_value_internal":0.027899044196264013,"distribution":"{\"name\": \"FloatDistribution\", \"attributes\": {\"step\": null, \"low\": 0.005, \"high\": 0.05, \"log\": false}}"}
{"op_code":5,"worker_id":"7b2fb267-67cf-42a4-b8b5-a6afc0d3701f-139931848226624","trial_id":1,"param_name":"loss_type","param_value_internal":1,"distribution":"{\"name\": \"CategoricalDistribution\", \"attributes\": {\"choices\": [\"CE\", \"BPR\"]}}"}
{"op_code":5,"worker_id":"7b2fb267-67cf-42a4-b8b5-a6afc0d3701f-139931848226624","trial_id":1,"param_name":"gamma","param_value_internal":0.05,"distribution":"{\"name\": \"FloatDistribution\", \"attributes\": {\"step\": 0.1, \"low\": 0.05, \"high\": 0.45, \"log\": false}}"}
{"op_code":8,"worker_id":"7b2fb267-67cf-42a4-b8b5-a6afc0d3701f-139931848226624","trial_id":1,"user_attr":{"best_valid_score":0.0065}}
{"op_code":8,"worker_id":"7b2fb267-67cf-42a4-b8b5-a6afc0d3701f-139931848226624","trial_id":1,"user_attr":{"best_valid_result":{"recall@10":0.0132,"recall@100":0.0834,"mrr@10":0.0045,"mrr@100":0.0063,"ndcg@10":0.0065,"ndcg@100":0.0195,"precision@10":0.0013,"precision@100":0.0008}}}
{"op_code":8,"worker_id":"7b2fb267-67cf-42a4-b8b5-a6afc0d3701f-139931848226624","trial_id":1,"user_attr":{"test_result":{"recall@10":0.011,"recall@100":0.0666,"mrr@10":0.0038,"mrr@100":0.0052,"ndcg@10":0.0054,"ndcg@100":0.0157,"precision@10":0.0011,"precision@100":0.0007}}}
{"op_code":6,"worker_id":"7b2fb267-67cf-42a4-b8b5-a6afc0d3701f-139931848226624","trial_id":1,"state":3,"values":null,"datetime_complete":"2026-01-18T12:17:13.757879"}
{"op_code":0,"worker_id":"69e75e55-9694-4a3a-8ab9-2f5e5a59685a-139859410323264","study_name":"gsau_tune_02","directions":[2]}
{"op_code":4,"worker_id":"69e75e55-9694-4a3a-8ab9-2f5e5a59685a-139859410323264","study_id":0,"datetime_start":"2026-01-18T12:21:20.971205"}
{"op_code":5,"worker_id":"69e75e55-9694-4a3a-8ab9-2f5e5a59685a-139859410323264","trial_id":2,"param_name":"n_layers","param_value_internal":2.0,"distribution":"{\"name\": \"IntDistribution\", \"attributes\": {\"log\": false, \"step\": 1, \"low\": 1, \"high\": 3}}"}
{"op_code":5,"worker_id":"69e75e55-9694-4a3a-8ab9-2f5e5a59685a-139859410323264","trial_id":2,"param_name":"n_heads","param_value_internal":3,"distribution":"{\"name\": \"CategoricalDistribution\", \"attributes\": {\"choices\": [1, 2, 4, 8]}}"}
{"op_code":5,"worker_id":"69e75e55-9694-4a3a-8ab9-2f5e5a59685a-139859410323264","trial_id":2,"param_name":"hidden_size","param_value_internal":0,"distribution":"{\"name\": \"CategoricalDistribution\", \"attributes\": {\"choices\": [32, 64, 128, 256]}}"}
{"op_code":5,"worker_id":"69e75e55-9694-4a3a-8ab9-2f5e5a59685a-139859410323264","trial_id":2,"param_name":"inner_size","param_value_internal":1,"distribution":"{\"name\": \"CategoricalDistribution\", \"attributes\": {\"choices\": [128, 256, 512]}}"}
{"op_code":5,"worker_id":"69e75e55-9694-4a3a-8ab9-2f5e5a59685a-139859410323264","trial_id":2,"param_name":"hidden_dropout_prob","param_value_internal":0.6000000000000001,"distribution":"{\"name\": \"FloatDistribution\", \"attributes\": {\"step\": 0.1, \"low\": 0.0, \"high\": 0.7, \"log\": false}}"}
{"op_code":5,"worker_id":"69e75e55-9694-4a3a-8ab9-2f5e5a59685a-139859410323264","trial_id":2,"param_name":"attn_dropout_prob","param_value_internal":0.0,"distribution":"{\"name\": \"FloatDistribution\", \"attributes\": {\"step\": 0.1, \"low\": 0.0, \"high\": 0.7, \"log\": false}}"}
{"op_code":5,"worker_id":"69e75e55-9694-4a3a-8ab9-2f5e5a59685a-139859410323264","trial_id":2,"param_name":"hidden_act","param_value_internal":1,"distribution":"{\"name\": \"CategoricalDistribution\", \"attributes\": {\"choices\": [\"gelu\", \"relu\", \"swish\"]}}"}
{"op_code":5,"worker_id":"69e75e55-9694-4a3a-8ab9-2f5e5a59685a-139859410323264","trial_id":2,"param_name":"layer_norm_eps","param_value_internal":1,"distribution":"{\"name\": \"CategoricalDistribution\", \"attributes\": {\"choices\": [1e-12, 1e-09, 1e-06]}}"}
{"op_code":5,"worker_id":"69e75e55-9694-4a3a-8ab9-2f5e5a59685a-139859410323264","trial_id":2,"param_name":"initializer_range","param_value_internal":0.011774327850403679,"distribution":"{\"name\": \"FloatDistribution\", \"attributes\": {\"step\": null, \"low\": 0.005, \"high\": 0.05, \"log\": false}}"}
{"op_code":5,"worker_id":"69e75e55-9694-4a3a-8ab9-2f5e5a59685a-139859410323264","trial_id":2,"param_name":"loss_type","param_value_internal":0,"distribution":"{\"name\": \"CategoricalDistribution\", \"attributes\": {\"choices\": [\"CE\", \"BPR\"]}}"}
{"op_code":5,"worker_id":"69e75e55-9694-4a3a-8ab9-2f5e5a59685a-139859410323264","trial_id":2,"param_name":"gamma","param_value_internal":0.35000000000000003,"distribution":"{\"name\": \"FloatDistribution\", \"attributes\": {\"step\": 0.1, \"low\": 0.05, \"high\": 0.45, \"log\": false}}"}
{"op_code":8,"worker_id":"69e75e55-9694-4a3a-8ab9-2f5e5a59685a-139859410323264","trial_id":2,"user_attr":{"best_valid_score":0.0005}}
{"op_code":8,"worker_id":"69e75e55-9694-4a3a-8ab9-2f5e5a59685a-139859410323264","trial_id":2,"user_attr":{"best_valid_result":{"recall@10":0.0011,"recall@100":0.0096,"mrr@10":0.0003,"mrr@100":0.0005,"ndcg@10":0.0005,"ndcg@100":0.0021,"precision@10":0.0001,"precision@100":0.0001}}}
{"op_code":8,"worker_id":"69e75e55-9694-4a3a-8ab9-2f5e5a59685a-139859410323264","trial_id":2,"user_attr":{"test_result":{"recall@10":0.001,"recall@100":0.0098,"mrr@10":0.0002,"mrr@100":0.0004,"ndcg@10":0.0004,"ndcg@100":0.002,"precision@10":0.0001,"precision@100":0.0001}}}
{"op_code":6,"worker_id":"69e75e55-9694-4a3a-8ab9-2f5e5a59685a-139859410323264","trial_id":2,"state":3,"values":null,"datetime_complete":"2026-01-18T12:22:45.174219"}
{"op_code":0,"worker_id":"9bb6e9c6-0d80-4619-a74f-546a41d95fdd-139699925788480","study_name":"gsau_tune_02","directions":[2]}
{"op_code":4,"worker_id":"9bb6e9c6-0d80-4619-a74f-546a41d95fdd-139699925788480","study_id":0,"datetime_start":"2026-01-18T12:23:06.560017"}
{"op_code":5,"worker_id":"9bb6e9c6-0d80-4619-a74f-546a41d95fdd-139699925788480","trial_id":3,"param_name":"n_layers","param_value_internal":1.0,"distribution":"{\"name\": \"IntDistribution\", \"attributes\": {\"log\": false, \"step\": 1, \"low\": 1, \"high\": 3}}"}
{"op_code":5,"worker_id":"9bb6e9c6-0d80-4619-a74f-546a41d95fdd-139699925788480","trial_id":3,"param_name":"n_heads","param_value_internal":0,"distribution":"{\"name\": \"CategoricalDistribution\", \"attributes\": {\"choices\": [1, 2, 4, 8]}}"}
{"op_code":5,"worker_id":"9bb6e9c6-0d80-4619-a74f-546a41d95fdd-139699925788480","trial_id":3,"param_name":"hidden_size","param_value_internal":1,"distribution":"{\"name\": \"CategoricalDistribution\", \"attributes\": {\"choices\": [32, 64, 128, 256]}}"}
{"op_code":5,"worker_id":"9bb6e9c6-0d80-4619-a74f-546a41d95fdd-139699925788480","trial_id":3,"param_name":"inner_size","param_value_internal":1,"distribution":"{\"name\": \"CategoricalDistribution\", \"attributes\": {\"choices\": [128, 256, 512]}}"}
{"op_code":5,"worker_id":"9bb6e9c6-0d80-4619-a74f-546a41d95fdd-139699925788480","trial_id":3,"param_name":"hidden_dropout_prob","param_value_internal":0.6000000000000001,"distribution":"{\"name\": \"FloatDistribution\", \"attributes\": {\"step\": 0.1, \"low\": 0.0, \"high\": 0.7, \"log\": false}}"}
{"op_code":5,"worker_id":"9bb6e9c6-0d80-4619-a74f-546a41d95fdd-139699925788480","trial_id":3,"param_name":"attn_dropout_prob","param_value_internal":0.2,"distribution":"{\"name\": \"FloatDistribution\", \"attributes\": {\"step\": 0.1, \"low\": 0.0, \"high\": 0.7, \"log\": false}}"}
{"op_code":5,"worker_id":"9bb6e9c6-0d80-4619-a74f-546a41d95fdd-139699925788480","trial_id":3,"param_name":"hidden_act","param_value_internal":2,"distribution":"{\"name\": \"CategoricalDistribution\", \"attributes\": {\"choices\": [\"gelu\", \"relu\", \"swish\"]}}"}
{"op_code":5,"worker_id":"9bb6e9c6-0d80-4619-a74f-546a41d95fdd-139699925788480","trial_id":3,"param_name":"layer_norm_eps","param_value_internal":0,"distribution":"{\"name\": \"CategoricalDistribution\", \"attributes\": {\"choices\": [1e-12, 1e-09, 1e-06]}}"}
{"op_code":5,"worker_id":"9bb6e9c6-0d80-4619-a74f-546a41d95fdd-139699925788480","trial_id":3,"param_name":"initializer_range","param_value_internal":0.04122805116218095,"distribution":"{\"name\": \"FloatDistribution\", \"attributes\": {\"step\": null, \"low\": 0.005, \"high\": 0.05, \"log\": false}}"}
{"op_code":5,"worker_id":"9bb6e9c6-0d80-4619-a74f-546a41d95fdd-139699925788480","trial_id":3,"param_name":"loss_type","param_value_internal":0,"distribution":"{\"name\": \"CategoricalDistribution\", \"attributes\": {\"choices\": [\"CE\", \"BPR\"]}}"}
{"op_code":5,"worker_id":"9bb6e9c6-0d80-4619-a74f-546a41d95fdd-139699925788480","trial_id":3,"param_name":"gamma","param_value_internal":0.15000000000000002,"distribution":"{\"name\": \"FloatDistribution\", \"attributes\": {\"step\": 0.1, \"low\": 0.05, \"high\": 0.45, \"log\": false}}"}
{"op_code":8,"worker_id":"9bb6e9c6-0d80-4619-a74f-546a41d95fdd-139699925788480","trial_id":3,"user_attr":{"best_valid_score":0.0072}}
{"op_code":8,"worker_id":"9bb6e9c6-0d80-4619-a74f-546a41d95fdd-139699925788480","trial_id":3,"user_attr":{"best_valid_result":{"recall@10":0.0149,"recall@100":0.0687,"mrr@10":0.0049,"mrr@100":0.0064,"ndcg@10":0.0072,"ndcg@100":0.0173,"precision@10":0.0015,"precision@100":0.0007}}}
{"op_code":8,"worker_id":"9bb6e9c6-0d80-4619-a74f-546a41d95fdd-139699925788480","trial_id":3,"user_attr":{"test_result":{"recall@10":0.0115,"recall@100":0.0553,"mrr@10":0.004,"mrr@100":0.0052,"ndcg@10":0.0057,"ndcg@100":0.014,"precision@10":0.0011,"precision@100":0.0006}}}
{"op_code":6,"worker_id":"9bb6e9c6-0d80-4619-a74f-546a41d95fdd-139699925788480","trial_id":3,"state":1,"values":[0.0072],"datetime_complete":"2026-01-18T12:24:24.515660"}
{"op_code":4,"worker_id":"9bb6e9c6-0d80-4619-a74f-546a41d95fdd-139699925788480","study_id":0,"datetime_start":"2026-01-18T12:24:24.516961"}
{"op_code":5,"worker_id":"9bb6e9c6-0d80-4619-a74f-546a41d95fdd-139699925788480","trial_id":4,"param_name":"n_layers","param_value_internal":3.0,"distribution":"{\"name\": \"IntDistribution\", \"attributes\": {\"log\": false, \"step\": 1, \"low\": 1, \"high\": 3}}"}
{"op_code":5,"worker_id":"9bb6e9c6-0d80-4619-a74f-546a41d95fdd-139699925788480","trial_id":4,"param_name":"n_heads","param_value_internal":2,"distribution":"{\"name\": \"CategoricalDistribution\", \"attributes\": {\"choices\": [1, 2, 4, 8]}}"}
{"op_code":5,"worker_id":"9bb6e9c6-0d80-4619-a74f-546a41d95fdd-139699925788480","trial_id":4,"param_name":"hidden_size","param_value_internal":3,"distribution":"{\"name\": \"CategoricalDistribution\", \"attributes\": {\"choices\": [32, 64, 128, 256]}}"}
{"op_code":5,"worker_id":"9bb6e9c6-0d80-4619-a74f-546a41d95fdd-139699925788480","trial_id":4,"param_name":"inner_size","param_value_internal":1,"distribution":"{\"name\": \"CategoricalDistribution\", \"attributes\": {\"choices\": [128, 256, 512]}}"}
{"op_code":5,"worker_id":"9bb6e9c6-0d80-4619-a74f-546a41d95fdd-139699925788480","trial_id":4,"param_name":"hidden_dropout_prob","param_value_internal":0.1,"distribution":"{\"name\": \"FloatDistribution\", \"attributes\": {\"step\": 0.1, \"low\": 0.0, \"high\": 0.7, \"log\": false}}"}
{"op_code":5,"worker_id":"9bb6e9c6-0d80-4619-a74f-546a41d95fdd-139699925788480","trial_id":4,"param_name":"attn_dropout_prob","param_value_internal":0.7,"distribution":"{\"name\": \"FloatDistribution\", \"attributes\": {\"step\": 0.1, \"low\": 0.0, \"high\": 0.7, \"log\": false}}"}
{"op_code":5,"worker_id":"9bb6e9c6-0d80-4619-a74f-546a41d95fdd-139699925788480","trial_id":4,"param_name":"hidden_act","param_value_internal":0,"distribution":"{\"name\": \"CategoricalDistribution\", \"attributes\": {\"choices\": [\"gelu\", \"relu\", \"swish\"]}}"}
{"op_code":5,"worker_id":"9bb6e9c6-0d80-4619-a74f-546a41d95fdd-139699925788480","trial_id":4,"param_name":"layer_norm_eps","param_value_internal":1,"distribution":"{\"name\": \"CategoricalDistribution\", \"attributes\": {\"choices\": [1e-12, 1e-09, 1e-06]}}"}
{"op_code":5,"worker_id":"9bb6e9c6-0d80-4619-a74f-546a41d95fdd-139699925788480","trial_id":4,"param_name":"initializer_range","param_value_internal":0.005310276590090114,"distribution":"{\"name\": \"FloatDistribution\", \"attributes\": {\"step\": null, \"low\": 0.005, \"high\": 0.05, \"log\": false}}"}
{"op_code":5,"worker_id":"9bb6e9c6-0d80-4619-a74f-546a41d95fdd-139699925788480","trial_id":4,"param_name":"loss_type","param_value_internal":1,"distribution":"{\"name\": \"CategoricalDistribution\", \"attributes\": {\"choices\": [\"CE\", \"BPR\"]}}"}
{"op_code":5,"worker_id":"9bb6e9c6-0d80-4619-a74f-546a41d95fdd-139699925788480","trial_id":4,"param_name":"gamma","param_value_internal":0.35000000000000003,"distribution":"{\"name\": \"FloatDistribution\", \"attributes\": {\"step\": 0.1, \"low\": 0.05, \"high\": 0.45, \"log\": false}}"}
{"op_code":6,"worker_id":"9bb6e9c6-0d80-4619-a74f-546a41d95fdd-139699925788480","trial_id":4,"state":3,"values":null,"datetime_complete":"2026-01-18T12:24:40.757993"}
{"op_code":0,"worker_id":"3d592571-1ae4-4398-bb9c-03824853aa50-140062551873344","study_name":"gsau_tune_02","directions":[2]}
{"op_code":4,"worker_id":"3d592571-1ae4-4398-bb9c-03824853aa50-140062551873344","study_id":0,"datetime_start":"2026-01-18T14:12:11.610910"}
{"op_code":5,"worker_id":"3d592571-1ae4-4398-bb9c-03824853aa50-140062551873344","trial_id":5,"param_name":"n_layers","param_value_internal":3.0,"distribution":"{\"name\": \"IntDistribution\", \"attributes\": {\"log\": false, \"step\": 1, \"low\": 1, \"high\": 3}}"}
{"op_code":5,"worker_id":"3d592571-1ae4-4398-bb9c-03824853aa50-140062551873344","trial_id":5,"param_name":"n_heads","param_value_internal":1,"distribution":"{\"name\": \"CategoricalDistribution\", \"attributes\": {\"choices\": [1, 2, 4, 8]}}"}
{"op_code":5,"worker_id":"3d592571-1ae4-4398-bb9c-03824853aa50-140062551873344","trial_id":5,"param_name":"hidden_size","param_value_internal":1,"distribution":"{\"name\": \"CategoricalDistribution\", \"attributes\": {\"choices\": [32, 64, 128, 256]}}"}
{"op_code":5,"worker_id":"3d592571-1ae4-4398-bb9c-03824853aa50-140062551873344","trial_id":5,"param_name":"inner_size","param_value_internal":1,"distribution":"{\"name\": \"CategoricalDistribution\", \"attributes\": {\"choices\": [128, 256, 512]}}"}
{"op_code":5,"worker_id":"3d592571-1ae4-4398-bb9c-03824853aa50-140062551873344","trial_id":5,"param_name":"hidden_dropout_prob","param_value_internal":0.2,"distribution":"{\"name\": \"FloatDistribution\", \"attributes\": {\"step\": 0.1, \"low\": 0.0, \"high\": 0.7, \"log\": false}}"}
{"op_code":5,"worker_id":"3d592571-1ae4-4398-bb9c-03824853aa50-140062551873344","trial_id":5,"param_name":"attn_dropout_prob","param_value_internal":0.0,"distribution":"{\"name\": \"FloatDistribution\", \"attributes\": {\"step\": 0.1, \"low\": 0.0, \"high\": 0.7, \"log\": false}}"}
{"op_code":5,"worker_id":"3d592571-1ae4-4398-bb9c-03824853aa50-140062551873344","trial_id":5,"param_name":"hidden_act","param_value_internal":0,"distribution":"{\"name\": \"CategoricalDistribution\", \"attributes\": {\"choices\": [\"gelu\", \"relu\", \"swish\"]}}"}
{"op_code":5,"worker_id":"3d592571-1ae4-4398-bb9c-03824853aa50-140062551873344","trial_id":5,"param_name":"layer_norm_eps","param_value_internal":2,"distribution":"{\"name\": \"CategoricalDistribution\", \"attributes\": {\"choices\": [1e-12, 1e-09, 1e-06]}}"}
{"op_code":5,"worker_id":"3d592571-1ae4-4398-bb9c-03824853aa50-140062551873344","trial_id":5,"param_name":"initializer_range","param_value_internal":0.03499676600814546,"distribution":"{\"name\": \"FloatDistribution\", \"attributes\": {\"step\": null, \"low\": 0.005, \"high\": 0.05, \"log\": false}}"}
{"op_code":5,"worker_id":"3d592571-1ae4-4398-bb9c-03824853aa50-140062551873344","trial_id":5,"param_name":"loss_type","param_value_internal":0,"distribution":"{\"name\": \"CategoricalDistribution\", \"attributes\": {\"choices\": [\"CE\", \"BPR\"]}}"}
{"op_code":5,"worker_id":"3d592571-1ae4-4398-bb9c-03824853aa50-140062551873344","trial_id":5,"param_name":"gamma","param_value_internal":0.35000000000000003,"distribution":"{\"name\": \"FloatDistribution\", \"attributes\": {\"step\": 0.1, \"low\": 0.05, \"high\": 0.45, \"log\": false}}"}
{"op_code":6,"worker_id":"3d592571-1ae4-4398-bb9c-03824853aa50-140062551873344","trial_id":5,"state":3,"values":null,"datetime_complete":"2026-01-18T14:12:43.151926"}
{"op_code":0,"worker_id":"1aeb2dea-75cb-4997-93cb-25fcd930b078-140407372121920","study_name":"gsau_tune_02","directions":[2]}
{"op_code":4,"worker_id":"1aeb2dea-75cb-4997-93cb-25fcd930b078-140407372121920","study_id":0,"datetime_start":"2026-01-18T14:14:24.748325"}
{"op_code":5,"worker_id":"1aeb2dea-75cb-4997-93cb-25fcd930b078-140407372121920","trial_id":6,"param_name":"n_layers","param_value_internal":3.0,"distribution":"{\"name\": \"IntDistribution\", \"attributes\": {\"log\": false, \"step\": 1, \"low\": 1, \"high\": 3}}"}
{"op_code":5,"worker_id":"1aeb2dea-75cb-4997-93cb-25fcd930b078-140407372121920","trial_id":6,"param_name":"n_heads","param_value_internal":1,"distribution":"{\"name\": \"CategoricalDistribution\", \"attributes\": {\"choices\": [1, 2, 4, 8]}}"}
{"op_code":5,"worker_id":"1aeb2dea-75cb-4997-93cb-25fcd930b078-140407372121920","trial_id":6,"param_name":"hidden_size","param_value_internal":1,"distribution":"{\"name\": \"CategoricalDistribution\", \"attributes\": {\"choices\": [32, 64, 128, 256]}}"}
{"op_code":5,"worker_id":"1aeb2dea-75cb-4997-93cb-25fcd930b078-140407372121920","trial_id":6,"param_name":"inner_size","param_value_internal":2,"distribution":"{\"name\": \"CategoricalDistribution\", \"attributes\": {\"choices\": [128, 256, 512]}}"}
{"op_code":5,"worker_id":"1aeb2dea-75cb-4997-93cb-25fcd930b078-140407372121920","trial_id":6,"param_name":"hidden_dropout_prob","param_value_internal":0.5,"distribution":"{\"name\": \"FloatDistribution\", \"attributes\": {\"step\": 0.1, \"low\": 0.0, \"high\": 0.7, \"log\": false}}"}
{"op_code":5,"worker_id":"1aeb2dea-75cb-4997-93cb-25fcd930b078-140407372121920","trial_id":6,"param_name":"attn_dropout_prob","param_value_internal":0.7,"distribution":"{\"name\": \"FloatDistribution\", \"attributes\": {\"step\": 0.1, \"low\": 0.0, \"high\": 0.7, \"log\": false}}"}
{"op_code":5,"worker_id":"1aeb2dea-75cb-4997-93cb-25fcd930b078-140407372121920","trial_id":6,"param_name":"hidden_act","param_value_internal":1,"distribution":"{\"name\": \"CategoricalDistribution\", \"attributes\": {\"choices\": [\"gelu\", \"relu\", \"swish\"]}}"}
{"op_code":5,"worker_id":"1aeb2dea-75cb-4997-93cb-25fcd930b078-140407372121920","trial_id":6,"param_name":"layer_norm_eps","param_value_internal":1,"distribution":"{\"name\": \"CategoricalDistribution\", \"attributes\": {\"choices\": [1e-12, 1e-09, 1e-06]}}"}
{"op_code":5,"worker_id":"1aeb2dea-75cb-4997-93cb-25fcd930b078-140407372121920","trial_id":6,"param_name":"initializer_range","param_value_internal":0.040710812313832834,"distribution":"{\"name\": \"FloatDistribution\", \"attributes\": {\"step\": null, \"low\": 0.005, \"high\": 0.05, \"log\": false}}"}
{"op_code":5,"worker_id":"1aeb2dea-75cb-4997-93cb-25fcd930b078-140407372121920","trial_id":6,"param_name":"loss_type","param_value_internal":0,"distribution":"{\"name\": \"CategoricalDistribution\", \"attributes\": {\"choices\": [\"CE\", \"BPR\"]}}"}
{"op_code":5,"worker_id":"1aeb2dea-75cb-4997-93cb-25fcd930b078-140407372121920","trial_id":6,"param_name":"gamma","param_value_internal":0.25,"distribution":"{\"name\": \"FloatDistribution\", \"attributes\": {\"step\": 0.1, \"low\": 0.05, \"high\": 0.45, \"log\": false}}"}
{"op_code":6,"worker_id":"1aeb2dea-75cb-4997-93cb-25fcd930b078-140407372121920","trial_id":6,"state":3,"values":null,"datetime_complete":"2026-01-18T14:14:56.207025"}
{"op_code":0,"worker_id":"c61f6b3d-8230-4ad8-8bcf-e904b240e913-140657235511104","study_name":"gsau_tune_02","directions":[2]}
{"op_code":4,"worker_id":"c61f6b3d-8230-4ad8-8bcf-e904b240e913-140657235511104","study_id":0,"datetime_start":"2026-01-18T14:15:22.167462"}
{"op_code":5,"worker_id":"c61f6b3d-8230-4ad8-8bcf-e904b240e913-140657235511104","trial_id":7,"param_name":"n_layers","param_value_internal":3.0,"distribution":"{\"name\": \"IntDistribution\", \"attributes\": {\"log\": false, \"step\": 1, \"low\": 1, \"high\": 3}}"}
{"op_code":5,"worker_id":"c61f6b3d-8230-4ad8-8bcf-e904b240e913-140657235511104","trial_id":7,"param_name":"n_heads","param_value_internal":3,"distribution":"{\"name\": \"CategoricalDistribution\", \"attributes\": {\"choices\": [1, 2, 4, 8]}}"}
{"op_code":5,"worker_id":"c61f6b3d-8230-4ad8-8bcf-e904b240e913-140657235511104","trial_id":7,"param_name":"hidden_size","param_value_internal":2,"distribution":"{\"name\": \"CategoricalDistribution\", \"attributes\": {\"choices\": [32, 64, 128, 256]}}"}
{"op_code":5,"worker_id":"c61f6b3d-8230-4ad8-8bcf-e904b240e913-140657235511104","trial_id":7,"param_name":"inner_size","param_value_internal":0,"distribution":"{\"name\": \"CategoricalDistribution\", \"attributes\": {\"choices\": [128, 256, 512]}}"}
{"op_code":5,"worker_id":"c61f6b3d-8230-4ad8-8bcf-e904b240e913-140657235511104","trial_id":7,"param_name":"hidden_dropout_prob","param_value_internal":0.0,"distribution":"{\"name\": \"FloatDistribution\", \"attributes\": {\"step\": 0.1, \"low\": 0.0, \"high\": 0.7, \"log\": false}}"}
{"op_code":5,"worker_id":"c61f6b3d-8230-4ad8-8bcf-e904b240e913-140657235511104","trial_id":7,"param_name":"attn_dropout_prob","param_value_internal":0.7,"distribution":"{\"name\": \"FloatDistribution\", \"attributes\": {\"step\": 0.1, \"low\": 0.0, \"high\": 0.7, \"log\": false}}"}
{"op_code":5,"worker_id":"c61f6b3d-8230-4ad8-8bcf-e904b240e913-140657235511104","trial_id":7,"param_name":"hidden_act","param_value_internal":0,"distribution":"{\"name\": \"CategoricalDistribution\", \"attributes\": {\"choices\": [\"gelu\", \"relu\", \"swish\"]}}"}
{"op_code":5,"worker_id":"c61f6b3d-8230-4ad8-8bcf-e904b240e913-140657235511104","trial_id":7,"param_name":"layer_norm_eps","param_value_internal":0,"distribution":"{\"name\": \"CategoricalDistribution\", \"attributes\": {\"choices\": [1e-12, 1e-09, 1e-06]}}"}
{"op_code":5,"worker_id":"c61f6b3d-8230-4ad8-8bcf-e904b240e913-140657235511104","trial_id":7,"param_name":"initializer_range","param_value_internal":0.013537393879328407,"distribution":"{\"name\": \"FloatDistribution\", \"attributes\": {\"step\": null, \"low\": 0.005, \"high\": 0.05, \"log\": false}}"}
{"op_code":5,"worker_id":"c61f6b3d-8230-4ad8-8bcf-e904b240e913-140657235511104","trial_id":7,"param_name":"loss_type","param_value_internal":0,"distribution":"{\"name\": \"CategoricalDistribution\", \"attributes\": {\"choices\": [\"CE\", \"BPR\"]}}"}
{"op_code":5,"worker_id":"c61f6b3d-8230-4ad8-8bcf-e904b240e913-140657235511104","trial_id":7,"param_name":"gamma","param_value_internal":0.45,"distribution":"{\"name\": \"FloatDistribution\", \"attributes\": {\"step\": 0.1, \"low\": 0.05, \"high\": 0.45, \"log\": false}}"}
{"op_code":6,"worker_id":"c61f6b3d-8230-4ad8-8bcf-e904b240e913-140657235511104","trial_id":7,"state":3,"values":null,"datetime_complete":"2026-01-18T14:15:53.140040"}
{"op_code":0,"worker_id":"6816ebfc-70d9-4ddd-a69a-91044eee50de-139811491100480","study_name":"gsau_tune_02","directions":[2]}
{"op_code":4,"worker_id":"6816ebfc-70d9-4ddd-a69a-91044eee50de-139811491100480","study_id":0,"datetime_start":"2026-01-18T14:16:56.240714"}
{"op_code":5,"worker_id":"6816ebfc-70d9-4ddd-a69a-91044eee50de-139811491100480","trial_id":8,"param_name":"n_layers","param_value_internal":3.0,"distribution":"{\"name\": \"IntDistribution\", \"attributes\": {\"log\": false, \"step\": 1, \"low\": 1, \"high\": 3}}"}
{"op_code":5,"worker_id":"6816ebfc-70d9-4ddd-a69a-91044eee50de-139811491100480","trial_id":8,"param_name":"n_heads","param_value_internal":3,"distribution":"{\"name\": \"CategoricalDistribution\", \"attributes\": {\"choices\": [1, 2, 4, 8]}}"}
{"op_code":5,"worker_id":"6816ebfc-70d9-4ddd-a69a-91044eee50de-139811491100480","trial_id":8,"param_name":"hidden_size","param_value_internal":3,"distribution":"{\"name\": \"CategoricalDistribution\", \"attributes\": {\"choices\": [32, 64, 128, 256]}}"}
{"op_code":5,"worker_id":"6816ebfc-70d9-4ddd-a69a-91044eee50de-139811491100480","trial_id":8,"param_name":"inner_size","param_value_internal":2,"distribution":"{\"name\": \"CategoricalDistribution\", \"attributes\": {\"choices\": [128, 256, 512]}}"}
{"op_code":5,"worker_id":"6816ebfc-70d9-4ddd-a69a-91044eee50de-139811491100480","trial_id":8,"param_name":"hidden_dropout_prob","param_value_internal":0.2,"distribution":"{\"name\": \"FloatDistribution\", \"attributes\": {\"step\": 0.1, \"low\": 0.0, \"high\": 0.7, \"log\": false}}"}
{"op_code":5,"worker_id":"6816ebfc-70d9-4ddd-a69a-91044eee50de-139811491100480","trial_id":8,"param_name":"attn_dropout_prob","param_value_internal":0.30000000000000004,"distribution":"{\"name\": \"FloatDistribution\", \"attributes\": {\"step\": 0.1, \"low\": 0.0, \"high\": 0.7, \"log\": false}}"}
{"op_code":5,"worker_id":"6816ebfc-70d9-4ddd-a69a-91044eee50de-139811491100480","trial_id":8,"param_name":"hidden_act","param_value_internal":2,"distribution":"{\"name\": \"CategoricalDistribution\", \"attributes\": {\"choices\": [\"gelu\", \"relu\", \"swish\"]}}"}
{"op_code":5,"worker_id":"6816ebfc-70d9-4ddd-a69a-91044eee50de-139811491100480","trial_id":8,"param_name":"layer_norm_eps","param_value_internal":2,"distribution":"{\"name\": \"CategoricalDistribution\", \"attributes\": {\"choices\": [1e-12, 1e-09, 1e-06]}}"}
{"op_code":5,"worker_id":"6816ebfc-70d9-4ddd-a69a-91044eee50de-139811491100480","trial_id":8,"param_name":"initializer_range","param_value_internal":0.012700946760215232,"distribution":"{\"name\": \"FloatDistribution\", \"attributes\": {\"step\": null, \"low\": 0.005, \"high\": 0.05, \"log\": false}}"}
{"op_code":5,"worker_id":"6816ebfc-70d9-4ddd-a69a-91044eee50de-139811491100480","trial_id":8,"param_name":"loss_type","param_value_internal":1,"distribution":"{\"name\": \"CategoricalDistribution\", \"attributes\": {\"choices\": [\"CE\", \"BPR\"]}}"}
{"op_code":5,"worker_id":"6816ebfc-70d9-4ddd-a69a-91044eee50de-139811491100480","trial_id":8,"param_name":"gamma","param_value_internal":0.05,"distribution":"{\"name\": \"FloatDistribution\", \"attributes\": {\"step\": 0.1, \"low\": 0.05, \"high\": 0.45, \"log\": false}}"}
{"op_code":8,"worker_id":"6816ebfc-70d9-4ddd-a69a-91044eee50de-139811491100480","trial_id":8,"user_attr":{"best_valid_score":0.0232}}
{"op_code":8,"worker_id":"6816ebfc-70d9-4ddd-a69a-91044eee50de-139811491100480","trial_id":8,"user_attr":{"best_valid_result":{"recall@10":0.0458,"recall@100":0.2421,"mrr@10":0.0164,"mrr@100":0.0219,"ndcg@10":0.0232,"ndcg@100":0.06,"precision@10":0.0046,"precision@100":0.0024}}}
{"op_code":8,"worker_id":"6816ebfc-70d9-4ddd-a69a-91044eee50de-139811491100480","trial_id":8,"user_attr":{"test_result":{"recall@10":0.0386,"recall@100":0.2013,"mrr@10":0.0135,"mrr@100":0.0181,"ndcg@10":0.0193,"ndcg@100":0.0498,"precision@10":0.0039,"precision@100":0.002}}}
{"op_code":6,"worker_id":"6816ebfc-70d9-4ddd-a69a-91044eee50de-139811491100480","trial_id":8,"state":1,"values":[0.0232],"datetime_complete":"2026-01-18T14:18:52.303827"}
{"op_code":4,"worker_id":"6816ebfc-70d9-4ddd-a69a-91044eee50de-139811491100480","study_id":0,"datetime_start":"2026-01-18T14:18:52.305309"}
{"op_code":5,"worker_id":"6816ebfc-70d9-4ddd-a69a-91044eee50de-139811491100480","trial_id":9,"param_name":"n_layers","param_value_internal":1.0,"distribution":"{\"name\": \"IntDistribution\", \"attributes\": {\"log\": false, \"step\": 1, \"low\": 1, \"high\": 3}}"}
{"op_code":5,"worker_id":"6816ebfc-70d9-4ddd-a69a-91044eee50de-139811491100480","trial_id":9,"param_name":"n_heads","param_value_internal":2,"distribution":"{\"name\": \"CategoricalDistribution\", \"attributes\": {\"choices\": [1, 2, 4, 8]}}"}
{"op_code":5,"worker_id":"6816ebfc-70d9-4ddd-a69a-91044eee50de-139811491100480","trial_id":9,"param_name":"hidden_size","param_value_internal":0,"distribution":"{\"name\": \"CategoricalDistribution\", \"attributes\": {\"choices\": [32, 64, 128, 256]}}"}
{"op_code":5,"worker_id":"6816ebfc-70d9-4ddd-a69a-91044eee50de-139811491100480","trial_id":9,"param_name":"inner_size","param_value_internal":2,"distribution":"{\"name\": \"CategoricalDistribution\", \"attributes\": {\"choices\": [128, 256, 512]}}"}
{"op_code":5,"worker_id":"6816ebfc-70d9-4ddd-a69a-91044eee50de-139811491100480","trial_id":9,"param_name":"hidden_dropout_prob","param_value_internal":0.4,"distribution":"{\"name\": \"FloatDistribution\", \"attributes\": {\"step\": 0.1, \"low\": 0.0, \"high\": 0.7, \"log\": false}}"}
{"op_code":5,"worker_id":"6816ebfc-70d9-4ddd-a69a-91044eee50de-139811491100480","trial_id":9,"param_name":"attn_dropout_prob","param_value_internal":0.5,"distribution":"{\"name\": \"FloatDistribution\", \"attributes\": {\"step\": 0.1, \"low\": 0.0, \"high\": 0.7, \"log\": false}}"}
{"op_code":5,"worker_id":"6816ebfc-70d9-4ddd-a69a-91044eee50de-139811491100480","trial_id":9,"param_name":"hidden_act","param_value_internal":0,"distribution":"{\"name\": \"CategoricalDistribution\", \"attributes\": {\"choices\": [\"gelu\", \"relu\", \"swish\"]}}"}
{"op_code":5,"worker_id":"6816ebfc-70d9-4ddd-a69a-91044eee50de-139811491100480","trial_id":9,"param_name":"layer_norm_eps","param_value_internal":1,"distribution":"{\"name\": \"CategoricalDistribution\", \"attributes\": {\"choices\": [1e-12, 1e-09, 1e-06]}}"}
{"op_code":5,"worker_id":"6816ebfc-70d9-4ddd-a69a-91044eee50de-139811491100480","trial_id":9,"param_name":"initializer_range","param_value_internal":0.04506977739690039,"distribution":"{\"name\": \"FloatDistribution\", \"attributes\": {\"step\": null, \"low\": 0.005, \"high\": 0.05, \"log\": false}}"}
{"op_code":5,"worker_id":"6816ebfc-70d9-4ddd-a69a-91044eee50de-139811491100480","trial_id":9,"param_name":"loss_type","param_value_internal":0,"distribution":"{\"name\": \"CategoricalDistribution\", \"attributes\": {\"choices\": [\"CE\", \"BPR\"]}}"}
{"op_code":5,"worker_id":"6816ebfc-70d9-4ddd-a69a-91044eee50de-139811491100480","trial_id":9,"param_name":"gamma","param_value_internal":0.25,"distribution":"{\"name\": \"FloatDistribution\", \"attributes\": {\"step\": 0.1, \"low\": 0.05, \"high\": 0.45, \"log\": false}}"}
{"op_code":8,"worker_id":"6816ebfc-70d9-4ddd-a69a-91044eee50de-139811491100480","trial_id":9,"user_attr":{"best_valid_score":0.0024}}
{"op_code":8,"worker_id":"6816ebfc-70d9-4ddd-a69a-91044eee50de-139811491100480","trial_id":9,"user_attr":{"best_valid_result":{"recall@10":0.0049,"recall@100":0.0275,"mrr@10":0.0017,"mrr@100":0.0023,"ndcg@10":0.0024,"ndcg@100":0.0067,"precision@10":0.0005,"precision@100":0.0003}}}
{"op_code":8,"worker_id":"6816ebfc-70d9-4ddd-a69a-91044eee50de-139811491100480","trial_id":9,"user_attr":{"test_result":{"recall@10":0.0047,"recall@100":0.0308,"mrr@10":0.0016,"mrr@100":0.0023,"ndcg@10":0.0023,"ndcg@100":0.0071,"precision@10":0.0005,"precision@100":0.0003}}}
{"op_code":6,"worker_id":"6816ebfc-70d9-4ddd-a69a-91044eee50de-139811491100480","trial_id":9,"state":1,"values":[0.0024],"datetime_complete":"2026-01-18T14:20:09.705140"}
{"op_code":4,"worker_id":"6816ebfc-70d9-4ddd-a69a-91044eee50de-139811491100480","study_id":0,"datetime_start":"2026-01-18T14:20:09.706682"}
{"op_code":5,"worker_id":"6816ebfc-70d9-4ddd-a69a-91044eee50de-139811491100480","trial_id":10,"param_name":"n_layers","param_value_internal":2.0,"distribution":"{\"name\": \"IntDistribution\", \"attributes\": {\"log\": false, \"step\": 1, \"low\": 1, \"high\": 3}}"}
{"op_code":5,"worker_id":"6816ebfc-70d9-4ddd-a69a-91044eee50de-139811491100480","trial_id":10,"param_name":"n_heads","param_value_internal":2,"distribution":"{\"name\": \"CategoricalDistribution\", \"attributes\": {\"choices\": [1, 2, 4, 8]}}"}
{"op_code":5,"worker_id":"6816ebfc-70d9-4ddd-a69a-91044eee50de-139811491100480","trial_id":10,"param_name":"hidden_size","param_value_internal":0,"distribution":"{\"name\": \"CategoricalDistribution\", \"attributes\": {\"choices\": [32, 64, 128, 256]}}"}
{"op_code":5,"worker_id":"6816ebfc-70d9-4ddd-a69a-91044eee50de-139811491100480","trial_id":10,"param_name":"inner_size","param_value_internal":0,"distribution":"{\"name\": \"CategoricalDistribution\", \"attributes\": {\"choices\": [128, 256, 512]}}"}
{"op_code":5,"worker_id":"6816ebfc-70d9-4ddd-a69a-91044eee50de-139811491100480","trial_id":10,"param_name":"hidden_dropout_prob","param_value_internal":0.0,"distribution":"{\"name\": \"FloatDistribution\", \"attributes\": {\"step\": 0.1, \"low\": 0.0, \"high\": 0.7, \"log\": false}}"}
{"op_code":5,"worker_id":"6816ebfc-70d9-4ddd-a69a-91044eee50de-139811491100480","trial_id":10,"param_name":"attn_dropout_prob","param_value_internal":0.2,"distribution":"{\"name\": \"FloatDistribution\", \"attributes\": {\"step\": 0.1, \"low\": 0.0, \"high\": 0.7, \"log\": false}}"}
{"op_code":5,"worker_id":"6816ebfc-70d9-4ddd-a69a-91044eee50de-139811491100480","trial_id":10,"param_name":"hidden_act","param_value_internal":0,"distribution":"{\"name\": \"CategoricalDistribution\", \"attributes\": {\"choices\": [\"gelu\", \"relu\", \"swish\"]}}"}
{"op_code":5,"worker_id":"6816ebfc-70d9-4ddd-a69a-91044eee50de-139811491100480","trial_id":10,"param_name":"layer_norm_eps","param_value_internal":1,"distribution":"{\"name\": \"CategoricalDistribution\", \"attributes\": {\"choices\": [1e-12, 1e-09, 1e-06]}}"}
{"op_code":5,"worker_id":"6816ebfc-70d9-4ddd-a69a-91044eee50de-139811491100480","trial_id":10,"param_name":"initializer_range","param_value_internal":0.009068734677963613,"distribution":"{\"name\": \"FloatDistribution\", \"attributes\": {\"step\": null, \"low\": 0.005, \"high\": 0.05, \"log\": false}}"}
{"op_code":5,"worker_id":"6816ebfc-70d9-4ddd-a69a-91044eee50de-139811491100480","trial_id":10,"param_name":"loss_type","param_value_internal":0,"distribution":"{\"name\": \"CategoricalDistribution\", \"attributes\": {\"choices\": [\"CE\", \"BPR\"]}}"}
{"op_code":5,"worker_id":"6816ebfc-70d9-4ddd-a69a-91044eee50de-139811491100480","trial_id":10,"param_name":"gamma","param_value_internal":0.15000000000000002,"distribution":"{\"name\": \"FloatDistribution\", \"attributes\": {\"step\": 0.1, \"low\": 0.05, \"high\": 0.45, \"log\": false}}"}
{"op_code":8,"worker_id":"6816ebfc-70d9-4ddd-a69a-91044eee50de-139811491100480","trial_id":10,"user_attr":{"best_valid_score":0.0064}}
{"op_code":8,"worker_id":"6816ebfc-70d9-4ddd-a69a-91044eee50de-139811491100480","trial_id":10,"user_attr":{"best_valid_result":{"recall@10":0.0124,"recall@100":0.0619,"mrr@10":0.0046,"mrr@100":0.006,"ndcg@10":0.0064,"ndcg@100":0.0158,"precision@10":0.0012,"precision@100":0.0006}}}
{"op_code":8,"worker_id":"6816ebfc-70d9-4ddd-a69a-91044eee50de-139811491100480","trial_id":10,"user_attr":{"test_result":{"recall@10":0.0107,"recall@100":0.0575,"mrr@10":0.0038,"mrr@100":0.0052,"ndcg@10":0.0054,"ndcg@100":0.0142,"precision@10":0.0011,"precision@100":0.0006}}}
{"op_code":6,"worker_id":"6816ebfc-70d9-4ddd-a69a-91044eee50de-139811491100480","trial_id":10,"state":1,"values":[0.0064],"datetime_complete":"2026-01-18T14:21:32.500980"}
{"op_code":4,"worker_id":"6816ebfc-70d9-4ddd-a69a-91044eee50de-139811491100480","study_id":0,"datetime_start":"2026-01-18T14:21:32.501941"}
{"op_code":5,"worker_id":"6816ebfc-70d9-4ddd-a69a-91044eee50de-139811491100480","trial_id":11,"param_name":"n_layers","param_value_internal":1.0,"distribution":"{\"name\": \"IntDistribution\", \"attributes\": {\"log\": false, \"step\": 1, \"low\": 1, \"high\": 3}}"}
{"op_code":5,"worker_id":"6816ebfc-70d9-4ddd-a69a-91044eee50de-139811491100480","trial_id":11,"param_name":"n_heads","param_value_internal":0,"distribution":"{\"name\": \"CategoricalDistribution\", \"attributes\": {\"choices\": [1, 2, 4, 8]}}"}
{"op_code":5,"worker_id":"6816ebfc-70d9-4ddd-a69a-91044eee50de-139811491100480","trial_id":11,"param_name":"hidden_size","param_value_internal":2,"distribution":"{\"name\": \"CategoricalDistribution\", \"attributes\": {\"choices\": [32, 64, 128, 256]}}"}
{"op_code":5,"worker_id":"6816ebfc-70d9-4ddd-a69a-91044eee50de-139811491100480","trial_id":11,"param_name":"inner_size","param_value_internal":0,"distribution":"{\"name\": \"CategoricalDistribution\", \"attributes\": {\"choices\": [128, 256, 512]}}"}
{"op_code":5,"worker_id":"6816ebfc-70d9-4ddd-a69a-91044eee50de-139811491100480","trial_id":11,"param_name":"hidden_dropout_prob","param_value_internal":0.1,"distribution":"{\"name\": \"FloatDistribution\", \"attributes\": {\"step\": 0.1, \"low\": 0.0, \"high\": 0.7, \"log\": false}}"}
{"op_code":5,"worker_id":"6816ebfc-70d9-4ddd-a69a-91044eee50de-139811491100480","trial_id":11,"param_name":"attn_dropout_prob","param_value_internal":0.1,"distribution":"{\"name\": \"FloatDistribution\", \"attributes\": {\"step\": 0.1, \"low\": 0.0, \"high\": 0.7, \"log\": false}}"}
{"op_code":5,"worker_id":"6816ebfc-70d9-4ddd-a69a-91044eee50de-139811491100480","trial_id":11,"param_name":"hidden_act","param_value_internal":2,"distribution":"{\"name\": \"CategoricalDistribution\", \"attributes\": {\"choices\": [\"gelu\", \"relu\", \"swish\"]}}"}
{"op_code":5,"worker_id":"6816ebfc-70d9-4ddd-a69a-91044eee50de-139811491100480","trial_id":11,"param_name":"layer_norm_eps","param_value_internal":0,"distribution":"{\"name\": \"CategoricalDistribution\", \"attributes\": {\"choices\": [1e-12, 1e-09, 1e-06]}}"}
{"op_code":5,"worker_id":"6816ebfc-70d9-4ddd-a69a-91044eee50de-139811491100480","trial_id":11,"param_name":"initializer_range","param_value_internal":0.03782852107974273,"distribution":"{\"name\": \"FloatDistribution\", \"attributes\": {\"step\": null, \"low\": 0.005, \"high\": 0.05, \"log\": false}}"}
{"op_code":5,"worker_id":"6816ebfc-70d9-4ddd-a69a-91044eee50de-139811491100480","trial_id":11,"param_name":"loss_type","param_value_internal":0,"distribution":"{\"name\": \"CategoricalDistribution\", \"attributes\": {\"choices\": [\"CE\", \"BPR\"]}}"}
{"op_code":5,"worker_id":"6816ebfc-70d9-4ddd-a69a-91044eee50de-139811491100480","trial_id":11,"param_name":"gamma","param_value_internal":0.15000000000000002,"distribution":"{\"name\": \"FloatDistribution\", \"attributes\": {\"step\": 0.1, \"low\": 0.05, \"high\": 0.45, \"log\": false}}"}
{"op_code":8,"worker_id":"6816ebfc-70d9-4ddd-a69a-91044eee50de-139811491100480","trial_id":11,"user_attr":{"best_valid_score":0.0461}}
{"op_code":8,"worker_id":"6816ebfc-70d9-4ddd-a69a-91044eee50de-139811491100480","trial_id":11,"user_attr":{"best_valid_result":{"recall@10":0.0976,"recall@100":0.3299,"mrr@10":0.0304,"mrr@100":0.0381,"ndcg@10":0.0461,"ndcg@100":0.0916,"precision@10":0.0098,"precision@100":0.0033}}}
{"op_code":8,"worker_id":"6816ebfc-70d9-4ddd-a69a-91044eee50de-139811491100480","trial_id":11,"user_attr":{"test_result":{"recall@10":0.0796,"recall@100":0.2722,"mrr@10":0.0246,"mrr@100":0.0309,"ndcg@10":0.0374,"ndcg@100":0.075,"precision@10":0.008,"precision@100":0.0027}}}
{"op_code":6,"worker_id":"6816ebfc-70d9-4ddd-a69a-91044eee50de-139811491100480","trial_id":11,"state":1,"values":[0.0461],"datetime_complete":"2026-01-18T14:22:50.257273"}
{"op_code":4,"worker_id":"6816ebfc-70d9-4ddd-a69a-91044eee50de-139811491100480","study_id":0,"datetime_start":"2026-01-18T14:22:50.258461"}
{"op_code":5,"worker_id":"6816ebfc-70d9-4ddd-a69a-91044eee50de-139811491100480","trial_id":12,"param_name":"n_layers","param_value_internal":3.0,"distribution":"{\"name\": \"IntDistribution\", \"attributes\": {\"log\": false, \"step\": 1, \"low\": 1, \"high\": 3}}"}
{"op_code":5,"worker_id":"6816ebfc-70d9-4ddd-a69a-91044eee50de-139811491100480","trial_id":12,"param_name":"n_heads","param_value_internal":1,"distribution":"{\"name\": \"CategoricalDistribution\", \"attributes\": {\"choices\": [1, 2, 4, 8]}}"}
{"op_code":5,"worker_id":"6816ebfc-70d9-4ddd-a69a-91044eee50de-139811491100480","trial_id":12,"param_name":"hidden_size","param_value_internal":1,"distribution":"{\"name\": \"CategoricalDistribution\", \"attributes\": {\"choices\": [32, 64, 128, 256]}}"}
{"op_code":5,"worker_id":"6816ebfc-70d9-4ddd-a69a-91044eee50de-139811491100480","trial_id":12,"param_name":"inner_size","param_value_internal":0,"distribution":"{\"name\": \"CategoricalDistribution\", \"attributes\": {\"choices\": [128, 256, 512]}}"}
{"op_code":5,"worker_id":"6816ebfc-70d9-4ddd-a69a-91044eee50de-139811491100480","trial_id":12,"param_name":"hidden_dropout_prob","param_value_internal":0.5,"distribution":"{\"name\": \"FloatDistribution\", \"attributes\": {\"step\": 0.1, \"low\": 0.0, \"high\": 0.7, \"log\": false}}"}
{"op_code":5,"worker_id":"6816ebfc-70d9-4ddd-a69a-91044eee50de-139811491100480","trial_id":12,"param_name":"attn_dropout_prob","param_value_internal":0.2,"distribution":"{\"name\": \"FloatDistribution\", \"attributes\": {\"step\": 0.1, \"low\": 0.0, \"high\": 0.7, \"log\": false}}"}
{"op_code":5,"worker_id":"6816ebfc-70d9-4ddd-a69a-91044eee50de-139811491100480","trial_id":12,"param_name":"hidden_act","param_value_internal":1,"distribution":"{\"name\": \"CategoricalDistribution\", \"attributes\": {\"choices\": [\"gelu\", \"relu\", \"swish\"]}}"}
{"op_code":5,"worker_id":"6816ebfc-70d9-4ddd-a69a-91044eee50de-139811491100480","trial_id":12,"param_name":"layer_norm_eps","param_value_internal":0,"distribution":"{\"name\": \"CategoricalDistribution\", \"attributes\": {\"choices\": [1e-12, 1e-09, 1e-06]}}"}
{"op_code":5,"worker_id":"6816ebfc-70d9-4ddd-a69a-91044eee50de-139811491100480","trial_id":12,"param_name":"initializer_range","param_value_internal":0.024348994691033837,"distribution":"{\"name\": \"FloatDistribution\", \"attributes\": {\"step\": null, \"low\": 0.005, \"high\": 0.05, \"log\": false}}"}
{"op_code":5,"worker_id":"6816ebfc-70d9-4ddd-a69a-91044eee50de-139811491100480","trial_id":12,"param_name":"loss_type","param_value_internal":1,"distribution":"{\"name\": \"CategoricalDistribution\", \"attributes\": {\"choices\": [\"CE\", \"BPR\"]}}"}
{"op_code":5,"worker_id":"6816ebfc-70d9-4ddd-a69a-91044eee50de-139811491100480","trial_id":12,"param_name":"gamma","param_value_internal":0.05,"distribution":"{\"name\": \"FloatDistribution\", \"attributes\": {\"step\": 0.1, \"low\": 0.05, \"high\": 0.45, \"log\": false}}"}
{"op_code":8,"worker_id":"6816ebfc-70d9-4ddd-a69a-91044eee50de-139811491100480","trial_id":12,"user_attr":{"best_valid_score":0.0056}}
{"op_code":8,"worker_id":"6816ebfc-70d9-4ddd-a69a-91044eee50de-139811491100480","trial_id":12,"user_attr":{"best_valid_result":{"recall@10":0.011,"recall@100":0.0827,"mrr@10":0.004,"mrr@100":0.0059,"ndcg@10":0.0056,"ndcg@100":0.0189,"precision@10":0.0011,"precision@100":0.0008}}}
{"op_code":8,"worker_id":"6816ebfc-70d9-4ddd-a69a-91044eee50de-139811491100480","trial_id":12,"user_attr":{"test_result":{"recall@10":0.0089,"recall@100":0.0665,"mrr@10":0.0031,"mrr@100":0.0046,"ndcg@10":0.0045,"ndcg@100":0.0151,"precision@10":0.0009,"precision@100":0.0007}}}
{"op_code":6,"worker_id":"6816ebfc-70d9-4ddd-a69a-91044eee50de-139811491100480","trial_id":12,"state":1,"values":[0.0056],"datetime_complete":"2026-01-18T14:24:21.784521"}
{"op_code":4,"worker_id":"6816ebfc-70d9-4ddd-a69a-91044eee50de-139811491100480","study_id":0,"datetime_start":"2026-01-18T14:24:21.785677"}
{"op_code":5,"worker_id":"6816ebfc-70d9-4ddd-a69a-91044eee50de-139811491100480","trial_id":13,"param_name":"n_layers","param_value_internal":2.0,"distribution":"{\"name\": \"IntDistribution\", \"attributes\": {\"log\": false, \"step\": 1, \"low\": 1, \"high\": 3}}"}
{"op_code":5,"worker_id":"6816ebfc-70d9-4ddd-a69a-91044eee50de-139811491100480","trial_id":13,"param_name":"n_heads","param_value_internal":2,"distribution":"{\"name\": \"CategoricalDistribution\", \"attributes\": {\"choices\": [1, 2, 4, 8]}}"}
{"op_code":5,"worker_id":"6816ebfc-70d9-4ddd-a69a-91044eee50de-139811491100480","trial_id":13,"param_name":"hidden_size","param_value_internal":1,"distribution":"{\"name\": \"CategoricalDistribution\", \"attributes\": {\"choices\": [32, 64, 128, 256]}}"}
{"op_code":5,"worker_id":"6816ebfc-70d9-4ddd-a69a-91044eee50de-139811491100480","trial_id":13,"param_name":"inner_size","param_value_internal":2,"distribution":"{\"name\": \"CategoricalDistribution\", \"attributes\": {\"choices\": [128, 256, 512]}}"}
{"op_code":5,"worker_id":"6816ebfc-70d9-4ddd-a69a-91044eee50de-139811491100480","trial_id":13,"param_name":"hidden_dropout_prob","param_value_internal":0.7,"distribution":"{\"name\": \"FloatDistribution\", \"attributes\": {\"step\": 0.1, \"low\": 0.0, \"high\": 0.7, \"log\": false}}"}
{"op_code":5,"worker_id":"6816ebfc-70d9-4ddd-a69a-91044eee50de-139811491100480","trial_id":13,"param_name":"attn_dropout_prob","param_value_internal":0.1,"distribution":"{\"name\": \"FloatDistribution\", \"attributes\": {\"step\": 0.1, \"low\": 0.0, \"high\": 0.7, \"log\": false}}"}
{"op_code":5,"worker_id":"6816ebfc-70d9-4ddd-a69a-91044eee50de-139811491100480","trial_id":13,"param_name":"hidden_act","param_value_internal":1,"distribution":"{\"name\": \"CategoricalDistribution\", \"attributes\": {\"choices\": [\"gelu\", \"relu\", \"swish\"]}}"}
{"op_code":5,"worker_id":"6816ebfc-70d9-4ddd-a69a-91044eee50de-139811491100480","trial_id":13,"param_name":"layer_norm_eps","param_value_internal":0,"distribution":"{\"name\": \"CategoricalDistribution\", \"attributes\": {\"choices\": [1e-12, 1e-09, 1e-06]}}"}
{"op_code":5,"worker_id":"6816ebfc-70d9-4ddd-a69a-91044eee50de-139811491100480","trial_id":13,"param_name":"initializer_range","param_value_internal":0.038597351968149445,"distribution":"{\"name\": \"FloatDistribution\", \"attributes\": {\"step\": null, \"low\": 0.005, \"high\": 0.05, \"log\": false}}"}
{"op_code":5,"worker_id":"6816ebfc-70d9-4ddd-a69a-91044eee50de-139811491100480","trial_id":13,"param_name":"loss_type","param_value_internal":0,"distribution":"{\"name\": \"CategoricalDistribution\", \"attributes\": {\"choices\": [\"CE\", \"BPR\"]}}"}
{"op_code":5,"worker_id":"6816ebfc-70d9-4ddd-a69a-91044eee50de-139811491100480","trial_id":13,"param_name":"gamma","param_value_internal":0.25,"distribution":"{\"name\": \"FloatDistribution\", \"attributes\": {\"step\": 0.1, \"low\": 0.05, \"high\": 0.45, \"log\": false}}"}
{"op_code":8,"worker_id":"6816ebfc-70d9-4ddd-a69a-91044eee50de-139811491100480","trial_id":13,"user_attr":{"best_valid_score":0.0011}}
{"op_code":8,"worker_id":"6816ebfc-70d9-4ddd-a69a-91044eee50de-139811491100480","trial_id":13,"user_attr":{"best_valid_result":{"recall@10":0.0022,"recall@100":0.0171,"mrr@10":0.0008,"mrr@100":0.0012,"ndcg@10":0.0011,"ndcg@100":0.0039,"precision@10":0.0002,"precision@100":0.0002}}}
{"op_code":8,"worker_id":"6816ebfc-70d9-4ddd-a69a-91044eee50de-139811491100480","trial_id":13,"user_attr":{"test_result":{"recall@10":0.0027,"recall@100":0.0229,"mrr@10":0.0009,"mrr@100":0.0014,"ndcg@10":0.0013,"ndcg@100":0.005,"precision@10":0.0003,"precision@100":0.0002}}}
{"op_code":6,"worker_id":"6816ebfc-70d9-4ddd-a69a-91044eee50de-139811491100480","trial_id":13,"state":1,"values":[0.0011],"datetime_complete":"2026-01-18T14:25:47.127516"}
{"op_code":4,"worker_id":"6816ebfc-70d9-4ddd-a69a-91044eee50de-139811491100480","study_id":0,"datetime_start":"2026-01-18T14:25:47.128588"}
{"op_code":5,"worker_id":"6816ebfc-70d9-4ddd-a69a-91044eee50de-139811491100480","trial_id":14,"param_name":"n_layers","param_value_internal":2.0,"distribution":"{\"name\": \"IntDistribution\", \"attributes\": {\"log\": false, \"step\": 1, \"low\": 1, \"high\": 3}}"}
{"op_code":5,"worker_id":"6816ebfc-70d9-4ddd-a69a-91044eee50de-139811491100480","trial_id":14,"param_name":"n_heads","param_value_internal":1,"distribution":"{\"name\": \"CategoricalDistribution\", \"attributes\": {\"choices\": [1, 2, 4, 8]}}"}
{"op_code":5,"worker_id":"6816ebfc-70d9-4ddd-a69a-91044eee50de-139811491100480","trial_id":14,"param_name":"hidden_size","param_value_internal":1,"distribution":"{\"name\": \"CategoricalDistribution\", \"attributes\": {\"choices\": [32, 64, 128, 256]}}"}
{"op_code":5,"worker_id":"6816ebfc-70d9-4ddd-a69a-91044eee50de-139811491100480","trial_id":14,"param_name":"inner_size","param_value_internal":2,"distribution":"{\"name\": \"CategoricalDistribution\", \"attributes\": {\"choices\": [128, 256, 512]}}"}
{"op_code":5,"worker_id":"6816ebfc-70d9-4ddd-a69a-91044eee50de-139811491100480","trial_id":14,"param_name":"hidden_dropout_prob","param_value_internal":0.30000000000000004,"distribution":"{\"name\": \"FloatDistribution\", \"attributes\": {\"step\": 0.1, \"low\": 0.0, \"high\": 0.7, \"log\": false}}"}
{"op_code":5,"worker_id":"6816ebfc-70d9-4ddd-a69a-91044eee50de-139811491100480","trial_id":14,"param_name":"attn_dropout_prob","param_value_internal":0.2,"distribution":"{\"name\": \"FloatDistribution\", \"attributes\": {\"step\": 0.1, \"low\": 0.0, \"high\": 0.7, \"log\": false}}"}
{"op_code":5,"worker_id":"6816ebfc-70d9-4ddd-a69a-91044eee50de-139811491100480","trial_id":14,"param_name":"hidden_act","param_value_internal":0,"distribution":"{\"name\": \"CategoricalDistribution\", \"attributes\": {\"choices\": [\"gelu\", \"relu\", \"swish\"]}}"}
{"op_code":5,"worker_id":"6816ebfc-70d9-4ddd-a69a-91044eee50de-139811491100480","trial_id":14,"param_name":"layer_norm_eps","param_value_internal":0,"distribution":"{\"name\": \"CategoricalDistribution\", \"attributes\": {\"choices\": [1e-12, 1e-09, 1e-06]}}"}
{"op_code":5,"worker_id":"6816ebfc-70d9-4ddd-a69a-91044eee50de-139811491100480","trial_id":14,"param_name":"initializer_range","param_value_internal":0.009428098128078675,"distribution":"{\"name\": \"FloatDistribution\", \"attributes\": {\"step\": null, \"low\": 0.005, \"high\": 0.05, \"log\": false}}"}
{"op_code":5,"worker_id":"6816ebfc-70d9-4ddd-a69a-91044eee50de-139811491100480","trial_id":14,"param_name":"loss_type","param_value_internal":0,"distribution":"{\"name\": \"CategoricalDistribution\", \"attributes\": {\"choices\": [\"CE\", \"BPR\"]}}"}
{"op_code":5,"worker_id":"6816ebfc-70d9-4ddd-a69a-91044eee50de-139811491100480","trial_id":14,"param_name":"gamma","param_value_internal":0.25,"distribution":"{\"name\": \"FloatDistribution\", \"attributes\": {\"step\": 0.1, \"low\": 0.05, \"high\": 0.45, \"log\": false}}"}
{"op_code":8,"worker_id":"6816ebfc-70d9-4ddd-a69a-91044eee50de-139811491100480","trial_id":14,"user_attr":{"best_valid_score":0.0017}}
{"op_code":8,"worker_id":"6816ebfc-70d9-4ddd-a69a-91044eee50de-139811491100480","trial_id":14,"user_attr":{"best_valid_result":{"recall@10":0.0037,"recall@100":0.0244,"mrr@10":0.0012,"mrr@100":0.0017,"ndcg@10":0.0017,"ndcg@100":0.0056,"precision@10":0.0004,"precision@100":0.0002}}}
{"op_code":8,"worker_id":"6816ebfc-70d9-4ddd-a69a-91044eee50de-139811491100480","trial_id":14,"user_attr":{"test_result":{"recall@10":0.004,"recall@100":0.0283,"mrr@10":0.0013,"mrr@100":0.002,"ndcg@10":0.0019,"ndcg@100":0.0064,"precision@10":0.0004,"precision@100":0.0003}}}
{"op_code":6,"worker_id":"6816ebfc-70d9-4ddd-a69a-91044eee50de-139811491100480","trial_id":14,"state":1,"values":[0.0017],"datetime_complete":"2026-01-18T14:27:14.294458"}
{"op_code":4,"worker_id":"6816ebfc-70d9-4ddd-a69a-91044eee50de-139811491100480","study_id":0,"datetime_start":"2026-01-18T14:27:14.295502"}
{"op_code":5,"worker_id":"6816ebfc-70d9-4ddd-a69a-91044eee50de-139811491100480","trial_id":15,"param_name":"n_layers","param_value_internal":1.0,"distribution":"{\"name\": \"IntDistribution\", \"attributes\": {\"log\": false, \"step\": 1, \"low\": 1, \"high\": 3}}"}
{"op_code":5,"worker_id":"6816ebfc-70d9-4ddd-a69a-91044eee50de-139811491100480","trial_id":15,"param_name":"n_heads","param_value_internal":1,"distribution":"{\"name\": \"CategoricalDistribution\", \"attributes\": {\"choices\": [1, 2, 4, 8]}}"}
{"op_code":5,"worker_id":"6816ebfc-70d9-4ddd-a69a-91044eee50de-139811491100480","trial_id":15,"param_name":"hidden_size","param_value_internal":3,"distribution":"{\"name\": \"CategoricalDistribution\", \"attributes\": {\"choices\": [32, 64, 128, 256]}}"}
{"op_code":5,"worker_id":"6816ebfc-70d9-4ddd-a69a-91044eee50de-139811491100480","trial_id":15,"param_name":"inner_size","param_value_internal":2,"distribution":"{\"name\": \"CategoricalDistribution\", \"attributes\": {\"choices\": [128, 256, 512]}}"}
{"op_code":5,"worker_id":"6816ebfc-70d9-4ddd-a69a-91044eee50de-139811491100480","trial_id":15,"param_name":"hidden_dropout_prob","param_value_internal":0.7,"distribution":"{\"name\": \"FloatDistribution\", \"attributes\": {\"step\": 0.1, \"low\": 0.0, \"high\": 0.7, \"log\": false}}"}
{"op_code":5,"worker_id":"6816ebfc-70d9-4ddd-a69a-91044eee50de-139811491100480","trial_id":15,"param_name":"attn_dropout_prob","param_value_internal":0.1,"distribution":"{\"name\": \"FloatDistribution\", \"attributes\": {\"step\": 0.1, \"low\": 0.0, \"high\": 0.7, \"log\": false}}"}
{"op_code":5,"worker_id":"6816ebfc-70d9-4ddd-a69a-91044eee50de-139811491100480","trial_id":15,"param_name":"hidden_act","param_value_internal":2,"distribution":"{\"name\": \"CategoricalDistribution\", \"attributes\": {\"choices\": [\"gelu\", \"relu\", \"swish\"]}}"}
{"op_code":5,"worker_id":"6816ebfc-70d9-4ddd-a69a-91044eee50de-139811491100480","trial_id":15,"param_name":"layer_norm_eps","param_value_internal":0,"distribution":"{\"name\": \"CategoricalDistribution\", \"attributes\": {\"choices\": [1e-12, 1e-09, 1e-06]}}"}
{"op_code":5,"worker_id":"6816ebfc-70d9-4ddd-a69a-91044eee50de-139811491100480","trial_id":15,"param_name":"initializer_range","param_value_internal":0.04978150701322161,"distribution":"{\"name\": \"FloatDistribution\", \"attributes\": {\"step\": null, \"low\": 0.005, \"high\": 0.05, \"log\": false}}"}
{"op_code":5,"worker_id":"6816ebfc-70d9-4ddd-a69a-91044eee50de-139811491100480","trial_id":15,"param_name":"loss_type","param_value_internal":1,"distribution":"{\"name\": \"CategoricalDistribution\", \"attributes\": {\"choices\": [\"CE\", \"BPR\"]}}"}
{"op_code":5,"worker_id":"6816ebfc-70d9-4ddd-a69a-91044eee50de-139811491100480","trial_id":15,"param_name":"gamma","param_value_internal":0.35000000000000003,"distribution":"{\"name\": \"FloatDistribution\", \"attributes\": {\"step\": 0.1, \"low\": 0.05, \"high\": 0.45, \"log\": false}}"}
{"op_code":8,"worker_id":"6816ebfc-70d9-4ddd-a69a-91044eee50de-139811491100480","trial_id":15,"user_attr":{"best_valid_score":0.009}}
{"op_code":8,"worker_id":"6816ebfc-70d9-4ddd-a69a-91044eee50de-139811491100480","trial_id":15,"user_attr":{"best_valid_result":{"recall@10":0.0191,"recall@100":0.0864,"mrr@10":0.006,"mrr@100":0.0081,"ndcg@10":0.009,"ndcg@100":0.022,"precision@10":0.0019,"precision@100":0.0009}}}
{"op_code":8,"worker_id":"6816ebfc-70d9-4ddd-a69a-91044eee50de-139811491100480","trial_id":15,"user_attr":{"test_result":{"recall@10":0.0156,"recall@100":0.0756,"mrr@10":0.005,"mrr@100":0.0067,"ndcg@10":0.0074,"ndcg@100":0.0188,"precision@10":0.0016,"precision@100":0.0008}}}
{"op_code":6,"worker_id":"6816ebfc-70d9-4ddd-a69a-91044eee50de-139811491100480","trial_id":15,"state":1,"values":[0.009],"datetime_complete":"2026-01-18T14:28:38.317021"}
{"op_code":4,"worker_id":"6816ebfc-70d9-4ddd-a69a-91044eee50de-139811491100480","study_id":0,"datetime_start":"2026-01-18T14:28:38.318467"}
{"op_code":5,"worker_id":"6816ebfc-70d9-4ddd-a69a-91044eee50de-139811491100480","trial_id":16,"param_name":"n_layers","param_value_internal":3.0,"distribution":"{\"name\": \"IntDistribution\", \"attributes\": {\"log\": false, \"step\": 1, \"low\": 1, \"high\": 3}}"}
{"op_code":5,"worker_id":"6816ebfc-70d9-4ddd-a69a-91044eee50de-139811491100480","trial_id":16,"param_name":"n_heads","param_value_internal":1,"distribution":"{\"name\": \"CategoricalDistribution\", \"attributes\": {\"choices\": [1, 2, 4, 8]}}"}
{"op_code":5,"worker_id":"6816ebfc-70d9-4ddd-a69a-91044eee50de-139811491100480","trial_id":16,"param_name":"hidden_size","param_value_internal":1,"distribution":"{\"name\": \"CategoricalDistribution\", \"attributes\": {\"choices\": [32, 64, 128, 256]}}"}
{"op_code":5,"worker_id":"6816ebfc-70d9-4ddd-a69a-91044eee50de-139811491100480","trial_id":16,"param_name":"inner_size","param_value_internal":2,"distribution":"{\"name\": \"CategoricalDistribution\", \"attributes\": {\"choices\": [128, 256, 512]}}"}
{"op_code":5,"worker_id":"6816ebfc-70d9-4ddd-a69a-91044eee50de-139811491100480","trial_id":16,"param_name":"hidden_dropout_prob","param_value_internal":0.4,"distribution":"{\"name\": \"FloatDistribution\", \"attributes\": {\"step\": 0.1, \"low\": 0.0, \"high\": 0.7, \"log\": false}}"}
{"op_code":5,"worker_id":"6816ebfc-70d9-4ddd-a69a-91044eee50de-139811491100480","trial_id":16,"param_name":"attn_dropout_prob","param_value_internal":0.5,"distribution":"{\"name\": \"FloatDistribution\", \"attributes\": {\"step\": 0.1, \"low\": 0.0, \"high\": 0.7, \"log\": false}}"}
{"op_code":5,"worker_id":"6816ebfc-70d9-4ddd-a69a-91044eee50de-139811491100480","trial_id":16,"param_name":"hidden_act","param_value_internal":2,"distribution":"{\"name\": \"CategoricalDistribution\", \"attributes\": {\"choices\": [\"gelu\", \"relu\", \"swish\"]}}"}
{"op_code":5,"worker_id":"6816ebfc-70d9-4ddd-a69a-91044eee50de-139811491100480","trial_id":16,"param_name":"layer_norm_eps","param_value_internal":1,"distribution":"{\"name\": \"CategoricalDistribution\", \"attributes\": {\"choices\": [1e-12, 1e-09, 1e-06]}}"}
{"op_code":5,"worker_id":"6816ebfc-70d9-4ddd-a69a-91044eee50de-139811491100480","trial_id":16,"param_name":"initializer_range","param_value_internal":0.008073797176577503,"distribution":"{\"name\": \"FloatDistribution\", \"attributes\": {\"step\": null, \"low\": 0.005, \"high\": 0.05, \"log\": false}}"}
{"op_code":5,"worker_id":"6816ebfc-70d9-4ddd-a69a-91044eee50de-139811491100480","trial_id":16,"param_name":"loss_type","param_value_internal":1,"distribution":"{\"name\": \"CategoricalDistribution\", \"attributes\": {\"choices\": [\"CE\", \"BPR\"]}}"}
{"op_code":5,"worker_id":"6816ebfc-70d9-4ddd-a69a-91044eee50de-139811491100480","trial_id":16,"param_name":"gamma","param_value_internal":0.25,"distribution":"{\"name\": \"FloatDistribution\", \"attributes\": {\"step\": 0.1, \"low\": 0.05, \"high\": 0.45, \"log\": false}}"}
{"op_code":8,"worker_id":"6816ebfc-70d9-4ddd-a69a-91044eee50de-139811491100480","trial_id":16,"user_attr":{"best_valid_score":0.0033}}
{"op_code":8,"worker_id":"6816ebfc-70d9-4ddd-a69a-91044eee50de-139811491100480","trial_id":16,"user_attr":{"best_valid_result":{"recall@10":0.0066,"recall@100":0.0286,"mrr@10":0.0023,"mrr@100":0.0029,"ndcg@10":0.0033,"ndcg@100":0.0074,"precision@10":0.0007,"precision@100":0.0003}}}
{"op_code":8,"worker_id":"6816ebfc-70d9-4ddd-a69a-91044eee50de-139811491100480","trial_id":16,"user_attr":{"test_result":{"recall@10":0.0053,"recall@100":0.0261,"mrr@10":0.0018,"mrr@100":0.0024,"ndcg@10":0.0026,"ndcg@100":0.0065,"precision@10":0.0005,"precision@100":0.0003}}}
{"op_code":6,"worker_id":"6816ebfc-70d9-4ddd-a69a-91044eee50de-139811491100480","trial_id":16,"state":1,"values":[0.0033],"datetime_complete":"2026-01-18T14:30:13.016796"}
{"op_code":4,"worker_id":"6816ebfc-70d9-4ddd-a69a-91044eee50de-139811491100480","study_id":0,"datetime_start":"2026-01-18T14:30:13.017809"}
{"op_code":5,"worker_id":"6816ebfc-70d9-4ddd-a69a-91044eee50de-139811491100480","trial_id":17,"param_name":"n_layers","param_value_internal":3.0,"distribution":"{\"name\": \"IntDistribution\", \"attributes\": {\"log\": false, \"step\": 1, \"low\": 1, \"high\": 3}}"}
{"op_code":5,"worker_id":"6816ebfc-70d9-4ddd-a69a-91044eee50de-139811491100480","trial_id":17,"param_name":"n_heads","param_value_internal":0,"distribution":"{\"name\": \"CategoricalDistribution\", \"attributes\": {\"choices\": [1, 2, 4, 8]}}"}
{"op_code":5,"worker_id":"6816ebfc-70d9-4ddd-a69a-91044eee50de-139811491100480","trial_id":17,"param_name":"hidden_size","param_value_internal":0,"distribution":"{\"name\": \"CategoricalDistribution\", \"attributes\": {\"choices\": [32, 64, 128, 256]}}"}
{"op_code":5,"worker_id":"6816ebfc-70d9-4ddd-a69a-91044eee50de-139811491100480","trial_id":17,"param_name":"inner_size","param_value_internal":0,"distribution":"{\"name\": \"CategoricalDistribution\", \"attributes\": {\"choices\": [128, 256, 512]}}"}
{"op_code":5,"worker_id":"6816ebfc-70d9-4ddd-a69a-91044eee50de-139811491100480","trial_id":17,"param_name":"hidden_dropout_prob","param_value_internal":0.2,"distribution":"{\"name\": \"FloatDistribution\", \"attributes\": {\"step\": 0.1, \"low\": 0.0, \"high\": 0.7, \"log\": false}}"}
{"op_code":5,"worker_id":"6816ebfc-70d9-4ddd-a69a-91044eee50de-139811491100480","trial_id":17,"param_name":"attn_dropout_prob","param_value_internal":0.6000000000000001,"distribution":"{\"name\": \"FloatDistribution\", \"attributes\": {\"step\": 0.1, \"low\": 0.0, \"high\": 0.7, \"log\": false}}"}
{"op_code":5,"worker_id":"6816ebfc-70d9-4ddd-a69a-91044eee50de-139811491100480","trial_id":17,"param_name":"hidden_act","param_value_internal":1,"distribution":"{\"name\": \"CategoricalDistribution\", \"attributes\": {\"choices\": [\"gelu\", \"relu\", \"swish\"]}}"}
{"op_code":5,"worker_id":"6816ebfc-70d9-4ddd-a69a-91044eee50de-139811491100480","trial_id":17,"param_name":"layer_norm_eps","param_value_internal":0,"distribution":"{\"name\": \"CategoricalDistribution\", \"attributes\": {\"choices\": [1e-12, 1e-09, 1e-06]}}"}
{"op_code":5,"worker_id":"6816ebfc-70d9-4ddd-a69a-91044eee50de-139811491100480","trial_id":17,"param_name":"initializer_range","param_value_internal":0.032883624893765985,"distribution":"{\"name\": \"FloatDistribution\", \"attributes\": {\"step\": null, \"low\": 0.005, \"high\": 0.05, \"log\": false}}"}
{"op_code":5,"worker_id":"6816ebfc-70d9-4ddd-a69a-91044eee50de-139811491100480","trial_id":17,"param_name":"loss_type","param_value_internal":1,"distribution":"{\"name\": \"CategoricalDistribution\", \"attributes\": {\"choices\": [\"CE\", \"BPR\"]}}"}
{"op_code":5,"worker_id":"6816ebfc-70d9-4ddd-a69a-91044eee50de-139811491100480","trial_id":17,"param_name":"gamma","param_value_internal":0.35000000000000003,"distribution":"{\"name\": \"FloatDistribution\", \"attributes\": {\"step\": 0.1, \"low\": 0.05, \"high\": 0.45, \"log\": false}}"}
{"op_code":8,"worker_id":"6816ebfc-70d9-4ddd-a69a-91044eee50de-139811491100480","trial_id":17,"user_attr":{"best_valid_score":0.0012}}
{"op_code":8,"worker_id":"6816ebfc-70d9-4ddd-a69a-91044eee50de-139811491100480","trial_id":17,"user_attr":{"best_valid_result":{"recall@10":0.0024,"recall@100":0.0146,"mrr@10":0.0009,"mrr@100":0.0012,"ndcg@10":0.0012,"ndcg@100":0.0035,"precision@10":0.0002,"precision@100":0.0001}}}
{"op_code":8,"worker_id":"6816ebfc-70d9-4ddd-a69a-91044eee50de-139811491100480","trial_id":17,"user_attr":{"test_result":{"recall@10":0.0018,"recall@100":0.0129,"mrr@10":0.0006,"mrr@100":0.0009,"ndcg@10":0.0009,"ndcg@100":0.003,"precision@10":0.0002,"precision@100":0.0001}}}
{"op_code":6,"worker_id":"6816ebfc-70d9-4ddd-a69a-91044eee50de-139811491100480","trial_id":17,"state":1,"values":[0.0012],"datetime_complete":"2026-01-18T14:31:42.326540"}
{"op_code":4,"worker_id":"6816ebfc-70d9-4ddd-a69a-91044eee50de-139811491100480","study_id":0,"datetime_start":"2026-01-18T14:31:42.327457"}
{"op_code":5,"worker_id":"6816ebfc-70d9-4ddd-a69a-91044eee50de-139811491100480","trial_id":18,"param_name":"n_layers","param_value_internal":1.0,"distribution":"{\"name\": \"IntDistribution\", \"attributes\": {\"log\": false, \"step\": 1, \"low\": 1, \"high\": 3}}"}
{"op_code":5,"worker_id":"6816ebfc-70d9-4ddd-a69a-91044eee50de-139811491100480","trial_id":18,"param_name":"n_heads","param_value_internal":3,"distribution":"{\"name\": \"CategoricalDistribution\", \"attributes\": {\"choices\": [1, 2, 4, 8]}}"}
{"op_code":5,"worker_id":"6816ebfc-70d9-4ddd-a69a-91044eee50de-139811491100480","trial_id":18,"param_name":"hidden_size","param_value_internal":3,"distribution":"{\"name\": \"CategoricalDistribution\", \"attributes\": {\"choices\": [32, 64, 128, 256]}}"}
{"op_code":5,"worker_id":"6816ebfc-70d9-4ddd-a69a-91044eee50de-139811491100480","trial_id":18,"param_name":"inner_size","param_value_internal":2,"distribution":"{\"name\": \"CategoricalDistribution\", \"attributes\": {\"choices\": [128, 256, 512]}}"}
{"op_code":5,"worker_id":"6816ebfc-70d9-4ddd-a69a-91044eee50de-139811491100480","trial_id":18,"param_name":"hidden_dropout_prob","param_value_internal":0.7,"distribution":"{\"name\": \"FloatDistribution\", \"attributes\": {\"step\": 0.1, \"low\": 0.0, \"high\": 0.7, \"log\": false}}"}
{"op_code":5,"worker_id":"6816ebfc-70d9-4ddd-a69a-91044eee50de-139811491100480","trial_id":18,"param_name":"attn_dropout_prob","param_value_internal":0.4,"distribution":"{\"name\": \"FloatDistribution\", \"attributes\": {\"step\": 0.1, \"low\": 0.0, \"high\": 0.7, \"log\": false}}"}
{"op_code":5,"worker_id":"6816ebfc-70d9-4ddd-a69a-91044eee50de-139811491100480","trial_id":18,"param_name":"hidden_act","param_value_internal":0,"distribution":"{\"name\": \"CategoricalDistribution\", \"attributes\": {\"choices\": [\"gelu\", \"relu\", \"swish\"]}}"}
{"op_code":5,"worker_id":"6816ebfc-70d9-4ddd-a69a-91044eee50de-139811491100480","trial_id":18,"param_name":"layer_norm_eps","param_value_internal":2,"distribution":"{\"name\": \"CategoricalDistribution\", \"attributes\": {\"choices\": [1e-12, 1e-09, 1e-06]}}"}
{"op_code":5,"worker_id":"6816ebfc-70d9-4ddd-a69a-91044eee50de-139811491100480","trial_id":18,"param_name":"initializer_range","param_value_internal":0.025341451361406933,"distribution":"{\"name\": \"FloatDistribution\", \"attributes\": {\"step\": null, \"low\": 0.005, \"high\": 0.05, \"log\": false}}"}
{"op_code":5,"worker_id":"6816ebfc-70d9-4ddd-a69a-91044eee50de-139811491100480","trial_id":18,"param_name":"loss_type","param_value_internal":0,"distribution":"{\"name\": \"CategoricalDistribution\", \"attributes\": {\"choices\": [\"CE\", \"BPR\"]}}"}
{"op_code":5,"worker_id":"6816ebfc-70d9-4ddd-a69a-91044eee50de-139811491100480","trial_id":18,"param_name":"gamma","param_value_internal":0.15000000000000002,"distribution":"{\"name\": \"FloatDistribution\", \"attributes\": {\"step\": 0.1, \"low\": 0.05, \"high\": 0.45, \"log\": false}}"}
{"op_code":8,"worker_id":"6816ebfc-70d9-4ddd-a69a-91044eee50de-139811491100480","trial_id":18,"user_attr":{"best_valid_score":0.0165}}
{"op_code":8,"worker_id":"6816ebfc-70d9-4ddd-a69a-91044eee50de-139811491100480","trial_id":18,"user_attr":{"best_valid_result":{"recall@10":0.0358,"recall@100":0.1996,"mrr@10":0.0107,"mrr@100":0.0156,"ndcg@10":0.0165,"ndcg@100":0.0476,"precision@10":0.0036,"precision@100":0.002}}}
{"op_code":8,"worker_id":"6816ebfc-70d9-4ddd-a69a-91044eee50de-139811491100480","trial_id":18,"user_attr":{"test_result":{"recall@10":0.029,"recall@100":0.1628,"mrr@10":0.0087,"mrr@100":0.0127,"ndcg@10":0.0133,"ndcg@100":0.0388,"precision@10":0.0029,"precision@100":0.0016}}}
{"op_code":6,"worker_id":"6816ebfc-70d9-4ddd-a69a-91044eee50de-139811491100480","trial_id":18,"state":1,"values":[0.0165],"datetime_complete":"2026-01-18T14:33:10.511087"}
{"op_code":4,"worker_id":"6816ebfc-70d9-4ddd-a69a-91044eee50de-139811491100480","study_id":0,"datetime_start":"2026-01-18T14:33:10.512223"}
{"op_code":5,"worker_id":"6816ebfc-70d9-4ddd-a69a-91044eee50de-139811491100480","trial_id":19,"param_name":"n_layers","param_value_internal":1.0,"distribution":"{\"name\": \"IntDistribution\", \"attributes\": {\"log\": false, \"step\": 1, \"low\": 1, \"high\": 3}}"}
{"op_code":5,"worker_id":"6816ebfc-70d9-4ddd-a69a-91044eee50de-139811491100480","trial_id":19,"param_name":"n_heads","param_value_internal":1,"distribution":"{\"name\": \"CategoricalDistribution\", \"attributes\": {\"choices\": [1, 2, 4, 8]}}"}
{"op_code":5,"worker_id":"6816ebfc-70d9-4ddd-a69a-91044eee50de-139811491100480","trial_id":19,"param_name":"hidden_size","param_value_internal":0,"distribution":"{\"name\": \"CategoricalDistribution\", \"attributes\": {\"choices\": [32, 64, 128, 256]}}"}
{"op_code":5,"worker_id":"6816ebfc-70d9-4ddd-a69a-91044eee50de-139811491100480","trial_id":19,"param_name":"inner_size","param_value_internal":1,"distribution":"{\"name\": \"CategoricalDistribution\", \"attributes\": {\"choices\": [128, 256, 512]}}"}
{"op_code":5,"worker_id":"6816ebfc-70d9-4ddd-a69a-91044eee50de-139811491100480","trial_id":19,"param_name":"hidden_dropout_prob","param_value_internal":0.2,"distribution":"{\"name\": \"FloatDistribution\", \"attributes\": {\"step\": 0.1, \"low\": 0.0, \"high\": 0.7, \"log\": false}}"}
{"op_code":5,"worker_id":"6816ebfc-70d9-4ddd-a69a-91044eee50de-139811491100480","trial_id":19,"param_name":"attn_dropout_prob","param_value_internal":0.4,"distribution":"{\"name\": \"FloatDistribution\", \"attributes\": {\"step\": 0.1, \"low\": 0.0, \"high\": 0.7, \"log\": false}}"}
{"op_code":5,"worker_id":"6816ebfc-70d9-4ddd-a69a-91044eee50de-139811491100480","trial_id":19,"param_name":"hidden_act","param_value_internal":0,"distribution":"{\"name\": \"CategoricalDistribution\", \"attributes\": {\"choices\": [\"gelu\", \"relu\", \"swish\"]}}"}
{"op_code":5,"worker_id":"6816ebfc-70d9-4ddd-a69a-91044eee50de-139811491100480","trial_id":19,"param_name":"layer_norm_eps","param_value_internal":1,"distribution":"{\"name\": \"CategoricalDistribution\", \"attributes\": {\"choices\": [1e-12, 1e-09, 1e-06]}}"}
{"op_code":5,"worker_id":"6816ebfc-70d9-4ddd-a69a-91044eee50de-139811491100480","trial_id":19,"param_name":"initializer_range","param_value_internal":0.018204413443619144,"distribution":"{\"name\": \"FloatDistribution\", \"attributes\": {\"step\": null, \"low\": 0.005, \"high\": 0.05, \"log\": false}}"}
{"op_code":5,"worker_id":"6816ebfc-70d9-4ddd-a69a-91044eee50de-139811491100480","trial_id":19,"param_name":"loss_type","param_value_internal":1,"distribution":"{\"name\": \"CategoricalDistribution\", \"attributes\": {\"choices\": [\"CE\", \"BPR\"]}}"}
{"op_code":5,"worker_id":"6816ebfc-70d9-4ddd-a69a-91044eee50de-139811491100480","trial_id":19,"param_name":"gamma","param_value_internal":0.35000000000000003,"distribution":"{\"name\": \"FloatDistribution\", \"attributes\": {\"step\": 0.1, \"low\": 0.05, \"high\": 0.45, \"log\": false}}"}
{"op_code":8,"worker_id":"6816ebfc-70d9-4ddd-a69a-91044eee50de-139811491100480","trial_id":19,"user_attr":{"best_valid_score":0.0021}}
{"op_code":8,"worker_id":"6816ebfc-70d9-4ddd-a69a-91044eee50de-139811491100480","trial_id":19,"user_attr":{"best_valid_result":{"recall@10":0.0038,"recall@100":0.0237,"mrr@10":0.0016,"mrr@100":0.0021,"ndcg@10":0.0021,"ndcg@100":0.0058,"precision@10":0.0004,"precision@100":0.0002}}}
{"op_code":8,"worker_id":"6816ebfc-70d9-4ddd-a69a-91044eee50de-139811491100480","trial_id":19,"user_attr":{"test_result":{"recall@10":0.0034,"recall@100":0.0244,"mrr@10":0.0013,"mrr@100":0.0019,"ndcg@10":0.0018,"ndcg@100":0.0057,"precision@10":0.0003,"precision@100":0.0002}}}
{"op_code":6,"worker_id":"6816ebfc-70d9-4ddd-a69a-91044eee50de-139811491100480","trial_id":19,"state":1,"values":[0.0021],"datetime_complete":"2026-01-18T14:34:43.508402"}
{"op_code":4,"worker_id":"6816ebfc-70d9-4ddd-a69a-91044eee50de-139811491100480","study_id":0,"datetime_start":"2026-01-18T14:34:43.509482"}
{"op_code":5,"worker_id":"6816ebfc-70d9-4ddd-a69a-91044eee50de-139811491100480","trial_id":20,"param_name":"n_layers","param_value_internal":3.0,"distribution":"{\"name\": \"IntDistribution\", \"attributes\": {\"log\": false, \"step\": 1, \"low\": 1, \"high\": 3}}"}
{"op_code":5,"worker_id":"6816ebfc-70d9-4ddd-a69a-91044eee50de-139811491100480","trial_id":20,"param_name":"n_heads","param_value_internal":3,"distribution":"{\"name\": \"CategoricalDistribution\", \"attributes\": {\"choices\": [1, 2, 4, 8]}}"}
{"op_code":5,"worker_id":"6816ebfc-70d9-4ddd-a69a-91044eee50de-139811491100480","trial_id":20,"param_name":"hidden_size","param_value_internal":1,"distribution":"{\"name\": \"CategoricalDistribution\", \"attributes\": {\"choices\": [32, 64, 128, 256]}}"}
{"op_code":5,"worker_id":"6816ebfc-70d9-4ddd-a69a-91044eee50de-139811491100480","trial_id":20,"param_name":"inner_size","param_value_internal":0,"distribution":"{\"name\": \"CategoricalDistribution\", \"attributes\": {\"choices\": [128, 256, 512]}}"}
{"op_code":5,"worker_id":"6816ebfc-70d9-4ddd-a69a-91044eee50de-139811491100480","trial_id":20,"param_name":"hidden_dropout_prob","param_value_internal":0.1,"distribution":"{\"name\": \"FloatDistribution\", \"attributes\": {\"step\": 0.1, \"low\": 0.0, \"high\": 0.7, \"log\": false}}"}
{"op_code":5,"worker_id":"6816ebfc-70d9-4ddd-a69a-91044eee50de-139811491100480","trial_id":20,"param_name":"attn_dropout_prob","param_value_internal":0.4,"distribution":"{\"name\": \"FloatDistribution\", \"attributes\": {\"step\": 0.1, \"low\": 0.0, \"high\": 0.7, \"log\": false}}"}
{"op_code":5,"worker_id":"6816ebfc-70d9-4ddd-a69a-91044eee50de-139811491100480","trial_id":20,"param_name":"hidden_act","param_value_internal":2,"distribution":"{\"name\": \"CategoricalDistribution\", \"attributes\": {\"choices\": [\"gelu\", \"relu\", \"swish\"]}}"}
{"op_code":5,"worker_id":"6816ebfc-70d9-4ddd-a69a-91044eee50de-139811491100480","trial_id":20,"param_name":"layer_norm_eps","param_value_internal":0,"distribution":"{\"name\": \"CategoricalDistribution\", \"attributes\": {\"choices\": [1e-12, 1e-09, 1e-06]}}"}
{"op_code":5,"worker_id":"6816ebfc-70d9-4ddd-a69a-91044eee50de-139811491100480","trial_id":20,"param_name":"initializer_range","param_value_internal":0.006912330879463795,"distribution":"{\"name\": \"FloatDistribution\", \"attributes\": {\"step\": null, \"low\": 0.005, \"high\": 0.05, \"log\": false}}"}
{"op_code":5,"worker_id":"6816ebfc-70d9-4ddd-a69a-91044eee50de-139811491100480","trial_id":20,"param_name":"loss_type","param_value_internal":0,"distribution":"{\"name\": \"CategoricalDistribution\", \"attributes\": {\"choices\": [\"CE\", \"BPR\"]}}"}
{"op_code":5,"worker_id":"6816ebfc-70d9-4ddd-a69a-91044eee50de-139811491100480","trial_id":20,"param_name":"gamma","param_value_internal":0.15000000000000002,"distribution":"{\"name\": \"FloatDistribution\", \"attributes\": {\"step\": 0.1, \"low\": 0.05, \"high\": 0.45, \"log\": false}}"}
{"op_code":8,"worker_id":"6816ebfc-70d9-4ddd-a69a-91044eee50de-139811491100480","trial_id":20,"user_attr":{"best_valid_score":0.0104}}
{"op_code":8,"worker_id":"6816ebfc-70d9-4ddd-a69a-91044eee50de-139811491100480","trial_id":20,"user_attr":{"best_valid_result":{"recall@10":0.0216,"recall@100":0.106,"mrr@10":0.007,"mrr@100":0.0096,"ndcg@10":0.0104,"ndcg@100":0.0265,"precision@10":0.0022,"precision@100":0.0011}}}
{"op_code":8,"worker_id":"6816ebfc-70d9-4ddd-a69a-91044eee50de-139811491100480","trial_id":20,"user_attr":{"test_result":{"recall@10":0.018,"recall@100":0.0916,"mrr@10":0.0059,"mrr@100":0.0081,"ndcg@10":0.0087,"ndcg@100":0.0227,"precision@10":0.0018,"precision@100":0.0009}}}
{"op_code":6,"worker_id":"6816ebfc-70d9-4ddd-a69a-91044eee50de-139811491100480","trial_id":20,"state":1,"values":[0.0104],"datetime_complete":"2026-01-18T14:37:02.911839"}
{"op_code":4,"worker_id":"6816ebfc-70d9-4ddd-a69a-91044eee50de-139811491100480","study_id":0,"datetime_start":"2026-01-18T14:37:02.913597"}
{"op_code":5,"worker_id":"6816ebfc-70d9-4ddd-a69a-91044eee50de-139811491100480","trial_id":21,"param_name":"n_layers","param_value_internal":3.0,"distribution":"{\"name\": \"IntDistribution\", \"attributes\": {\"log\": false, \"step\": 1, \"low\": 1, \"high\": 3}}"}
{"op_code":5,"worker_id":"6816ebfc-70d9-4ddd-a69a-91044eee50de-139811491100480","trial_id":21,"param_name":"n_heads","param_value_internal":0,"distribution":"{\"name\": \"CategoricalDistribution\", \"attributes\": {\"choices\": [1, 2, 4, 8]}}"}
{"op_code":5,"worker_id":"6816ebfc-70d9-4ddd-a69a-91044eee50de-139811491100480","trial_id":21,"param_name":"hidden_size","param_value_internal":2,"distribution":"{\"name\": \"CategoricalDistribution\", \"attributes\": {\"choices\": [32, 64, 128, 256]}}"}
{"op_code":5,"worker_id":"6816ebfc-70d9-4ddd-a69a-91044eee50de-139811491100480","trial_id":21,"param_name":"inner_size","param_value_internal":2,"distribution":"{\"name\": \"CategoricalDistribution\", \"attributes\": {\"choices\": [128, 256, 512]}}"}
{"op_code":5,"worker_id":"6816ebfc-70d9-4ddd-a69a-91044eee50de-139811491100480","trial_id":21,"param_name":"hidden_dropout_prob","param_value_internal":0.0,"distribution":"{\"name\": \"FloatDistribution\", \"attributes\": {\"step\": 0.1, \"low\": 0.0, \"high\": 0.7, \"log\": false}}"}
{"op_code":5,"worker_id":"6816ebfc-70d9-4ddd-a69a-91044eee50de-139811491100480","trial_id":21,"param_name":"attn_dropout_prob","param_value_internal":0.4,"distribution":"{\"name\": \"FloatDistribution\", \"attributes\": {\"step\": 0.1, \"low\": 0.0, \"high\": 0.7, \"log\": false}}"}
{"op_code":5,"worker_id":"6816ebfc-70d9-4ddd-a69a-91044eee50de-139811491100480","trial_id":21,"param_name":"hidden_act","param_value_internal":0,"distribution":"{\"name\": \"CategoricalDistribution\", \"attributes\": {\"choices\": [\"gelu\", \"relu\", \"swish\"]}}"}
{"op_code":5,"worker_id":"6816ebfc-70d9-4ddd-a69a-91044eee50de-139811491100480","trial_id":21,"param_name":"layer_norm_eps","param_value_internal":2,"distribution":"{\"name\": \"CategoricalDistribution\", \"attributes\": {\"choices\": [1e-12, 1e-09, 1e-06]}}"}
{"op_code":5,"worker_id":"6816ebfc-70d9-4ddd-a69a-91044eee50de-139811491100480","trial_id":21,"param_name":"initializer_range","param_value_internal":0.02052358612279623,"distribution":"{\"name\": \"FloatDistribution\", \"attributes\": {\"step\": null, \"low\": 0.005, \"high\": 0.05, \"log\": false}}"}
{"op_code":5,"worker_id":"6816ebfc-70d9-4ddd-a69a-91044eee50de-139811491100480","trial_id":21,"param_name":"loss_type","param_value_internal":1,"distribution":"{\"name\": \"CategoricalDistribution\", \"attributes\": {\"choices\": [\"CE\", \"BPR\"]}}"}
{"op_code":5,"worker_id":"6816ebfc-70d9-4ddd-a69a-91044eee50de-139811491100480","trial_id":21,"param_name":"gamma","param_value_internal":0.25,"distribution":"{\"name\": \"FloatDistribution\", \"attributes\": {\"step\": 0.1, \"low\": 0.05, \"high\": 0.45, \"log\": false}}"}
{"op_code":8,"worker_id":"6816ebfc-70d9-4ddd-a69a-91044eee50de-139811491100480","trial_id":21,"user_attr":{"best_valid_score":0.0243}}
{"op_code":8,"worker_id":"6816ebfc-70d9-4ddd-a69a-91044eee50de-139811491100480","trial_id":21,"user_attr":{"best_valid_result":{"recall@10":0.0503,"recall@100":0.195,"mrr@10":0.0165,"mrr@100":0.0212,"ndcg@10":0.0243,"ndcg@100":0.0525,"precision@10":0.005,"precision@100":0.0019}}}
{"op_code":8,"worker_id":"6816ebfc-70d9-4ddd-a69a-91044eee50de-139811491100480","trial_id":21,"user_attr":{"test_result":{"recall@10":0.0407,"recall@100":0.1623,"mrr@10":0.0133,"mrr@100":0.0171,"ndcg@10":0.0196,"ndcg@100":0.0432,"precision@10":0.0041,"precision@100":0.0016}}}
{"op_code":6,"worker_id":"6816ebfc-70d9-4ddd-a69a-91044eee50de-139811491100480","trial_id":21,"state":1,"values":[0.0243],"datetime_complete":"2026-01-18T14:40:10.172390"}
{"op_code":4,"worker_id":"6816ebfc-70d9-4ddd-a69a-91044eee50de-139811491100480","study_id":0,"datetime_start":"2026-01-18T14:40:10.173311"}
{"op_code":5,"worker_id":"6816ebfc-70d9-4ddd-a69a-91044eee50de-139811491100480","trial_id":22,"param_name":"n_layers","param_value_internal":3.0,"distribution":"{\"name\": \"IntDistribution\", \"attributes\": {\"log\": false, \"step\": 1, \"low\": 1, \"high\": 3}}"}
{"op_code":5,"worker_id":"6816ebfc-70d9-4ddd-a69a-91044eee50de-139811491100480","trial_id":22,"param_name":"n_heads","param_value_internal":2,"distribution":"{\"name\": \"CategoricalDistribution\", \"attributes\": {\"choices\": [1, 2, 4, 8]}}"}
{"op_code":5,"worker_id":"6816ebfc-70d9-4ddd-a69a-91044eee50de-139811491100480","trial_id":22,"param_name":"hidden_size","param_value_internal":3,"distribution":"{\"name\": \"CategoricalDistribution\", \"attributes\": {\"choices\": [32, 64, 128, 256]}}"}
{"op_code":5,"worker_id":"6816ebfc-70d9-4ddd-a69a-91044eee50de-139811491100480","trial_id":22,"param_name":"inner_size","param_value_internal":2,"distribution":"{\"name\": \"CategoricalDistribution\", \"attributes\": {\"choices\": [128, 256, 512]}}"}
{"op_code":5,"worker_id":"6816ebfc-70d9-4ddd-a69a-91044eee50de-139811491100480","trial_id":22,"param_name":"hidden_dropout_prob","param_value_internal":0.2,"distribution":"{\"name\": \"FloatDistribution\", \"attributes\": {\"step\": 0.1, \"low\": 0.0, \"high\": 0.7, \"log\": false}}"}
{"op_code":5,"worker_id":"6816ebfc-70d9-4ddd-a69a-91044eee50de-139811491100480","trial_id":22,"param_name":"attn_dropout_prob","param_value_internal":0.0,"distribution":"{\"name\": \"FloatDistribution\", \"attributes\": {\"step\": 0.1, \"low\": 0.0, \"high\": 0.7, \"log\": false}}"}
{"op_code":5,"worker_id":"6816ebfc-70d9-4ddd-a69a-91044eee50de-139811491100480","trial_id":22,"param_name":"hidden_act","param_value_internal":1,"distribution":"{\"name\": \"CategoricalDistribution\", \"attributes\": {\"choices\": [\"gelu\", \"relu\", \"swish\"]}}"}
{"op_code":5,"worker_id":"6816ebfc-70d9-4ddd-a69a-91044eee50de-139811491100480","trial_id":22,"param_name":"layer_norm_eps","param_value_internal":2,"distribution":"{\"name\": \"CategoricalDistribution\", \"attributes\": {\"choices\": [1e-12, 1e-09, 1e-06]}}"}
{"op_code":5,"worker_id":"6816ebfc-70d9-4ddd-a69a-91044eee50de-139811491100480","trial_id":22,"param_name":"initializer_range","param_value_internal":0.04844645359424845,"distribution":"{\"name\": \"FloatDistribution\", \"attributes\": {\"step\": null, \"low\": 0.005, \"high\": 0.05, \"log\": false}}"}
{"op_code":5,"worker_id":"6816ebfc-70d9-4ddd-a69a-91044eee50de-139811491100480","trial_id":22,"param_name":"loss_type","param_value_internal":0,"distribution":"{\"name\": \"CategoricalDistribution\", \"attributes\": {\"choices\": [\"CE\", \"BPR\"]}}"}
{"op_code":5,"worker_id":"6816ebfc-70d9-4ddd-a69a-91044eee50de-139811491100480","trial_id":22,"param_name":"gamma","param_value_internal":0.25,"distribution":"{\"name\": \"FloatDistribution\", \"attributes\": {\"step\": 0.1, \"low\": 0.05, \"high\": 0.45, \"log\": false}}"}
{"op_code":6,"worker_id":"6816ebfc-70d9-4ddd-a69a-91044eee50de-139811491100480","trial_id":22,"state":3,"values":null,"datetime_complete":"2026-01-18T14:43:21.616730"}
{"op_code":0,"worker_id":"2b8c104e-067e-4cd3-aff9-4222facaaeb2-140299192289088","study_name":"gsau_tune_02","directions":[2]}
{"op_code":4,"worker_id":"2b8c104e-067e-4cd3-aff9-4222facaaeb2-140299192289088","study_id":0,"datetime_start":"2026-01-18T15:07:58.478786"}
{"op_code":5,"worker_id":"2b8c104e-067e-4cd3-aff9-4222facaaeb2-140299192289088","trial_id":23,"param_name":"n_layers","param_value_internal":3.0,"distribution":"{\"name\": \"IntDistribution\", \"attributes\": {\"log\": false, \"step\": 1, \"low\": 1, \"high\": 3}}"}
{"op_code":5,"worker_id":"2b8c104e-067e-4cd3-aff9-4222facaaeb2-140299192289088","trial_id":23,"param_name":"n_heads","param_value_internal":3,"distribution":"{\"name\": \"CategoricalDistribution\", \"attributes\": {\"choices\": [1, 2, 4, 8]}}"}
{"op_code":5,"worker_id":"2b8c104e-067e-4cd3-aff9-4222facaaeb2-140299192289088","trial_id":23,"param_name":"hidden_size","param_value_internal":3,"distribution":"{\"name\": \"CategoricalDistribution\", \"attributes\": {\"choices\": [32, 64, 128, 256]}}"}
{"op_code":5,"worker_id":"2b8c104e-067e-4cd3-aff9-4222facaaeb2-140299192289088","trial_id":23,"param_name":"inner_size","param_value_internal":1,"distribution":"{\"name\": \"CategoricalDistribution\", \"attributes\": {\"choices\": [128, 256, 512]}}"}
{"op_code":5,"worker_id":"2b8c104e-067e-4cd3-aff9-4222facaaeb2-140299192289088","trial_id":23,"param_name":"hidden_dropout_prob","param_value_internal":0.6000000000000001,"distribution":"{\"name\": \"FloatDistribution\", \"attributes\": {\"step\": 0.1, \"low\": 0.0, \"high\": 0.7, \"log\": false}}"}
{"op_code":5,"worker_id":"2b8c104e-067e-4cd3-aff9-4222facaaeb2-140299192289088","trial_id":23,"param_name":"attn_dropout_prob","param_value_internal":0.5,"distribution":"{\"name\": \"FloatDistribution\", \"attributes\": {\"step\": 0.1, \"low\": 0.0, \"high\": 0.7, \"log\": false}}"}
{"op_code":5,"worker_id":"2b8c104e-067e-4cd3-aff9-4222facaaeb2-140299192289088","trial_id":23,"param_name":"hidden_act","param_value_internal":2,"distribution":"{\"name\": \"CategoricalDistribution\", \"attributes\": {\"choices\": [\"gelu\", \"relu\", \"swish\"]}}"}
{"op_code":5,"worker_id":"2b8c104e-067e-4cd3-aff9-4222facaaeb2-140299192289088","trial_id":23,"param_name":"layer_norm_eps","param_value_internal":1,"distribution":"{\"name\": \"CategoricalDistribution\", \"attributes\": {\"choices\": [1e-12, 1e-09, 1e-06]}}"}
{"op_code":5,"worker_id":"2b8c104e-067e-4cd3-aff9-4222facaaeb2-140299192289088","trial_id":23,"param_name":"initializer_range","param_value_internal":0.018963232484836987,"distribution":"{\"name\": \"FloatDistribution\", \"attributes\": {\"step\": null, \"low\": 0.005, \"high\": 0.05, \"log\": false}}"}
{"op_code":5,"worker_id":"2b8c104e-067e-4cd3-aff9-4222facaaeb2-140299192289088","trial_id":23,"param_name":"loss_type","param_value_internal":0,"distribution":"{\"name\": \"CategoricalDistribution\", \"attributes\": {\"choices\": [\"CE\", \"BPR\"]}}"}
{"op_code":5,"worker_id":"2b8c104e-067e-4cd3-aff9-4222facaaeb2-140299192289088","trial_id":23,"param_name":"gamma","param_value_internal":0.35000000000000003,"distribution":"{\"name\": \"FloatDistribution\", \"attributes\": {\"step\": 0.1, \"low\": 0.05, \"high\": 0.45, \"log\": false}}"}
{"op_code":6,"worker_id":"2b8c104e-067e-4cd3-aff9-4222facaaeb2-140299192289088","trial_id":23,"state":3,"values":null,"datetime_complete":"2026-01-18T15:07:58.609610"}
{"op_code":0,"worker_id":"bd297661-b417-4039-bc06-b14791531942-140606054684480","study_name":"gsau_tune_02","directions":[2]}
{"op_code":4,"worker_id":"bd297661-b417-4039-bc06-b14791531942-140606054684480","study_id":0,"datetime_start":"2026-01-18T15:15:57.375700"}
{"op_code":5,"worker_id":"bd297661-b417-4039-bc06-b14791531942-140606054684480","trial_id":24,"param_name":"n_layers","param_value_internal":2.0,"distribution":"{\"name\": \"IntDistribution\", \"attributes\": {\"log\": false, \"step\": 1, \"low\": 1, \"high\": 3}}"}
{"op_code":5,"worker_id":"bd297661-b417-4039-bc06-b14791531942-140606054684480","trial_id":24,"param_name":"n_heads","param_value_internal":3,"distribution":"{\"name\": \"CategoricalDistribution\", \"attributes\": {\"choices\": [1, 2, 4, 8]}}"}
{"op_code":5,"worker_id":"bd297661-b417-4039-bc06-b14791531942-140606054684480","trial_id":24,"param_name":"hidden_size","param_value_internal":2,"distribution":"{\"name\": \"CategoricalDistribution\", \"attributes\": {\"choices\": [32, 64, 128, 256]}}"}
{"op_code":5,"worker_id":"bd297661-b417-4039-bc06-b14791531942-140606054684480","trial_id":24,"param_name":"inner_size","param_value_internal":1,"distribution":"{\"name\": \"CategoricalDistribution\", \"attributes\": {\"choices\": [128, 256, 512]}}"}
{"op_code":5,"worker_id":"bd297661-b417-4039-bc06-b14791531942-140606054684480","trial_id":24,"param_name":"hidden_dropout_prob","param_value_internal":0.30000000000000004,"distribution":"{\"name\": \"FloatDistribution\", \"attributes\": {\"step\": 0.1, \"low\": 0.0, \"high\": 0.7, \"log\": false}}"}
{"op_code":5,"worker_id":"bd297661-b417-4039-bc06-b14791531942-140606054684480","trial_id":24,"param_name":"attn_dropout_prob","param_value_internal":0.5,"distribution":"{\"name\": \"FloatDistribution\", \"attributes\": {\"step\": 0.1, \"low\": 0.0, \"high\": 0.7, \"log\": false}}"}
{"op_code":5,"worker_id":"bd297661-b417-4039-bc06-b14791531942-140606054684480","trial_id":24,"param_name":"hidden_act","param_value_internal":1,"distribution":"{\"name\": \"CategoricalDistribution\", \"attributes\": {\"choices\": [\"gelu\", \"relu\", \"swish\"]}}"}
{"op_code":5,"worker_id":"bd297661-b417-4039-bc06-b14791531942-140606054684480","trial_id":24,"param_name":"layer_norm_eps","param_value_internal":2,"distribution":"{\"name\": \"CategoricalDistribution\", \"attributes\": {\"choices\": [1e-12, 1e-09, 1e-06]}}"}
{"op_code":5,"worker_id":"bd297661-b417-4039-bc06-b14791531942-140606054684480","trial_id":24,"param_name":"initializer_range","param_value_internal":0.025495360129846066,"distribution":"{\"name\": \"FloatDistribution\", \"attributes\": {\"step\": null, \"low\": 0.005, \"high\": 0.05, \"log\": false}}"}
{"op_code":5,"worker_id":"bd297661-b417-4039-bc06-b14791531942-140606054684480","trial_id":24,"param_name":"loss_type","param_value_internal":1,"distribution":"{\"name\": \"CategoricalDistribution\", \"attributes\": {\"choices\": [\"CE\", \"BPR\"]}}"}
{"op_code":5,"worker_id":"bd297661-b417-4039-bc06-b14791531942-140606054684480","trial_id":24,"param_name":"gamma","param_value_internal":0.15000000000000002,"distribution":"{\"name\": \"FloatDistribution\", \"attributes\": {\"step\": 0.1, \"low\": 0.05, \"high\": 0.45, \"log\": false}}"}
{"op_code":6,"worker_id":"bd297661-b417-4039-bc06-b14791531942-140606054684480","trial_id":24,"state":3,"values":null,"datetime_complete":"2026-01-18T15:16:04.023306"}
{"op_code":0,"worker_id":"d7817bc1-b82c-4f47-a162-0b20c1ecd192-140557790545728","study_name":"gsau_tune_02","directions":[2]}
{"op_code":4,"worker_id":"d7817bc1-b82c-4f47-a162-0b20c1ecd192-140557790545728","study_id":0,"datetime_start":"2026-01-18T15:16:09.557241"}
{"op_code":5,"worker_id":"d7817bc1-b82c-4f47-a162-0b20c1ecd192-140557790545728","trial_id":25,"param_name":"n_layers","param_value_internal":3.0,"distribution":"{\"name\": \"IntDistribution\", \"attributes\": {\"log\": false, \"step\": 1, \"low\": 1, \"high\": 3}}"}
{"op_code":5,"worker_id":"d7817bc1-b82c-4f47-a162-0b20c1ecd192-140557790545728","trial_id":25,"param_name":"n_heads","param_value_internal":3,"distribution":"{\"name\": \"CategoricalDistribution\", \"attributes\": {\"choices\": [1, 2, 4, 8]}}"}
{"op_code":5,"worker_id":"d7817bc1-b82c-4f47-a162-0b20c1ecd192-140557790545728","trial_id":25,"param_name":"hidden_size","param_value_internal":3,"distribution":"{\"name\": \"CategoricalDistribution\", \"attributes\": {\"choices\": [32, 64, 128, 256]}}"}
{"op_code":5,"worker_id":"d7817bc1-b82c-4f47-a162-0b20c1ecd192-140557790545728","trial_id":25,"param_name":"inner_size","param_value_internal":0,"distribution":"{\"name\": \"CategoricalDistribution\", \"attributes\": {\"choices\": [128, 256, 512]}}"}
{"op_code":5,"worker_id":"d7817bc1-b82c-4f47-a162-0b20c1ecd192-140557790545728","trial_id":25,"param_name":"hidden_dropout_prob","param_value_internal":0.0,"distribution":"{\"name\": \"FloatDistribution\", \"attributes\": {\"step\": 0.1, \"low\": 0.0, \"high\": 0.7, \"log\": false}}"}
{"op_code":5,"worker_id":"d7817bc1-b82c-4f47-a162-0b20c1ecd192-140557790545728","trial_id":25,"param_name":"attn_dropout_prob","param_value_internal":0.5,"distribution":"{\"name\": \"FloatDistribution\", \"attributes\": {\"step\": 0.1, \"low\": 0.0, \"high\": 0.7, \"log\": false}}"}
{"op_code":5,"worker_id":"d7817bc1-b82c-4f47-a162-0b20c1ecd192-140557790545728","trial_id":25,"param_name":"hidden_act","param_value_internal":1,"distribution":"{\"name\": \"CategoricalDistribution\", \"attributes\": {\"choices\": [\"gelu\", \"relu\", \"swish\"]}}"}
{"op_code":5,"worker_id":"d7817bc1-b82c-4f47-a162-0b20c1ecd192-140557790545728","trial_id":25,"param_name":"layer_norm_eps","param_value_internal":1,"distribution":"{\"name\": \"CategoricalDistribution\", \"attributes\": {\"choices\": [1e-12, 1e-09, 1e-06]}}"}
{"op_code":5,"worker_id":"d7817bc1-b82c-4f47-a162-0b20c1ecd192-140557790545728","trial_id":25,"param_name":"initializer_range","param_value_internal":0.03200967261838635,"distribution":"{\"name\": \"FloatDistribution\", \"attributes\": {\"step\": null, \"low\": 0.005, \"high\": 0.05, \"log\": false}}"}
{"op_code":5,"worker_id":"d7817bc1-b82c-4f47-a162-0b20c1ecd192-140557790545728","trial_id":25,"param_name":"loss_type","param_value_internal":0,"distribution":"{\"name\": \"CategoricalDistribution\", \"attributes\": {\"choices\": [\"CE\", \"BPR\"]}}"}
{"op_code":5,"worker_id":"d7817bc1-b82c-4f47-a162-0b20c1ecd192-140557790545728","trial_id":25,"param_name":"gamma","param_value_internal":0.45,"distribution":"{\"name\": \"FloatDistribution\", \"attributes\": {\"step\": 0.1, \"low\": 0.05, \"high\": 0.45, \"log\": false}}"}
{"op_code":6,"worker_id":"d7817bc1-b82c-4f47-a162-0b20c1ecd192-140557790545728","trial_id":25,"state":3,"values":null,"datetime_complete":"2026-01-18T15:17:14.616986"}
