{"op_code":0,"worker_id":"9d3c8e19-1610-445d-99eb-16b80d55a260-140452630169408","study_name":"gsau_tune_03","directions":[2]}
{"op_code":4,"worker_id":"9d3c8e19-1610-445d-99eb-16b80d55a260-140452630169408","study_id":0,"datetime_start":"2026-01-18T15:18:18.781143"}
{"op_code":5,"worker_id":"9d3c8e19-1610-445d-99eb-16b80d55a260-140452630169408","trial_id":0,"param_name":"n_layers","param_value_internal":2.0,"distribution":"{\"name\": \"IntDistribution\", \"attributes\": {\"log\": false, \"step\": 1, \"low\": 1, \"high\": 3}}"}
{"op_code":5,"worker_id":"9d3c8e19-1610-445d-99eb-16b80d55a260-140452630169408","trial_id":0,"param_name":"n_heads","param_value_internal":1,"distribution":"{\"name\": \"CategoricalDistribution\", \"attributes\": {\"choices\": [1, 2, 4, 8]}}"}
{"op_code":5,"worker_id":"9d3c8e19-1610-445d-99eb-16b80d55a260-140452630169408","trial_id":0,"param_name":"hidden_size","param_value_internal":0,"distribution":"{\"name\": \"CategoricalDistribution\", \"attributes\": {\"choices\": [32, 64, 128, 256]}}"}
{"op_code":5,"worker_id":"9d3c8e19-1610-445d-99eb-16b80d55a260-140452630169408","trial_id":0,"param_name":"inner_size","param_value_internal":2,"distribution":"{\"name\": \"CategoricalDistribution\", \"attributes\": {\"choices\": [128, 256, 512]}}"}
{"op_code":5,"worker_id":"9d3c8e19-1610-445d-99eb-16b80d55a260-140452630169408","trial_id":0,"param_name":"hidden_dropout_prob","param_value_internal":0.30000000000000004,"distribution":"{\"name\": \"FloatDistribution\", \"attributes\": {\"step\": 0.1, \"low\": 0.0, \"high\": 0.7, \"log\": false}}"}
{"op_code":5,"worker_id":"9d3c8e19-1610-445d-99eb-16b80d55a260-140452630169408","trial_id":0,"param_name":"attn_dropout_prob","param_value_internal":0.6000000000000001,"distribution":"{\"name\": \"FloatDistribution\", \"attributes\": {\"step\": 0.1, \"low\": 0.0, \"high\": 0.7, \"log\": false}}"}
{"op_code":5,"worker_id":"9d3c8e19-1610-445d-99eb-16b80d55a260-140452630169408","trial_id":0,"param_name":"hidden_act","param_value_internal":2,"distribution":"{\"name\": \"CategoricalDistribution\", \"attributes\": {\"choices\": [\"gelu\", \"relu\", \"swish\"]}}"}
{"op_code":5,"worker_id":"9d3c8e19-1610-445d-99eb-16b80d55a260-140452630169408","trial_id":0,"param_name":"layer_norm_eps","param_value_internal":1,"distribution":"{\"name\": \"CategoricalDistribution\", \"attributes\": {\"choices\": [1e-12, 1e-09, 1e-06]}}"}
{"op_code":5,"worker_id":"9d3c8e19-1610-445d-99eb-16b80d55a260-140452630169408","trial_id":0,"param_name":"initializer_range","param_value_internal":0.04732180265901207,"distribution":"{\"name\": \"FloatDistribution\", \"attributes\": {\"step\": null, \"low\": 0.005, \"high\": 0.05, \"log\": false}}"}
{"op_code":5,"worker_id":"9d3c8e19-1610-445d-99eb-16b80d55a260-140452630169408","trial_id":0,"param_name":"loss_type","param_value_internal":0,"distribution":"{\"name\": \"CategoricalDistribution\", \"attributes\": {\"choices\": [\"CE\", \"BPR\"]}}"}
{"op_code":5,"worker_id":"9d3c8e19-1610-445d-99eb-16b80d55a260-140452630169408","trial_id":0,"param_name":"gamma","param_value_internal":0.25,"distribution":"{\"name\": \"FloatDistribution\", \"attributes\": {\"step\": 0.1, \"low\": 0.05, \"high\": 0.45, \"log\": false}}"}
{"op_code":6,"worker_id":"9d3c8e19-1610-445d-99eb-16b80d55a260-140452630169408","trial_id":0,"state":3,"values":null,"datetime_complete":"2026-01-18T15:19:23.954423"}
{"op_code":0,"worker_id":"d2a5a94d-65a8-44e4-9454-8abe45289d9e-140073180718912","study_name":"gsau_tune_03","directions":[2]}
{"op_code":4,"worker_id":"d2a5a94d-65a8-44e4-9454-8abe45289d9e-140073180718912","study_id":0,"datetime_start":"2026-01-18T15:21:49.699119"}
{"op_code":5,"worker_id":"d2a5a94d-65a8-44e4-9454-8abe45289d9e-140073180718912","trial_id":1,"param_name":"n_layers","param_value_internal":2.0,"distribution":"{\"name\": \"IntDistribution\", \"attributes\": {\"log\": false, \"step\": 1, \"low\": 1, \"high\": 3}}"}
{"op_code":5,"worker_id":"d2a5a94d-65a8-44e4-9454-8abe45289d9e-140073180718912","trial_id":1,"param_name":"n_heads","param_value_internal":3,"distribution":"{\"name\": \"CategoricalDistribution\", \"attributes\": {\"choices\": [1, 2, 4, 8]}}"}
{"op_code":5,"worker_id":"d2a5a94d-65a8-44e4-9454-8abe45289d9e-140073180718912","trial_id":1,"param_name":"hidden_size","param_value_internal":3,"distribution":"{\"name\": \"CategoricalDistribution\", \"attributes\": {\"choices\": [32, 64, 128, 256]}}"}
{"op_code":5,"worker_id":"d2a5a94d-65a8-44e4-9454-8abe45289d9e-140073180718912","trial_id":1,"param_name":"inner_size","param_value_internal":0,"distribution":"{\"name\": \"CategoricalDistribution\", \"attributes\": {\"choices\": [128, 256, 512]}}"}
{"op_code":5,"worker_id":"d2a5a94d-65a8-44e4-9454-8abe45289d9e-140073180718912","trial_id":1,"param_name":"hidden_dropout_prob","param_value_internal":0.0,"distribution":"{\"name\": \"FloatDistribution\", \"attributes\": {\"step\": 0.1, \"low\": 0.0, \"high\": 0.7, \"log\": false}}"}
{"op_code":5,"worker_id":"d2a5a94d-65a8-44e4-9454-8abe45289d9e-140073180718912","trial_id":1,"param_name":"attn_dropout_prob","param_value_internal":0.0,"distribution":"{\"name\": \"FloatDistribution\", \"attributes\": {\"step\": 0.1, \"low\": 0.0, \"high\": 0.7, \"log\": false}}"}
{"op_code":5,"worker_id":"d2a5a94d-65a8-44e4-9454-8abe45289d9e-140073180718912","trial_id":1,"param_name":"hidden_act","param_value_internal":1,"distribution":"{\"name\": \"CategoricalDistribution\", \"attributes\": {\"choices\": [\"gelu\", \"relu\", \"swish\"]}}"}
{"op_code":5,"worker_id":"d2a5a94d-65a8-44e4-9454-8abe45289d9e-140073180718912","trial_id":1,"param_name":"layer_norm_eps","param_value_internal":2,"distribution":"{\"name\": \"CategoricalDistribution\", \"attributes\": {\"choices\": [1e-12, 1e-09, 1e-06]}}"}
{"op_code":5,"worker_id":"d2a5a94d-65a8-44e4-9454-8abe45289d9e-140073180718912","trial_id":1,"param_name":"initializer_range","param_value_internal":0.04405629197371089,"distribution":"{\"name\": \"FloatDistribution\", \"attributes\": {\"step\": null, \"low\": 0.005, \"high\": 0.05, \"log\": false}}"}
{"op_code":5,"worker_id":"d2a5a94d-65a8-44e4-9454-8abe45289d9e-140073180718912","trial_id":1,"param_name":"loss_type","param_value_internal":0,"distribution":"{\"name\": \"CategoricalDistribution\", \"attributes\": {\"choices\": [\"CE\", \"BPR\"]}}"}
{"op_code":5,"worker_id":"d2a5a94d-65a8-44e4-9454-8abe45289d9e-140073180718912","trial_id":1,"param_name":"gamma","param_value_internal":0.25,"distribution":"{\"name\": \"FloatDistribution\", \"attributes\": {\"step\": 0.1, \"low\": 0.05, \"high\": 0.45, \"log\": false}}"}
{"op_code":6,"worker_id":"d2a5a94d-65a8-44e4-9454-8abe45289d9e-140073180718912","trial_id":1,"state":3,"values":null,"datetime_complete":"2026-01-18T15:22:54.808467"}
{"op_code":0,"worker_id":"8f8de414-bd43-4f40-bdcf-aa9d2e1607ac-140439975143232","study_name":"gsau_tune_03","directions":[2]}
{"op_code":4,"worker_id":"8f8de414-bd43-4f40-bdcf-aa9d2e1607ac-140439975143232","study_id":0,"datetime_start":"2026-01-18T15:30:50.927182"}
{"op_code":5,"worker_id":"8f8de414-bd43-4f40-bdcf-aa9d2e1607ac-140439975143232","trial_id":2,"param_name":"n_layers","param_value_internal":2.0,"distribution":"{\"name\": \"IntDistribution\", \"attributes\": {\"log\": false, \"step\": 1, \"low\": 1, \"high\": 3}}"}
{"op_code":5,"worker_id":"8f8de414-bd43-4f40-bdcf-aa9d2e1607ac-140439975143232","trial_id":2,"param_name":"n_heads","param_value_internal":1,"distribution":"{\"name\": \"CategoricalDistribution\", \"attributes\": {\"choices\": [1, 2, 4, 8]}}"}
{"op_code":5,"worker_id":"8f8de414-bd43-4f40-bdcf-aa9d2e1607ac-140439975143232","trial_id":2,"param_name":"hidden_size","param_value_internal":1,"distribution":"{\"name\": \"CategoricalDistribution\", \"attributes\": {\"choices\": [32, 64, 128, 256]}}"}
{"op_code":5,"worker_id":"8f8de414-bd43-4f40-bdcf-aa9d2e1607ac-140439975143232","trial_id":2,"param_name":"inner_size","param_value_internal":2,"distribution":"{\"name\": \"CategoricalDistribution\", \"attributes\": {\"choices\": [128, 256, 512]}}"}
{"op_code":5,"worker_id":"8f8de414-bd43-4f40-bdcf-aa9d2e1607ac-140439975143232","trial_id":2,"param_name":"hidden_dropout_prob","param_value_internal":0.7,"distribution":"{\"name\": \"FloatDistribution\", \"attributes\": {\"step\": 0.1, \"low\": 0.0, \"high\": 0.7, \"log\": false}}"}
{"op_code":5,"worker_id":"8f8de414-bd43-4f40-bdcf-aa9d2e1607ac-140439975143232","trial_id":2,"param_name":"attn_dropout_prob","param_value_internal":0.0,"distribution":"{\"name\": \"FloatDistribution\", \"attributes\": {\"step\": 0.1, \"low\": 0.0, \"high\": 0.7, \"log\": false}}"}
{"op_code":5,"worker_id":"8f8de414-bd43-4f40-bdcf-aa9d2e1607ac-140439975143232","trial_id":2,"param_name":"hidden_act","param_value_internal":1,"distribution":"{\"name\": \"CategoricalDistribution\", \"attributes\": {\"choices\": [\"gelu\", \"relu\", \"swish\"]}}"}
{"op_code":5,"worker_id":"8f8de414-bd43-4f40-bdcf-aa9d2e1607ac-140439975143232","trial_id":2,"param_name":"layer_norm_eps","param_value_internal":1,"distribution":"{\"name\": \"CategoricalDistribution\", \"attributes\": {\"choices\": [1e-12, 1e-09, 1e-06]}}"}
{"op_code":5,"worker_id":"8f8de414-bd43-4f40-bdcf-aa9d2e1607ac-140439975143232","trial_id":2,"param_name":"initializer_range","param_value_internal":0.016484452836341132,"distribution":"{\"name\": \"FloatDistribution\", \"attributes\": {\"step\": null, \"low\": 0.005, \"high\": 0.05, \"log\": false}}"}
{"op_code":5,"worker_id":"8f8de414-bd43-4f40-bdcf-aa9d2e1607ac-140439975143232","trial_id":2,"param_name":"loss_type","param_value_internal":1,"distribution":"{\"name\": \"CategoricalDistribution\", \"attributes\": {\"choices\": [\"CE\", \"BPR\"]}}"}
{"op_code":5,"worker_id":"8f8de414-bd43-4f40-bdcf-aa9d2e1607ac-140439975143232","trial_id":2,"param_name":"gamma","param_value_internal":0.15000000000000002,"distribution":"{\"name\": \"FloatDistribution\", \"attributes\": {\"step\": 0.1, \"low\": 0.05, \"high\": 0.45, \"log\": false}}"}
{"op_code":6,"worker_id":"8f8de414-bd43-4f40-bdcf-aa9d2e1607ac-140439975143232","trial_id":2,"state":3,"values":null,"datetime_complete":"2026-01-18T15:31:55.918563"}
{"op_code":0,"worker_id":"55cc8833-6f58-4e18-9787-d43270acba0f-139754916476736","study_name":"gsau_tune_03","directions":[2]}
{"op_code":4,"worker_id":"55cc8833-6f58-4e18-9787-d43270acba0f-139754916476736","study_id":0,"datetime_start":"2026-01-18T15:33:59.337854"}
{"op_code":5,"worker_id":"55cc8833-6f58-4e18-9787-d43270acba0f-139754916476736","trial_id":3,"param_name":"n_layers","param_value_internal":2.0,"distribution":"{\"name\": \"IntDistribution\", \"attributes\": {\"log\": false, \"step\": 1, \"low\": 1, \"high\": 3}}"}
{"op_code":5,"worker_id":"55cc8833-6f58-4e18-9787-d43270acba0f-139754916476736","trial_id":3,"param_name":"n_heads","param_value_internal":3,"distribution":"{\"name\": \"CategoricalDistribution\", \"attributes\": {\"choices\": [1, 2, 4, 8]}}"}
{"op_code":5,"worker_id":"55cc8833-6f58-4e18-9787-d43270acba0f-139754916476736","trial_id":3,"param_name":"hidden_size","param_value_internal":0,"distribution":"{\"name\": \"CategoricalDistribution\", \"attributes\": {\"choices\": [32, 64, 128, 256]}}"}
{"op_code":5,"worker_id":"55cc8833-6f58-4e18-9787-d43270acba0f-139754916476736","trial_id":3,"param_name":"inner_size","param_value_internal":2,"distribution":"{\"name\": \"CategoricalDistribution\", \"attributes\": {\"choices\": [128, 256, 512]}}"}
{"op_code":5,"worker_id":"55cc8833-6f58-4e18-9787-d43270acba0f-139754916476736","trial_id":3,"param_name":"hidden_dropout_prob","param_value_internal":0.1,"distribution":"{\"name\": \"FloatDistribution\", \"attributes\": {\"step\": 0.1, \"low\": 0.0, \"high\": 0.7, \"log\": false}}"}
{"op_code":5,"worker_id":"55cc8833-6f58-4e18-9787-d43270acba0f-139754916476736","trial_id":3,"param_name":"attn_dropout_prob","param_value_internal":0.0,"distribution":"{\"name\": \"FloatDistribution\", \"attributes\": {\"step\": 0.1, \"low\": 0.0, \"high\": 0.7, \"log\": false}}"}
{"op_code":5,"worker_id":"55cc8833-6f58-4e18-9787-d43270acba0f-139754916476736","trial_id":3,"param_name":"hidden_act","param_value_internal":1,"distribution":"{\"name\": \"CategoricalDistribution\", \"attributes\": {\"choices\": [\"gelu\", \"relu\", \"swish\"]}}"}
{"op_code":5,"worker_id":"55cc8833-6f58-4e18-9787-d43270acba0f-139754916476736","trial_id":3,"param_name":"layer_norm_eps","param_value_internal":0,"distribution":"{\"name\": \"CategoricalDistribution\", \"attributes\": {\"choices\": [1e-12, 1e-09, 1e-06]}}"}
{"op_code":5,"worker_id":"55cc8833-6f58-4e18-9787-d43270acba0f-139754916476736","trial_id":3,"param_name":"initializer_range","param_value_internal":0.009825567361566843,"distribution":"{\"name\": \"FloatDistribution\", \"attributes\": {\"step\": null, \"low\": 0.005, \"high\": 0.05, \"log\": false}}"}
{"op_code":5,"worker_id":"55cc8833-6f58-4e18-9787-d43270acba0f-139754916476736","trial_id":3,"param_name":"loss_type","param_value_internal":0,"distribution":"{\"name\": \"CategoricalDistribution\", \"attributes\": {\"choices\": [\"CE\", \"BPR\"]}}"}
{"op_code":5,"worker_id":"55cc8833-6f58-4e18-9787-d43270acba0f-139754916476736","trial_id":3,"param_name":"gamma","param_value_internal":0.35000000000000003,"distribution":"{\"name\": \"FloatDistribution\", \"attributes\": {\"step\": 0.1, \"low\": 0.05, \"high\": 0.45, \"log\": false}}"}
{"op_code":6,"worker_id":"55cc8833-6f58-4e18-9787-d43270acba0f-139754916476736","trial_id":3,"state":3,"values":null,"datetime_complete":"2026-01-18T15:35:04.557961"}
{"op_code":0,"worker_id":"8dfbc0b3-24c0-4e9a-9767-21d92ebaeb57-139949121820480","study_name":"gsau_tune_03","directions":[2]}
{"op_code":4,"worker_id":"8dfbc0b3-24c0-4e9a-9767-21d92ebaeb57-139949121820480","study_id":0,"datetime_start":"2026-01-18T15:36:59.872032"}
{"op_code":5,"worker_id":"8dfbc0b3-24c0-4e9a-9767-21d92ebaeb57-139949121820480","trial_id":4,"param_name":"n_layers","param_value_internal":1.0,"distribution":"{\"name\": \"IntDistribution\", \"attributes\": {\"log\": false, \"step\": 1, \"low\": 1, \"high\": 3}}"}
{"op_code":5,"worker_id":"8dfbc0b3-24c0-4e9a-9767-21d92ebaeb57-139949121820480","trial_id":4,"param_name":"n_heads","param_value_internal":3,"distribution":"{\"name\": \"CategoricalDistribution\", \"attributes\": {\"choices\": [1, 2, 4, 8]}}"}
{"op_code":5,"worker_id":"8dfbc0b3-24c0-4e9a-9767-21d92ebaeb57-139949121820480","trial_id":4,"param_name":"hidden_size","param_value_internal":1,"distribution":"{\"name\": \"CategoricalDistribution\", \"attributes\": {\"choices\": [32, 64, 128, 256]}}"}
{"op_code":5,"worker_id":"8dfbc0b3-24c0-4e9a-9767-21d92ebaeb57-139949121820480","trial_id":4,"param_name":"inner_size","param_value_internal":1,"distribution":"{\"name\": \"CategoricalDistribution\", \"attributes\": {\"choices\": [128, 256, 512]}}"}
{"op_code":5,"worker_id":"8dfbc0b3-24c0-4e9a-9767-21d92ebaeb57-139949121820480","trial_id":4,"param_name":"hidden_dropout_prob","param_value_internal":0.5,"distribution":"{\"name\": \"FloatDistribution\", \"attributes\": {\"step\": 0.1, \"low\": 0.0, \"high\": 0.7, \"log\": false}}"}
{"op_code":5,"worker_id":"8dfbc0b3-24c0-4e9a-9767-21d92ebaeb57-139949121820480","trial_id":4,"param_name":"attn_dropout_prob","param_value_internal":0.5,"distribution":"{\"name\": \"FloatDistribution\", \"attributes\": {\"step\": 0.1, \"low\": 0.0, \"high\": 0.7, \"log\": false}}"}
{"op_code":5,"worker_id":"8dfbc0b3-24c0-4e9a-9767-21d92ebaeb57-139949121820480","trial_id":4,"param_name":"hidden_act","param_value_internal":2,"distribution":"{\"name\": \"CategoricalDistribution\", \"attributes\": {\"choices\": [\"gelu\", \"relu\", \"swish\"]}}"}
{"op_code":5,"worker_id":"8dfbc0b3-24c0-4e9a-9767-21d92ebaeb57-139949121820480","trial_id":4,"param_name":"layer_norm_eps","param_value_internal":1,"distribution":"{\"name\": \"CategoricalDistribution\", \"attributes\": {\"choices\": [1e-12, 1e-09, 1e-06]}}"}
{"op_code":5,"worker_id":"8dfbc0b3-24c0-4e9a-9767-21d92ebaeb57-139949121820480","trial_id":4,"param_name":"initializer_range","param_value_internal":0.035249473687865136,"distribution":"{\"name\": \"FloatDistribution\", \"attributes\": {\"step\": null, \"low\": 0.005, \"high\": 0.05, \"log\": false}}"}
{"op_code":5,"worker_id":"8dfbc0b3-24c0-4e9a-9767-21d92ebaeb57-139949121820480","trial_id":4,"param_name":"loss_type","param_value_internal":1,"distribution":"{\"name\": \"CategoricalDistribution\", \"attributes\": {\"choices\": [\"CE\", \"BPR\"]}}"}
{"op_code":5,"worker_id":"8dfbc0b3-24c0-4e9a-9767-21d92ebaeb57-139949121820480","trial_id":4,"param_name":"gamma","param_value_internal":0.15000000000000002,"distribution":"{\"name\": \"FloatDistribution\", \"attributes\": {\"step\": 0.1, \"low\": 0.05, \"high\": 0.45, \"log\": false}}"}
{"op_code":8,"worker_id":"8dfbc0b3-24c0-4e9a-9767-21d92ebaeb57-139949121820480","trial_id":4,"user_attr":{"best_valid_score":0.001}}
{"op_code":8,"worker_id":"8dfbc0b3-24c0-4e9a-9767-21d92ebaeb57-139949121820480","trial_id":4,"user_attr":{"best_valid_result":{"recall@10":0.0024,"recall@100":0.0179,"mrr@10":0.0006,"mrr@100":0.001,"ndcg@10":0.001,"ndcg@100":0.0039,"precision@10":0.0002,"precision@100":0.0002}}}
{"op_code":8,"worker_id":"8dfbc0b3-24c0-4e9a-9767-21d92ebaeb57-139949121820480","trial_id":4,"user_attr":{"test_result":{"recall@10":0.0023,"recall@100":0.0182,"mrr@10":0.0006,"mrr@100":0.001,"ndcg@10":0.001,"ndcg@100":0.004,"precision@10":0.0002,"precision@100":0.0002}}}
{"op_code":6,"worker_id":"8dfbc0b3-24c0-4e9a-9767-21d92ebaeb57-139949121820480","trial_id":4,"state":1,"values":[0.001],"datetime_complete":"2026-01-18T15:38:36.910508"}
{"op_code":4,"worker_id":"8dfbc0b3-24c0-4e9a-9767-21d92ebaeb57-139949121820480","study_id":0,"datetime_start":"2026-01-18T15:38:36.911779"}
{"op_code":5,"worker_id":"8dfbc0b3-24c0-4e9a-9767-21d92ebaeb57-139949121820480","trial_id":5,"param_name":"n_layers","param_value_internal":1.0,"distribution":"{\"name\": \"IntDistribution\", \"attributes\": {\"log\": false, \"step\": 1, \"low\": 1, \"high\": 3}}"}
{"op_code":5,"worker_id":"8dfbc0b3-24c0-4e9a-9767-21d92ebaeb57-139949121820480","trial_id":5,"param_name":"n_heads","param_value_internal":1,"distribution":"{\"name\": \"CategoricalDistribution\", \"attributes\": {\"choices\": [1, 2, 4, 8]}}"}
{"op_code":5,"worker_id":"8dfbc0b3-24c0-4e9a-9767-21d92ebaeb57-139949121820480","trial_id":5,"param_name":"hidden_size","param_value_internal":0,"distribution":"{\"name\": \"CategoricalDistribution\", \"attributes\": {\"choices\": [32, 64, 128, 256]}}"}
{"op_code":5,"worker_id":"8dfbc0b3-24c0-4e9a-9767-21d92ebaeb57-139949121820480","trial_id":5,"param_name":"inner_size","param_value_internal":2,"distribution":"{\"name\": \"CategoricalDistribution\", \"attributes\": {\"choices\": [128, 256, 512]}}"}
{"op_code":5,"worker_id":"8dfbc0b3-24c0-4e9a-9767-21d92ebaeb57-139949121820480","trial_id":5,"param_name":"hidden_dropout_prob","param_value_internal":0.2,"distribution":"{\"name\": \"FloatDistribution\", \"attributes\": {\"step\": 0.1, \"low\": 0.0, \"high\": 0.7, \"log\": false}}"}
{"op_code":5,"worker_id":"8dfbc0b3-24c0-4e9a-9767-21d92ebaeb57-139949121820480","trial_id":5,"param_name":"attn_dropout_prob","param_value_internal":0.5,"distribution":"{\"name\": \"FloatDistribution\", \"attributes\": {\"step\": 0.1, \"low\": 0.0, \"high\": 0.7, \"log\": false}}"}
{"op_code":5,"worker_id":"8dfbc0b3-24c0-4e9a-9767-21d92ebaeb57-139949121820480","trial_id":5,"param_name":"hidden_act","param_value_internal":0,"distribution":"{\"name\": \"CategoricalDistribution\", \"attributes\": {\"choices\": [\"gelu\", \"relu\", \"swish\"]}}"}
{"op_code":5,"worker_id":"8dfbc0b3-24c0-4e9a-9767-21d92ebaeb57-139949121820480","trial_id":5,"param_name":"layer_norm_eps","param_value_internal":1,"distribution":"{\"name\": \"CategoricalDistribution\", \"attributes\": {\"choices\": [1e-12, 1e-09, 1e-06]}}"}
{"op_code":5,"worker_id":"8dfbc0b3-24c0-4e9a-9767-21d92ebaeb57-139949121820480","trial_id":5,"param_name":"initializer_range","param_value_internal":0.027389496382369115,"distribution":"{\"name\": \"FloatDistribution\", \"attributes\": {\"step\": null, \"low\": 0.005, \"high\": 0.05, \"log\": false}}"}
{"op_code":5,"worker_id":"8dfbc0b3-24c0-4e9a-9767-21d92ebaeb57-139949121820480","trial_id":5,"param_name":"loss_type","param_value_internal":0,"distribution":"{\"name\": \"CategoricalDistribution\", \"attributes\": {\"choices\": [\"CE\", \"BPR\"]}}"}
{"op_code":5,"worker_id":"8dfbc0b3-24c0-4e9a-9767-21d92ebaeb57-139949121820480","trial_id":5,"param_name":"gamma","param_value_internal":0.05,"distribution":"{\"name\": \"FloatDistribution\", \"attributes\": {\"step\": 0.1, \"low\": 0.05, \"high\": 0.45, \"log\": false}}"}
{"op_code":8,"worker_id":"8dfbc0b3-24c0-4e9a-9767-21d92ebaeb57-139949121820480","trial_id":5,"user_attr":{"best_valid_score":0.0022}}
{"op_code":8,"worker_id":"8dfbc0b3-24c0-4e9a-9767-21d92ebaeb57-139949121820480","trial_id":5,"user_attr":{"best_valid_result":{"recall@10":0.0049,"recall@100":0.0405,"mrr@10":0.0014,"mrr@100":0.0023,"ndcg@10":0.0022,"ndcg@100":0.0088,"precision@10":0.0005,"precision@100":0.0004}}}
{"op_code":8,"worker_id":"8dfbc0b3-24c0-4e9a-9767-21d92ebaeb57-139949121820480","trial_id":5,"user_attr":{"test_result":{"recall@10":0.0045,"recall@100":0.0384,"mrr@10":0.0013,"mrr@100":0.0022,"ndcg@10":0.002,"ndcg@100":0.0083,"precision@10":0.0005,"precision@100":0.0004}}}
{"op_code":6,"worker_id":"8dfbc0b3-24c0-4e9a-9767-21d92ebaeb57-139949121820480","trial_id":5,"state":1,"values":[0.0022],"datetime_complete":"2026-01-18T15:40:12.784495"}
{"op_code":4,"worker_id":"8dfbc0b3-24c0-4e9a-9767-21d92ebaeb57-139949121820480","study_id":0,"datetime_start":"2026-01-18T15:40:12.785750"}
{"op_code":5,"worker_id":"8dfbc0b3-24c0-4e9a-9767-21d92ebaeb57-139949121820480","trial_id":6,"param_name":"n_layers","param_value_internal":3.0,"distribution":"{\"name\": \"IntDistribution\", \"attributes\": {\"log\": false, \"step\": 1, \"low\": 1, \"high\": 3}}"}
{"op_code":5,"worker_id":"8dfbc0b3-24c0-4e9a-9767-21d92ebaeb57-139949121820480","trial_id":6,"param_name":"n_heads","param_value_internal":3,"distribution":"{\"name\": \"CategoricalDistribution\", \"attributes\": {\"choices\": [1, 2, 4, 8]}}"}
{"op_code":5,"worker_id":"8dfbc0b3-24c0-4e9a-9767-21d92ebaeb57-139949121820480","trial_id":6,"param_name":"hidden_size","param_value_internal":2,"distribution":"{\"name\": \"CategoricalDistribution\", \"attributes\": {\"choices\": [32, 64, 128, 256]}}"}
{"op_code":5,"worker_id":"8dfbc0b3-24c0-4e9a-9767-21d92ebaeb57-139949121820480","trial_id":6,"param_name":"inner_size","param_value_internal":2,"distribution":"{\"name\": \"CategoricalDistribution\", \"attributes\": {\"choices\": [128, 256, 512]}}"}
{"op_code":5,"worker_id":"8dfbc0b3-24c0-4e9a-9767-21d92ebaeb57-139949121820480","trial_id":6,"param_name":"hidden_dropout_prob","param_value_internal":0.2,"distribution":"{\"name\": \"FloatDistribution\", \"attributes\": {\"step\": 0.1, \"low\": 0.0, \"high\": 0.7, \"log\": false}}"}
{"op_code":5,"worker_id":"8dfbc0b3-24c0-4e9a-9767-21d92ebaeb57-139949121820480","trial_id":6,"param_name":"attn_dropout_prob","param_value_internal":0.2,"distribution":"{\"name\": \"FloatDistribution\", \"attributes\": {\"step\": 0.1, \"low\": 0.0, \"high\": 0.7, \"log\": false}}"}
{"op_code":5,"worker_id":"8dfbc0b3-24c0-4e9a-9767-21d92ebaeb57-139949121820480","trial_id":6,"param_name":"hidden_act","param_value_internal":1,"distribution":"{\"name\": \"CategoricalDistribution\", \"attributes\": {\"choices\": [\"gelu\", \"relu\", \"swish\"]}}"}
{"op_code":5,"worker_id":"8dfbc0b3-24c0-4e9a-9767-21d92ebaeb57-139949121820480","trial_id":6,"param_name":"layer_norm_eps","param_value_internal":1,"distribution":"{\"name\": \"CategoricalDistribution\", \"attributes\": {\"choices\": [1e-12, 1e-09, 1e-06]}}"}
{"op_code":5,"worker_id":"8dfbc0b3-24c0-4e9a-9767-21d92ebaeb57-139949121820480","trial_id":6,"param_name":"initializer_range","param_value_internal":0.028274978391197938,"distribution":"{\"name\": \"FloatDistribution\", \"attributes\": {\"step\": null, \"low\": 0.005, \"high\": 0.05, \"log\": false}}"}
{"op_code":5,"worker_id":"8dfbc0b3-24c0-4e9a-9767-21d92ebaeb57-139949121820480","trial_id":6,"param_name":"loss_type","param_value_internal":1,"distribution":"{\"name\": \"CategoricalDistribution\", \"attributes\": {\"choices\": [\"CE\", \"BPR\"]}}"}
{"op_code":5,"worker_id":"8dfbc0b3-24c0-4e9a-9767-21d92ebaeb57-139949121820480","trial_id":6,"param_name":"gamma","param_value_internal":0.45,"distribution":"{\"name\": \"FloatDistribution\", \"attributes\": {\"step\": 0.1, \"low\": 0.05, \"high\": 0.45, \"log\": false}}"}
{"op_code":6,"worker_id":"8dfbc0b3-24c0-4e9a-9767-21d92ebaeb57-139949121820480","trial_id":6,"state":3,"values":null,"datetime_complete":"2026-01-18T15:40:16.624261"}
